finalize start 2026-09-29T16:11:11
[5minute] 468 online rows, 13 comparator rows
[5minute] finalist ('context', 'logts'): e24ac736ebbfa6d5 kept_pf 0.942 diff 779.87 ctrl 85.2 row_pass False
[5minute] finalist ('context', 'lints'): 26e4d18d50b7ee01 kept_pf 0.926 diff 646.62 ctrl 0.1 row_pass False
[5minute] finalist ('full', 'logts'): 4d0b2708b7798f80 kept_pf 0.718 diff 410.88 ctrl 61.4 row_pass False
[5minute] finalist ('full', 'lints'): e53061ce54722fbc kept_pf 0.698 diff 292.76 ctrl 85.8 row_pass False
[5minute] finalist ('context', 'hgb_cls'): 8c50ca7ee6910430 kept_pf 0.688 diff 197.96 ctrl 14.8 row_pass False
[5minute] finalist ('context', 'hgb_reg'): 2c148b95f5668db2 kept_pf 0.686 diff 150.54 ctrl 4.6 row_pass False
  null tapes for e24ac736ebbfa6d5 (online/context/logts/k10/300/net, explore 0.0, seed 0)
    tape gmm_0        n   973 kept 0.0617 diff   -543.57 (2s)
    tape gmm_1        n  1099 kept 0.0464 diff     91.04 (2s)
    tape gmm_2        n  1014 kept 0.0523 diff    -121.5 (2s)
    tape gmm_3        n   988 kept 0.0415 diff   -686.65 (2s)
    tape gmm_4        n  1050 kept 0.0581 diff    911.09 (1s)
    tape gmm_5        n  1106 kept 0.0678 diff   -244.02 (1s)
    tape gmm_7        n  1100 kept 0.0345 diff  -1278.18 (2s)
    tape gmm_8        n  1107 kept 0.0497 diff    -562.7 (2s)
    tape gmm_9        n   929 kept 0.0807 diff    169.59 (1s)
    tape gmm_10       n   917 kept 0.0469 diff   -192.43 (1s)
    tape gmm_11       n   988 kept 0.0415 diff    353.49 (1s)
    tape gmm_12       n  1116 kept 0.0995 diff    601.41 (2s)
    tape gmm_15       n  1161 kept 0.0956 diff    429.77 (1s)
    tape gmm_17       n  1211 kept 0.0793 diff   -136.54 (2s)
    tape gmm_21       n   992 kept 0.0817 diff    -41.96 (1s)
    tape gmm_22       n  1061 kept 0.0575 diff   -228.52 (2s)
    tape gmm_23       n  1034 kept 0.0928 diff   -235.74 (2s)
    tape gmm_24       n  1056 kept 0.0559 diff   -152.61 (1s)
    tape gmm_25       n  1105 kept 0.0742 diff   -557.49 (1s)
    tape gmm_26       n  1094 kept  0.032 diff   -269.26 (2s)
    tape segment_0    n  1042 kept 0.0355 diff   -171.78 (2s)
    tape segment_1    n   983 kept 0.0529 diff    452.89 (1s)
    tape segment_2    n   866 kept 0.2044 diff    279.64 (1s)
    tape segment_4    n  1098 kept 0.0811 diff    -67.51 (2s)
    tape segment_5    n   948 kept 0.1561 diff     48.53 (1s)
    tape segment_6    n   884 kept 0.0509 diff   -408.45 (1s)
    tape segment_8    n  1100 kept 0.0909 diff    255.55 (1s)
    tape segment_10   n  1028 kept 0.0545 diff    187.24 (1s)
    tape segment_11   n   939 kept 0.0415 diff   -240.95 (1s)
    tape segment_12   n   872 kept 0.0872 diff     185.1 (1s)
    tape segment_13   n   803 kept 0.2142 diff    449.55 (1s)
    tape segment_14   n   875 kept 0.0583 diff   -104.92 (1s)
    tape segment_15   n   899 kept  0.119 diff    485.32 (1s)
    tape segment_17   n   889 kept 0.1384 diff     28.77 (1s)
    tape segment_18   n  1081 kept 0.0722 diff   -406.74 (2s)
    tape segment_19   n   953 kept 0.0546 diff     223.9 (1s)
    tape segment_20   n   851 kept 0.1246 diff    -43.58 (1s)
    tape segment_21   n   920 kept 0.1402 diff   -197.01 (1s)
    tape segment_22   n   915 kept 0.1038 diff    628.73 (1s)
    tape segment_23   n   778 kept 0.0733 diff    325.16 (1s)
    tape session_1    n   952 kept 0.1324 diff   -635.24 (1s)
    tape session_4    n   770 kept 0.0597 diff  -1139.37 (1s)
    tape session_8    n  1042 kept 0.0441 diff   -394.62 (1s)
    tape session_9    n   957 kept 0.1275 diff   -457.96 (1s)
    tape session_10   n   956 kept 0.1255 diff    405.25 (1s)
    tape session_11   n   964 kept 0.0861 diff     61.17 (1s)
    tape session_12   n  1012 kept 0.1265 diff   -398.12 (1s)
    tape session_14   n   900 kept 0.1478 diff    237.69 (1s)
    tape session_15   n   939 kept 0.1225 diff   1081.23 (1s)
    tape session_19   n   824 kept 0.0837 diff   -492.62 (1s)
    tape session_21   n  1002 kept 0.2784 diff    527.25 (1s)
    tape session_23   n   727 kept  0.282 diff     95.24 (1s)
    tape session_24   n   869 kept 0.1001 diff    184.95 (1s)
    tape session_25   n   803 kept 0.1133 diff    672.29 (1s)
    tape session_26   n   899 kept 0.1346 diff   -270.38 (1s)
    tape session_29   n   988 kept 0.1103 diff   -511.91 (1s)
    tape session_30   n   911 kept  0.067 diff  -1508.84 (1s)
    tape session_32   n   759 kept 0.2306 diff    172.86 (1s)
    tape session_33   n   770 kept 0.1558 diff    386.41 (1s)
    tape session_34   n   962 kept 0.0343 diff   -211.88 (1s)
[5minute] full go/no-go e24ac736ebbfa6d5: passed False; failing ['kept_share>=20%', 'kept_mean_slip8>0', 'sign_blocks>=8/12', 'control_pct>=95', 'pbo<=0.2', 'dsr_p<0.1', 'spa_p<=0.10', 'null_tape:session_same_sign>=0.75']
  null tapes for 4d0b2708b7798f80 (online/full/logts/k10/anchored/net, explore 0.3, seed 4)
    tape gmm_0        n   973 kept 0.5139 diff    -146.5 (24s)
    tape gmm_1        n  1099 kept 0.5132 diff   -236.95 (30s)
    tape gmm_2        n  1014 kept 0.5158 diff   -162.21 (24s)
    tape gmm_3        n   988 kept 0.5142 diff    358.03 (24s)
    tape gmm_4        n  1050 kept 0.5143 diff   -232.16 (26s)
    tape gmm_5        n  1106 kept 0.5163 diff    114.45 (28s)
    tape gmm_7        n  1100 kept 0.5091 diff    -14.75 (26s)
    tape gmm_8        n  1107 kept 0.5113 diff    332.15 (26s)
    tape gmm_9        n   929 kept 0.5113 diff   -545.44 (21s)
    tape gmm_10       n   917 kept 0.5202 diff     45.63 (21s)
    tape gmm_11       n   988 kept 0.5142 diff   -427.11 (25s)
    tape gmm_12       n  1116 kept 0.5134 diff      3.42 (30s)
    tape gmm_15       n  1161 kept 0.5168 diff   -181.53 (40s)
    tape gmm_17       n  1211 kept 0.5136 diff    -73.76 (42s)
    tape gmm_21       n   992 kept 0.5151 diff   -133.76 (34s)
    tape gmm_22       n  1061 kept 0.5174 diff    261.73 (28s)
    tape gmm_23       n  1034 kept 0.5126 diff   -356.19 (24s)
    tape gmm_24       n  1056 kept 0.5114 diff   -131.32 (29s)
    tape gmm_25       n  1105 kept 0.5113 diff     10.66 (30s)
    tape gmm_26       n  1094 kept 0.5155 diff   -302.74 (30s)
    tape segment_0    n  1042 kept 0.5096 diff    409.07 (32s)
    tape segment_1    n   983 kept 0.5107 diff    316.92 (33s)
    tape segment_2    n   866 kept 0.5069 diff   -198.57 (27s)
    tape segment_4    n  1098 kept 0.5173 diff   -499.41 (33s)
    tape segment_5    n   948 kept 0.5169 diff   -163.87 (22s)
    tape segment_6    n   884 kept 0.5136 diff    284.38 (22s)
    tape segment_8    n  1100 kept 0.5182 diff    575.13 (29s)
    tape segment_10   n  1028 kept 0.5136 diff   -126.34 (25s)
    tape segment_11   n   939 kept 0.5112 diff   -250.19 (22s)
    tape segment_12   n   872 kept 0.5183 diff    403.22 (18s)
    tape segment_13   n   803 kept 0.5131 diff   -251.47 (16s)
    tape segment_14   n   875 kept   0.52 diff    584.84 (18s)
    tape segment_15   n   899 kept 0.5128 diff    -87.59 (18s)
    tape segment_17   n   889 kept 0.5163 diff    -71.42 (21s)
    tape segment_18   n  1081 kept 0.5097 diff   -507.76 (26s)
    tape segment_19   n   953 kept 0.5026 diff   -354.59 (25s)
    tape segment_20   n   851 kept 0.5182 diff     28.65 (20s)
    tape segment_21   n   920 kept 0.5109 diff   -104.47 (22s)
    tape segment_22   n   915 kept 0.5191 diff     71.78 (21s)
    tape segment_23   n   778 kept 0.5193 diff    -174.3 (16s)
    tape session_1    n   952 kept 0.5168 diff    -38.55 (24s)
    tape session_4    n   770 kept 0.5026 diff   -131.04 (15s)
    tape session_8    n  1042 kept 0.5182 diff    759.13 (26s)
    tape session_9    n   957 kept  0.512 diff   -109.47 (24s)
    tape session_10   n   956 kept 0.5188 diff     35.83 (22s)
    tape session_11   n   964 kept 0.5114 diff   -337.32 (24s)
    tape session_12   n  1012 kept 0.5138 diff   -707.51 (27s)
    tape session_14   n   900 kept 0.5222 diff    169.69 (21s)
    tape session_15   n   939 kept 0.5208 diff    162.54 (22s)
    tape session_19   n   824 kept 0.5182 diff    419.59 (17s)
    tape session_21   n  1002 kept  0.518 diff    178.79 (22s)
    tape session_23   n   727 kept 0.5227 diff   -294.21 (16s)
    tape session_24   n   869 kept 0.5167 diff    155.64 (20s)
    tape session_25   n   803 kept  0.523 diff    137.62 (18s)
    tape session_26   n   899 kept 0.5117 diff    313.67 (19s)
    tape session_29   n   988 kept 0.5142 diff   -132.52 (22s)
    tape session_30   n   911 kept 0.5148 diff   -205.25 (19s)
    tape session_32   n   759 kept 0.5138 diff    -69.84 (18s)
    tape session_33   n   770 kept 0.5195 diff    387.87 (12s)
    tape session_34   n   962 kept 0.5187 diff    -63.33 (16s)
[5minute] full go/no-go 4d0b2708b7798f80: passed False; failing ['kept_mean_slip8>0', 'control_pct>=95', 'pbo<=0.2', 'dsr_p<0.1', 'spa_p<=0.10', 'boot_ci_excludes_0', 'null_tape:real_diff>segment_p95', 'null_tape:session_same_sign>=0.75']
[5minute] null result: no row passes the row-level items
finalize done 2026-09-29T16:20:27; ledger sha 38364f697ec3ca6b
finalize start 2026-09-29T17:37:41
[minute] 468 online rows, 4 comparator rows
[minute] finalist ('context', 'lints'): 19f7ff81224bafa0 kept_pf 1.077 diff 1139.37 ctrl 0.1 row_pass False
[minute] finalist ('context', 'logts'): 5c797e3cc7ae4435 kept_pf 1.073 diff 1153.51 ctrl 0.0 row_pass False
[minute] finalist ('full', 'lints'): 750d04b5a33f2dd4 kept_pf 0.522 diff 337.39 ctrl 27.4 row_pass False
[minute] finalist ('context', 'hgb_reg'): 4088c72f7461afba kept_pf 0.412 diff 110.92 ctrl 0.0 row_pass False
[minute] finalist ('context', 'hgb_cls'): f7bf12c9755185ff kept_pf 0.376 diff 35.98 ctrl 0.1 row_pass False
[minute] finalist ('full', 'logts'): ee3bb53f8c7251b8 kept_pf 0.344 diff 101.29 ctrl 81.2 row_pass False
  null tapes for 19f7ff81224bafa0 (online/context/lints/k1/1000/pf, explore 0.3, seed 1)
    tape gmm_0        n  1650 kept 0.0188 diff    -100.6 (2s)
    tape gmm_1        n  1578 kept 0.0196 diff   -336.81 (2s)
    tape gmm_2        n  1403 kept 0.0278 diff    142.78 (2s)
    tape gmm_3        n  1244 kept  0.037 diff   -400.97 (1s)
    tape gmm_4        n  1470 kept 0.0265 diff    140.35 (2s)
    tape gmm_5        n  1312 kept 0.0267 diff   -124.01 (2s)
    tape gmm_6        n  1500 kept  0.028 diff   -189.63 (2s)
    tape gmm_7        n  1338 kept 0.0247 diff    256.35 (2s)
    tape segment_0    n   613 kept 0.0522 diff   -837.14 (0s)
    tape segment_1    n  1245 kept 0.0297 diff    -76.95 (1s)
    tape segment_2    n   951 kept 0.0715 diff    875.57 (1s)
    tape segment_4    n  1316 kept 0.0236 diff   -113.84 (1s)
    tape segment_5    n  1284 kept 0.0265 diff      99.6 (1s)
    tape segment_6    n  1008 kept 0.0317 diff    -51.22 (1s)
    tape segment_7    n  1243 kept 0.0265 diff   -265.01 (1s)
    tape segment_8    n   917 kept 0.0414 diff    377.78 (1s)
    tape session_0    n  1101 kept 0.0318 diff    -67.67 (1s)
    tape session_1    n  1332 kept  0.024 diff   -264.99 (2s)
    tape session_2    n  1130 kept 0.0292 diff   -255.78 (1s)
    tape session_4    n   840 kept 0.0512 diff    -47.99 (1s)
    tape session_5    n  1445 kept 0.0208 diff    -304.2 (2s)
    tape session_6    n   962 kept 0.0416 diff   -276.89 (1s)
    tape session_7    n   937 kept 0.0448 diff    306.39 (1s)
    tape session_9    n  1092 kept 0.0293 diff     92.92 (1s)
[minute] full go/no-go 19f7ff81224bafa0: passed False; failing ['kept_share>=20%', 'kept_n>=300', 'kept_mean_slip8>0', 'sign_blocks>=8/12', 'control_pct>=95', 'pbo<=0.2', 'dsr_p<0.1', 'spa_p<=0.10', 'null_tape:session_same_sign>=0.75']
  null tapes for 750d04b5a33f2dd4 (online/full/lints/k50/anchored/pf, explore 0.3, seed 4)
    tape gmm_0        n  1650 kept 0.1915 diff     26.85 (2s)
    tape gmm_1        n  1578 kept  0.154 diff   -136.67 (2s)
    tape gmm_2        n  1403 kept 0.1896 diff    -61.19 (2s)
    tape gmm_3        n  1244 kept 0.2613 diff    102.92 (2s)
    tape gmm_4        n  1470 kept 0.1864 diff   -178.82 (2s)
    tape gmm_5        n  1312 kept 0.2073 diff   -101.47 (2s)
    tape gmm_6        n  1500 kept 0.2293 diff    -14.74 (2s)
    tape gmm_7        n  1338 kept 0.1951 diff     -13.6 (2s)
    tape segment_0    n   613 kept 0.3703 diff   -232.72 (1s)
    tape segment_1    n  1245 kept 0.1944 diff    -93.35 (2s)
    tape segment_2    n   951 kept 0.3028 diff    260.78 (1s)
    tape segment_4    n  1316 kept 0.1922 diff   -113.53 (2s)
    tape segment_5    n  1284 kept 0.2142 diff    364.45 (2s)
    tape segment_6    n  1008 kept  0.251 diff   -146.01 (1s)
    tape segment_7    n  1243 kept 0.2293 diff     19.75 (2s)
    tape segment_8    n   917 kept 0.2999 diff     14.71 (1s)
    tape session_0    n  1101 kept  0.257 diff    114.39 (1s)
    tape session_1    n  1332 kept  0.235 diff     -13.1 (2s)
    tape session_2    n  1130 kept 0.2938 diff    229.86 (1s)
    tape session_4    n   840 kept 0.3857 diff     35.93 (1s)
    tape session_5    n  1445 kept 0.1882 diff   -208.88 (2s)
    tape session_6    n   962 kept 0.2963 diff    234.27 (1s)
    tape session_7    n   937 kept   0.27 diff    117.98 (1s)
    tape session_9    n  1092 kept 0.2408 diff    317.71 (1s)
[minute] full go/no-go 750d04b5a33f2dd4: passed False; failing ['kept_share>=20%', 'kept_mean_slip8>0', 'sign_blocks>=8/12', 'control_pct>=95', 'pbo<=0.2', 'dsr_p<0.1', 'spa_p<=0.10']
[minute] null result: no row passes the row-level items
finalize done 2026-09-29T17:41:56; ledger sha 92dc548b205f174f
