[5minute] start 2026-09-29T15:43:21 stage fit
[5minute] fit: 81 jobs, 30 to run, workers 1
[5minute] job context__hgb_cls__k1__anchored__x                   191.0s heads 2 features_sha None  (191s elapsed)
[5minute] job context__hgb_cls__k1__300__x                        152.4s heads 2 features_sha None  (343s elapsed)
[5minute] job context__hgb_cls__k1__1000__x                       184.3s heads 2 features_sha None  (528s elapsed)
[5minute] job context__hgb_cls__k10__anchored__x                   20.0s heads 2 features_sha None  (548s elapsed)
[5minute] job context__hgb_cls__k10__300__x                        18.6s heads 2 features_sha None  (566s elapsed)
[5minute] job context__hgb_cls__k10__1000__x                       19.2s heads 2 features_sha None  (586s elapsed)
[5minute] job context__lints__k10__anchored__net                    2.7s heads 6 features_sha None  (588s elapsed)
[5minute] job context__lints__k10__anchored__pf                     2.6s heads 6 features_sha None  (591s elapsed)
[5minute] job context__lints__k10__300__net                         2.3s heads 6 features_sha None  (593s elapsed)
[5minute] job context__lints__k10__300__pf                          2.4s heads 6 features_sha None  (596s elapsed)
[5minute] job context__lints__k10__1000__net                        2.5s heads 6 features_sha None  (598s elapsed)
[5minute] job context__lints__k10__1000__pf                         2.4s heads 6 features_sha None  (601s elapsed)
[5minute] job context__logts__k50__anchored__x                      5.2s heads 12 features_sha None  (606s elapsed)
[5minute] job context__logts__k50__300__x                           4.7s heads 12 features_sha None  (611s elapsed)
[5minute] job context__logts__k50__1000__x                          4.5s heads 12 features_sha None  (615s elapsed)
[5minute] job context__hgb_reg__k50__anchored__net                  6.7s heads 1 features_sha None  (622s elapsed)
[5minute] job context__hgb_reg__k50__anchored__pf                   6.9s heads 1 features_sha None  (629s elapsed)
[5minute] job context__hgb_reg__k50__300__net                       6.8s heads 1 features_sha None  (636s elapsed)
[5minute] job context__hgb_reg__k50__300__pf                        6.4s heads 1 features_sha None  (642s elapsed)
[5minute] job context__hgb_reg__k50__1000__net                      7.5s heads 1 features_sha None  (650s elapsed)
[5minute] job context__hgb_reg__k50__1000__pf                       7.6s heads 1 features_sha None  (657s elapsed)
[5minute] job context__hgb_cls__k50__anchored__x                    7.2s heads 2 features_sha None  (664s elapsed)
[5minute] job context__hgb_cls__k50__300__x                         7.8s heads 2 features_sha None  (672s elapsed)
[5minute] job context__hgb_cls__k50__1000__x                        8.1s heads 2 features_sha None  (680s elapsed)
[5minute] job context__lints__k50__anchored__net                    2.6s heads 6 features_sha None  (683s elapsed)
[5minute] job context__lints__k50__anchored__pf                     2.6s heads 6 features_sha None  (686s elapsed)
[5minute] job context__lints__k50__300__net                         2.2s heads 6 features_sha None  (688s elapsed)
[5minute] job context__lints__k50__300__pf                          2.0s heads 6 features_sha None  (690s elapsed)
[5minute] job context__lints__k50__1000__net                        2.3s heads 6 features_sha None  (692s elapsed)
[5minute] job context__lints__k50__1000__pf                         2.4s heads 6 features_sha None  (695s elapsed)
[5minute] full-design feature vectors identical across jobs: True ['cd5fb750fb6bc3b3']
[5minute] done in 695s; ledger sha 765ee9eced1084b3
[5minute] start 2026-09-29T15:55:00 stage score
[5minute] scored 20 rows (32s)
[5minute] scored 40 rows (62s)
[5minute] scored 60 rows (93s)
[5minute] scored 80 rows (123s)
[5minute] scored 100 rows (156s)
[5minute] scored 120 rows (187s)
[5minute] scored 140 rows (221s)
[5minute] scored 160 rows (253s)
[5minute] scored 180 rows (285s)
[5minute] scored 200 rows (320s)
[5minute] scored 220 rows (351s)
[5minute] scored 240 rows (384s)
[5minute] scored 260 rows (427s)
[5minute] scored 280 rows (464s)
[5minute] scored 300 rows (498s)
[5minute] scored 320 rows (533s)
[5minute] scored 340 rows (571s)
[5minute] scored 360 rows (607s)
[5minute] scored 380 rows (656s)
[5minute] scored 400 rows (703s)
[5minute] scored 420 rows (741s)
[5minute] scored 440 rows (779s)
[5minute] scored 460 rows (815s)
[5minute] score: 468 new rows, gate_family OOF files ['studies/gate_family/results/oof_5minute_context.parquet', 'studies/gate_family/results/oof_5minute_h5_full.parquet'] (861s)
[5minute] done in 862s; ledger sha a985dd23273ff22f
[5minute] start 2026-09-29T16:09:25 stage checks
[5minute] checks: 712 rows before the cut, trunc build 712, common 712, labels identical on closed trades: True
[5minute]  context__lints__k1__anchored__net head {'explore': 0.0, 'seed': 0, 'reward': 'net'}: deterministic True, = stored True, prefix True, trunc build True (4.3s)
[5minute]  context__lints__k1__anchored__net head {'explore': 0.3, 'seed': 1, 'reward': 'net'}: deterministic True, = stored True, prefix True, trunc build True (4.3s)
[5minute]  context__lints__k10__300__pf head {'explore': 0.0, 'seed': 0, 'reward': 'pf'}: deterministic True, = stored True, prefix True, trunc build True (2.7s)
[5minute]  context__lints__k10__300__pf head {'explore': 0.3, 'seed': 1, 'reward': 'pf'}: deterministic True, = stored True, prefix True, trunc build True (2.7s)
[5minute]  context__lints__k50__1000__net head {'explore': 0.0, 'seed': 0, 'reward': 'net'}: deterministic True, = stored True, prefix True, trunc build True (2.7s)
[5minute]  context__lints__k50__1000__net head {'explore': 0.3, 'seed': 1, 'reward': 'net'}: deterministic True, = stored True, prefix True, trunc build True (2.7s)
[5minute]  context__logts__k1__anchored__x head {'explore': 0.0, 'seed': 0, 'reward': 'net'}: deterministic True, = stored True, prefix True, trunc build True (6.0s)
[5minute]  context__logts__k1__anchored__x head {'explore': 0.3, 'seed': 1, 'reward': 'net'}: deterministic True, = stored True, prefix True, trunc build True (6.0s)
[5minute]  context__logts__k10__300__x head {'explore': 0.0, 'seed': 0, 'reward': 'net'}: deterministic True, = stored True, prefix True, trunc build True (3.5s)
[5minute]  context__logts__k10__300__x head {'explore': 0.3, 'seed': 1, 'reward': 'net'}: deterministic True, = stored True, prefix True, trunc build True (3.5s)
[5minute]  context__logts__k50__1000__x head {'explore': 0.0, 'seed': 0, 'reward': 'net'}: deterministic True, = stored True, prefix True, trunc build True (3.0s)
[5minute]  context__logts__k50__1000__x head {'explore': 0.3, 'seed': 1, 'reward': 'net'}: deterministic True, = stored True, prefix True, trunc build True (3.0s)
[5minute]  context__hgb_reg__k50__anchored__net head {'explore': 0.0, 'seed': 0, 'reward': 'net'}: deterministic True, = stored True, prefix True, trunc build True (19.9s)
[5minute]  context__hgb_cls__k50__1000__x head {'explore': 0.0, 'seed': 0, 'reward': 'net'}: deterministic True, = stored True, prefix True, trunc build True (14.4s)
[5minute]  full__lints__k10__1000__net head {'explore': 0.0, 'seed': 0, 'reward': 'net'}: deterministic True, = stored True, prefix True, trunc build True (11.0s)
[5minute]  full__lints__k10__1000__net head {'explore': 0.3, 'seed': 1, 'reward': 'net'}: deterministic True, = stored True, prefix True, trunc build True (11.0s)
[5minute]  full__logts__k50__anchored__x head {'explore': 0.0, 'seed': 0, 'reward': 'net'}: deterministic True, = stored True, prefix True, trunc build True (14.5s)
[5minute]  full__logts__k50__anchored__x head {'explore': 0.3, 'seed': 1, 'reward': 'net'}: deterministic True, = stored True, prefix True, trunc build True (14.5s)
[5minute] checks all pass: True
[5minute] done in 84s; ledger sha 97cb3abb4dc54808
