[minute] start 2026-09-29T15:43:22 stage all
[minute] spec context: 11 encoded columns from 2 source columns (time proxies excluded: ['n_events_asof', 'sl']); sha 16f99dd47ca2d589
[minute] spec full: 304 encoded columns from 152 source columns (time proxies excluded: ['n_events_asof', 'sl']); sha f4dfd2ef790526cf
[minute] fit: 81 jobs, 81 to run, workers 3
[minute] job full__logts__k1__anchored__x                       3068.8s heads 12 features_sha 40bbb12b4cb19ffb  (3075s elapsed)
[minute] job full__logts__k1__300__x                            1133.1s heads 12 features_sha 40bbb12b4cb19ffb  (3075s elapsed)
[minute] job full__logts__k1__1000__x                           1789.6s heads 12 features_sha 40bbb12b4cb19ffb  (3075s elapsed)
[minute] job full__lints__k1__anchored__net                      116.2s heads 6 features_sha 40bbb12b4cb19ffb  (3075s elapsed)
[minute] job full__lints__k1__anchored__pf                       125.4s heads 6 features_sha 40bbb12b4cb19ffb  (3075s elapsed)
[minute] job full__lints__k1__300__net                           128.7s heads 6 features_sha 40bbb12b4cb19ffb  (3075s elapsed)
[minute] job full__lints__k1__300__pf                            124.6s heads 6 features_sha 40bbb12b4cb19ffb  (3075s elapsed)
[minute] job full__lints__k1__1000__net                          148.9s heads 6 features_sha 40bbb12b4cb19ffb  (3075s elapsed)
[minute] job full__lints__k1__1000__pf                           183.1s heads 6 features_sha 40bbb12b4cb19ffb  (3075s elapsed)
[minute] job full__logts__k10__anchored__x                       380.2s heads 12 features_sha 40bbb12b4cb19ffb  (3075s elapsed)
[minute] job full__logts__k10__300__x                            118.7s heads 12 features_sha 40bbb12b4cb19ffb  (3075s elapsed)
[minute] job full__logts__k10__1000__x                           167.2s heads 12 features_sha 40bbb12b4cb19ffb  (3075s elapsed)
[minute] job full__lints__k10__anchored__net                      31.1s heads 6 features_sha 40bbb12b4cb19ffb  (3075s elapsed)
[minute] job full__lints__k10__anchored__pf                       21.4s heads 6 features_sha 40bbb12b4cb19ffb  (3075s elapsed)
[minute] job full__lints__k10__300__net                           20.1s heads 6 features_sha 40bbb12b4cb19ffb  (3075s elapsed)
[minute] job full__lints__k10__300__pf                            19.6s heads 6 features_sha 40bbb12b4cb19ffb  (3075s elapsed)
[minute] job full__lints__k10__1000__net                          20.1s heads 6 features_sha 40bbb12b4cb19ffb  (3075s elapsed)
[minute] job full__lints__k10__1000__pf                           20.1s heads 6 features_sha 40bbb12b4cb19ffb  (3075s elapsed)
[minute] job full__logts__k50__anchored__x                        63.1s heads 12 features_sha 40bbb12b4cb19ffb  (3075s elapsed)
[minute] job full__logts__k50__300__x                             30.1s heads 12 features_sha 40bbb12b4cb19ffb  (3075s elapsed)
[minute] job full__logts__k50__1000__x                            40.9s heads 12 features_sha 40bbb12b4cb19ffb  (3075s elapsed)
[minute] job full__lints__k50__anchored__net                      13.7s heads 6 features_sha 40bbb12b4cb19ffb  (3075s elapsed)
[minute] job full__lints__k50__anchored__pf                       13.0s heads 6 features_sha 40bbb12b4cb19ffb  (3075s elapsed)
[minute] job full__lints__k50__300__net                           12.7s heads 6 features_sha 40bbb12b4cb19ffb  (3075s elapsed)
[minute] job full__lints__k50__300__pf                            11.9s heads 6 features_sha 40bbb12b4cb19ffb  (3075s elapsed)
[minute] job full__lints__k50__1000__net                          13.5s heads 6 features_sha 40bbb12b4cb19ffb  (3075s elapsed)
[minute] job full__lints__k50__1000__pf                           13.3s heads 6 features_sha 40bbb12b4cb19ffb  (3075s elapsed)
[minute] job context__logts__k1__anchored__x                      23.9s heads 12 features_sha None  (3075s elapsed)
[minute] job context__logts__k1__300__x                           17.5s heads 12 features_sha None  (3075s elapsed)
[minute] job context__logts__k1__1000__x                          19.3s heads 12 features_sha None  (3075s elapsed)
[minute] job context__hgb_reg__k1__anchored__net                 595.8s heads 1 features_sha None  (3075s elapsed)
[minute] job context__hgb_reg__k1__anchored__pf                  586.1s heads 1 features_sha None  (3075s elapsed)
[minute] job context__hgb_reg__k1__300__net                      210.3s heads 1 features_sha None  (3219s elapsed)
[minute] job context__hgb_reg__k1__300__pf                       209.7s heads 1 features_sha None  (3225s elapsed)
[minute] job context__hgb_reg__k1__1000__net                     467.8s heads 1 features_sha None  (3543s elapsed)
[minute] job context__hgb_reg__k1__1000__pf                      598.7s heads 1 features_sha None  (3818s elapsed)
[minute] job context__hgb_cls__k1__anchored__x                   934.3s heads 2 features_sha None  (4160s elapsed)
[minute] job context__hgb_cls__k1__300__x                        452.2s heads 2 features_sha None  (4160s elapsed)
[minute] job context__hgb_cls__k1__1000__x                       668.3s heads 2 features_sha None  (4486s elapsed)
[minute] job context__lints__k1__anchored__net                    16.7s heads 6 features_sha None  (4486s elapsed)
[minute] job context__lints__k1__anchored__pf                     15.2s heads 6 features_sha None  (4486s elapsed)
[minute] job context__lints__k1__300__net                         19.6s heads 6 features_sha None  (4486s elapsed)
[minute] job context__lints__k1__300__pf                          18.7s heads 6 features_sha None  (4486s elapsed)
[minute] job context__lints__k1__1000__net                        19.6s heads 6 features_sha None  (4486s elapsed)
[minute] job context__lints__k1__1000__pf                         19.9s heads 6 features_sha None  (4486s elapsed)
[minute] job context__logts__k10__anchored__x                     26.3s heads 12 features_sha None  (4486s elapsed)
[minute] job context__logts__k10__300__x                          23.2s heads 12 features_sha None  (4486s elapsed)
[minute] job context__logts__k10__1000__x                         17.9s heads 12 features_sha None  (4486s elapsed)
[minute] job context__hgb_reg__k10__anchored__net                 82.8s heads 1 features_sha None  (4486s elapsed)
[minute] job context__hgb_reg__k10__anchored__pf                  81.3s heads 1 features_sha None  (4486s elapsed)
[minute] job context__hgb_reg__k10__300__net                      31.8s heads 1 features_sha None  (4486s elapsed)
[minute] job context__hgb_reg__k10__300__pf                       33.6s heads 1 features_sha None  (4486s elapsed)
[minute] job context__hgb_reg__k10__1000__net                     59.7s heads 1 features_sha None  (4486s elapsed)
[minute] job context__hgb_reg__k10__1000__pf                      62.2s heads 1 features_sha None  (4486s elapsed)
[minute] job context__hgb_cls__k10__anchored__x                   76.2s heads 2 features_sha None  (4486s elapsed)
[minute] job context__hgb_cls__k10__300__x                        40.0s heads 2 features_sha None  (4486s elapsed)
[minute] job context__hgb_cls__k10__1000__x                       64.2s heads 2 features_sha None  (4486s elapsed)
[minute] job context__lints__k10__anchored__net                    7.9s heads 6 features_sha None  (4486s elapsed)
[minute] job context__lints__k10__anchored__pf                     8.6s heads 6 features_sha None  (4486s elapsed)
[minute] job context__lints__k10__300__net                         8.6s heads 6 features_sha None  (4486s elapsed)
[minute] job context__lints__k10__300__pf                          8.2s heads 6 features_sha None  (4486s elapsed)
[minute] job context__lints__k10__1000__net                        8.3s heads 6 features_sha None  (4486s elapsed)
[minute] job context__lints__k10__1000__pf                         9.2s heads 6 features_sha None  (4486s elapsed)
[minute] job context__logts__k50__anchored__x                     14.8s heads 12 features_sha None  (4486s elapsed)
[minute] job context__logts__k50__300__x                          13.8s heads 12 features_sha None  (4486s elapsed)
[minute] job context__logts__k50__1000__x                         13.9s heads 12 features_sha None  (4486s elapsed)
[minute] job context__hgb_reg__k50__anchored__net                 24.2s heads 1 features_sha None  (4501s elapsed)
[minute] job context__hgb_reg__k50__anchored__pf                  25.2s heads 1 features_sha None  (4510s elapsed)
[minute] job context__hgb_reg__k50__300__net                      16.8s heads 1 features_sha None  (4510s elapsed)
[minute] job context__hgb_reg__k50__300__pf                       15.0s heads 1 features_sha None  (4516s elapsed)
[minute] job context__hgb_reg__k50__1000__net                     20.5s heads 1 features_sha None  (4523s elapsed)
[minute] job context__hgb_reg__k50__1000__pf                      19.7s heads 1 features_sha None  (4530s elapsed)
[minute] job context__hgb_cls__k50__anchored__x                   24.7s heads 2 features_sha None  (4540s elapsed)
[minute] job context__hgb_cls__k50__300__x                        18.4s heads 2 features_sha None  (4542s elapsed)
[minute] job context__hgb_cls__k50__1000__x                       24.3s heads 2 features_sha None  (4554s elapsed)
[minute] job context__lints__k50__anchored__net                    9.3s heads 6 features_sha None  (4554s elapsed)
[minute] job context__lints__k50__anchored__pf                     9.3s heads 6 features_sha None  (4554s elapsed)
[minute] job context__lints__k50__300__net                         8.2s heads 6 features_sha None  (4558s elapsed)
[minute] job context__lints__k50__300__pf                          8.3s heads 6 features_sha None  (4560s elapsed)
[minute] job context__lints__k50__1000__net                        8.5s heads 6 features_sha None  (4563s elapsed)
[minute] job context__lints__k50__1000__pf                         8.0s heads 6 features_sha None  (4567s elapsed)
[minute] full-design feature vectors identical across jobs: True ['40bbb12b4cb19ffb']
[minute] scored 20 rows (57s)
[minute] scored 40 rows (112s)
[minute] scored 60 rows (168s)
[minute] scored 80 rows (225s)
[minute] scored 100 rows (282s)
[minute] scored 120 rows (336s)
[minute] scored 140 rows (390s)
[minute] scored 160 rows (445s)
[minute] scored 180 rows (500s)
[minute] scored 200 rows (555s)
[minute] scored 220 rows (611s)
[minute] scored 240 rows (684s)
[minute] scored 260 rows (781s)
[minute] scored 280 rows (866s)
[minute] scored 300 rows (938s)
[minute] scored 320 rows (1026s)
[minute] scored 340 rows (1104s)
[minute] scored 360 rows (1189s)
[minute] scored 380 rows (1292s)
[minute] scored 400 rows (1396s)
[minute] scored 420 rows (1497s)
[minute] scored 440 rows (1597s)
[minute] scored 460 rows (1692s)
[minute] score: 468 new rows, gate_family OOF files ['studies/gate_family/results/oof_minute_context.parquet', 'studies/gate_family/results/oof_minute_h5_full.parquet'] (1747s)
[minute] checks: 3767 rows before the cut, trunc build 3767, common 3767, labels identical on closed trades: True
[minute]  context__lints__k1__anchored__net head {'explore': 0.0, 'seed': 0, 'reward': 'net'}: deterministic True, = stored True, prefix True, trunc build True (22.6s)
[minute]  context__lints__k1__anchored__net head {'explore': 0.3, 'seed': 1, 'reward': 'net'}: deterministic True, = stored True, prefix True, trunc build True (22.6s)
[minute]  context__lints__k10__300__pf head {'explore': 0.0, 'seed': 0, 'reward': 'pf'}: deterministic True, = stored True, prefix True, trunc build True (18.8s)
[minute]  context__lints__k10__300__pf head {'explore': 0.3, 'seed': 1, 'reward': 'pf'}: deterministic True, = stored True, prefix True, trunc build True (18.8s)
[minute]  context__lints__k50__1000__net head {'explore': 0.0, 'seed': 0, 'reward': 'net'}: deterministic True, = stored True, prefix True, trunc build True (17.7s)
[minute]  context__lints__k50__1000__net head {'explore': 0.3, 'seed': 1, 'reward': 'net'}: deterministic True, = stored True, prefix True, trunc build True (17.7s)
[minute]  context__logts__k1__anchored__x head {'explore': 0.0, 'seed': 0, 'reward': 'net'}: deterministic True, = stored True, prefix True, trunc build True (44.1s)
[minute]  context__logts__k1__anchored__x head {'explore': 0.3, 'seed': 1, 'reward': 'net'}: deterministic True, = stored True, prefix True, trunc build True (44.1s)
[minute]  context__logts__k10__300__x head {'explore': 0.0, 'seed': 0, 'reward': 'net'}: deterministic True, = stored True, prefix True, trunc build True (20.2s)
[minute]  context__logts__k10__300__x head {'explore': 0.3, 'seed': 1, 'reward': 'net'}: deterministic True, = stored True, prefix True, trunc build True (20.2s)
[minute]  context__logts__k50__1000__x head {'explore': 0.0, 'seed': 0, 'reward': 'net'}: deterministic True, = stored True, prefix True, trunc build True (19.9s)
[minute]  context__logts__k50__1000__x head {'explore': 0.3, 'seed': 1, 'reward': 'net'}: deterministic True, = stored True, prefix True, trunc build True (19.9s)
[minute]  context__hgb_reg__k50__anchored__net head {'explore': 0.0, 'seed': 0, 'reward': 'net'}: deterministic True, = stored True, prefix True, trunc build True (83.0s)
[minute]  context__hgb_cls__k50__1000__x head {'explore': 0.0, 'seed': 0, 'reward': 'net'}: deterministic True, = stored True, prefix True, trunc build True (77.1s)
[minute]  full__lints__k10__1000__net head {'explore': 0.0, 'seed': 0, 'reward': 'net'}: deterministic True, = stored True, prefix True, trunc build True (54.2s)
[minute]  full__lints__k10__1000__net head {'explore': 0.3, 'seed': 1, 'reward': 'net'}: deterministic True, = stored True, prefix True, trunc build True (54.2s)
[minute]  full__logts__k50__anchored__x head {'explore': 0.0, 'seed': 0, 'reward': 'net'}: deterministic True, = stored True, prefix True, trunc build True (163.7s)
[minute]  full__logts__k50__anchored__x head {'explore': 0.3, 'seed': 1, 'reward': 'net'}: deterministic True, = stored True, prefix True, trunc build True (163.7s)
[minute] checks all pass: True
[minute] done in 6844s; ledger sha 92dc548b205f174f
