[5minute] start 2026-09-29T13:50:09 stage all
[5minute] spec context: 11 encoded columns from 2 source columns (time proxies excluded: ['n_events_asof', 'sl']); sha 16f99dd47ca2d589
[5minute] spec full: 293 encoded columns from 152 source columns (time proxies excluded: ['n_events_asof', 'sl']); sha 37f81e7186420333
[5minute] fit: 81 jobs, 81 to run, workers 2
[5minute] job full__logts__k1__anchored__x                        231.9s heads 12 features_sha cd5fb750fb6bc3b3  (237s elapsed)
[5minute] job full__logts__k1__300__x                             200.2s heads 12 features_sha cd5fb750fb6bc3b3  (237s elapsed)
[5minute] job full__logts__k1__1000__x                            127.1s heads 12 features_sha cd5fb750fb6bc3b3  (332s elapsed)
[5minute] job full__lints__k1__anchored__net                       13.7s heads 6 features_sha cd5fb750fb6bc3b3  (332s elapsed)
[5minute] job full__lints__k1__anchored__pf                        14.4s heads 6 features_sha cd5fb750fb6bc3b3  (332s elapsed)
[5minute] job full__lints__k1__300__net                            19.0s heads 6 features_sha cd5fb750fb6bc3b3  (332s elapsed)
[5minute] job full__lints__k1__300__pf                             18.1s heads 6 features_sha cd5fb750fb6bc3b3  (332s elapsed)
[5minute] job full__lints__k1__1000__net                           17.3s heads 6 features_sha cd5fb750fb6bc3b3  (332s elapsed)
[5minute] job full__lints__k1__1000__pf                            19.6s heads 6 features_sha cd5fb750fb6bc3b3  (339s elapsed)
[5minute] job full__logts__k10__anchored__x                        17.2s heads 12 features_sha cd5fb750fb6bc3b3  (350s elapsed)
[5minute] job full__logts__k10__300__x                             14.7s heads 12 features_sha cd5fb750fb6bc3b3  (354s elapsed)
[5minute] job full__logts__k10__1000__x                            16.6s heads 12 features_sha cd5fb750fb6bc3b3  (366s elapsed)
[5minute] job full__lints__k10__anchored__net                       3.5s heads 6 features_sha cd5fb750fb6bc3b3  (366s elapsed)
[5minute] job full__lints__k10__anchored__pf                        3.2s heads 6 features_sha cd5fb750fb6bc3b3  (366s elapsed)
[5minute] job full__lints__k10__300__net                            3.4s heads 6 features_sha cd5fb750fb6bc3b3  (366s elapsed)
[5minute] job full__lints__k10__300__pf                             3.2s heads 6 features_sha cd5fb750fb6bc3b3  (367s elapsed)
[5minute] job full__lints__k10__1000__net                           3.5s heads 6 features_sha cd5fb750fb6bc3b3  (370s elapsed)
[5minute] job full__lints__k10__1000__pf                            3.1s heads 6 features_sha cd5fb750fb6bc3b3  (371s elapsed)
[5minute] job full__logts__k50__anchored__x                         6.2s heads 12 features_sha cd5fb750fb6bc3b3  (376s elapsed)
[5minute] job full__logts__k50__300__x                              6.2s heads 12 features_sha cd5fb750fb6bc3b3  (377s elapsed)
[5minute] job full__logts__k50__1000__x                             6.2s heads 12 features_sha cd5fb750fb6bc3b3  (382s elapsed)
[5minute] job full__lints__k50__anchored__net                       1.9s heads 6 features_sha cd5fb750fb6bc3b3  (382s elapsed)
[5minute] job full__lints__k50__anchored__pf                        2.1s heads 6 features_sha cd5fb750fb6bc3b3  (382s elapsed)
[5minute] job full__lints__k50__300__net                            2.1s heads 6 features_sha cd5fb750fb6bc3b3  (383s elapsed)
[5minute] job full__lints__k50__300__pf                             2.6s heads 6 features_sha cd5fb750fb6bc3b3  (385s elapsed)
[5minute] job full__lints__k50__1000__net                           2.0s heads 6 features_sha cd5fb750fb6bc3b3  (385s elapsed)
[5minute] job full__lints__k50__1000__pf                            3.3s heads 6 features_sha cd5fb750fb6bc3b3  (388s elapsed)
[5minute] job context__logts__k1__anchored__x                       5.3s heads 12 features_sha None  (391s elapsed)
[5minute] job context__logts__k1__300__x                            4.1s heads 12 features_sha None  (392s elapsed)
[5minute] job context__logts__k1__1000__x                           3.8s heads 12 features_sha None  (394s elapsed)
[5minute] job context__hgb_reg__k1__anchored__net                 103.0s heads 1 features_sha None  (495s elapsed)
[5minute] job context__hgb_reg__k1__anchored__pf                  103.0s heads 1 features_sha None  (497s elapsed)
[5minute] job context__hgb_reg__k1__300__net                       72.9s heads 1 features_sha None  (568s elapsed)
[5minute] job context__hgb_reg__k1__300__pf                        74.7s heads 1 features_sha None  (572s elapsed)
[5minute] job context__hgb_reg__k1__1000__net                      82.5s heads 1 features_sha None  (651s elapsed)
[5minute] job context__hgb_reg__k1__1000__pf                       85.7s heads 1 features_sha None  (658s elapsed)
[5minute] job context__hgb_cls__k1__anchored__x                    83.3s heads 2 features_sha None  (734s elapsed)
[5minute] job context__hgb_cls__k1__300__x                         70.6s heads 2 features_sha None  (734s elapsed)
