[minute] tail worker: 52 jobs not yet written
[minute] tail job context__lints__k50__anchored__net                   10.3s heads 6  (10s elapsed)
[minute] tail job context__lints__k50__anchored__pf                     9.2s heads 6  (20s elapsed)
[minute] tail job context__lints__k50__300__net                         8.1s heads 6  (28s elapsed)
[minute] tail job context__lints__k50__300__pf                          8.2s heads 6  (36s elapsed)
[minute] tail job context__lints__k50__1000__net                        9.0s heads 6  (45s elapsed)
[minute] tail job context__lints__k50__1000__pf                         8.4s heads 6  (54s elapsed)
[minute] tail job context__logts__k50__anchored__x                     13.4s heads 12  (67s elapsed)
[minute] tail job context__logts__k50__300__x                          14.9s heads 12  (82s elapsed)
[minute] tail job context__logts__k50__1000__x                         14.3s heads 12  (97s elapsed)
[minute] tail job context__hgb_reg__k50__anchored__net                 22.9s heads 1  (120s elapsed)
[minute] tail job context__hgb_reg__k50__anchored__pf                  26.0s heads 1  (146s elapsed)
[minute] tail job context__hgb_reg__k50__300__net                      15.2s heads 1  (161s elapsed)
[minute] tail job context__hgb_reg__k50__300__pf                       16.0s heads 1  (177s elapsed)
[minute] tail job context__hgb_reg__k50__1000__net                     21.0s heads 1  (198s elapsed)
[minute] tail job context__hgb_reg__k50__1000__pf                      19.6s heads 1  (218s elapsed)
[minute] tail job context__hgb_cls__k50__anchored__x                   25.5s heads 2  (243s elapsed)
[minute] tail job context__hgb_cls__k50__300__x                        19.2s heads 2  (262s elapsed)
[minute] tail job context__hgb_cls__k50__1000__x                       22.2s heads 2  (285s elapsed)
[minute] tail job context__lints__k10__anchored__net                    8.1s heads 6  (293s elapsed)
[minute] tail job context__lints__k10__anchored__pf                     9.0s heads 6  (302s elapsed)
[minute] tail job context__lints__k10__300__net                         8.5s heads 6  (310s elapsed)
[minute] tail job context__lints__k10__300__pf                          8.4s heads 6  (319s elapsed)
[minute] tail job context__lints__k10__1000__net                        8.6s heads 6  (328s elapsed)
[minute] tail job context__lints__k10__1000__pf                         8.2s heads 6  (336s elapsed)
[minute] tail job context__logts__k10__anchored__x                     14.5s heads 12  (351s elapsed)
[minute] tail job context__logts__k10__300__x                          14.9s heads 12  (366s elapsed)
[minute] tail job context__logts__k10__1000__x                         14.1s heads 12  (380s elapsed)
[minute] tail job context__hgb_reg__k10__anchored__net                 68.2s heads 1  (448s elapsed)
[minute] tail job context__hgb_reg__k10__anchored__pf                  66.6s heads 1  (515s elapsed)
[minute] tail job context__hgb_reg__k10__300__net                      29.8s heads 1  (545s elapsed)
[minute] tail job context__hgb_reg__k10__300__pf                       31.1s heads 1  (576s elapsed)
[minute] tail job context__hgb_reg__k10__1000__net                     58.0s heads 1  (634s elapsed)
[minute] tail job context__hgb_reg__k10__1000__pf                      58.0s heads 1  (692s elapsed)
[minute] tail job context__hgb_cls__k10__anchored__x                   79.7s heads 2  (771s elapsed)
[minute] tail job context__hgb_cls__k10__300__x                        36.5s heads 2  (808s elapsed)
[minute] tail job context__hgb_cls__k10__1000__x                       63.3s heads 2  (871s elapsed)
[minute] tail job context__lints__k1__anchored__net                     9.2s heads 6  (881s elapsed)
[minute] tail job context__lints__k1__anchored__pf                     10.0s heads 6  (891s elapsed)
[minute] tail job context__lints__k1__300__net                         10.0s heads 6  (901s elapsed)
[minute] tail job context__lints__k1__300__pf                          10.1s heads 6  (911s elapsed)
[minute] tail job context__lints__k1__1000__net                        10.7s heads 6  (922s elapsed)
[minute] tail job context__lints__k1__1000__pf                         10.6s heads 6  (932s elapsed)
[minute] tail skip context__hgb_reg__k1__anchored__net (written meanwhile)
[minute] tail skip context__hgb_reg__k1__anchored__pf (written meanwhile)
[minute] tail skip context__hgb_reg__k1__300__net (written meanwhile)
[minute] tail skip context__hgb_reg__k1__300__pf (written meanwhile)
[minute] tail skip context__hgb_reg__k1__1000__net (written meanwhile)
[minute] tail skip context__hgb_reg__k1__1000__pf (written meanwhile)
