5minute {
 "units_is": 826,
 "bars": 88771,
 "price_np_vs_lab_price_trade_500_pairs_identical": true,
 "price_np_vs_lab_max_abs_diff": 0.0,
 "price_np_vs_l1_net_inr_max_abs_diff": 0.0,
 "price_np_vs_l1_net_inr_all_within_0.005": true,
 "l1_stop_loss_n": 346,
 "floor_matches_l1_stop_bar_and_px": true,
 "l1_cap_exits_n": 289,
 "floor_no_stop_and_cap_on_l1_cap_exits": true,
 "l1_next_choch_n": 191,
 "floor_after_choch_or_choch_on_cap_bar_on_l1_choch_exits": true,
 "l1_choch_exits_on_the_cap_bar": 1,
 "floor_stop_hit_share": 0.5508,
 "states_total": 18124,
 "states_mean_per_trade": 21.9,
 "exact_R_trades": 826,
 "exact_R_failed": 0,
 "floor_vs_lab_manage_foundation_stop_mismatches": 0,
 "floor_vs_lab_manage_examples": [],
 "seconds": 0.9
}
minute {
 "units_is": 4452,
 "bars": 443826,
 "price_np_vs_lab_price_trade_500_pairs_identical": true,
 "price_np_vs_lab_max_abs_diff": 0.0,
 "price_np_vs_l1_net_inr_max_abs_diff": 0.0,
 "price_np_vs_l1_net_inr_all_within_0.005": true,
 "l1_stop_loss_n": 1251,
 "floor_matches_l1_stop_bar_and_px": true,
 "l1_cap_exits_n": 473,
 "floor_no_stop_and_cap_on_l1_cap_exits": true,
 "l1_next_choch_n": 2728,
 "floor_after_choch_or_choch_on_cap_bar_on_l1_choch_exits": true,
 "l1_choch_exits_on_the_cap_bar": 8,
 "floor_stop_hit_share": 0.673,
 "states_total": 331993,
 "states_mean_per_trade": 74.6,
 "exact_R_trades": 4452,
 "exact_R_failed": 0,
 "floor_vs_lab_manage_foundation_stop_mismatches": 0,
 "floor_vs_lab_manage_examples": [],
 "seconds": 1.9
}
