minute {"n_is": 4452, "n_clusters": 38, "ll_mda_check_max_abs_diff": 7.641171298402184e-10, "ll_mda_check_pass": true, "pooled_oof_auc": 0.5935, "fold_auc_mean": 0.5841, "fold_auc_std": 0.0567, "mean_oof_probability": 0.5261, "winner_share": 0.1559, "winner_share_net_weighted": 0.2185, "wlogloss_constant_at_weighted_share": 0.52502, "wlogloss_model_oof": 0.74474, "model_beats_constant_in_wlogloss": false, "n_clusters_auc_pass": 2, "n_clusters_ll_negative": 15, "n_clusters_ll_zero": 0}
   cluster  ll_mda_recomputed  ll_mda_table  auc_mda_mean  auc_mda_std  auc_mda_ratio  auc_mda_pass_mean_gt_std  auc_mda_folds_positive  auc_mda_pooled  auc_rank
0        0          -0.009371     -0.009371       0.02997      0.01647          1.819                      True                      12         0.02249         1
1        4          -0.011626     -0.011626       0.01998      0.03962          0.504                     False                       9         0.02684         2
2        3          -0.000961     -0.000961       0.00398      0.00676          0.589                     False                      10         0.00273         3
3       13           0.000076      0.000076       0.00085      0.00078          1.086                      True                      12         0.00034         4
4       10          -0.000217     -0.000217       0.00033      0.00251          0.133                     False                       8         0.00092         5
5        9           0.000014      0.000014       0.00032      0.00124          0.257                     False                       8         0.00023         6
6        6          -0.000058     -0.000058       0.00031      0.00132          0.233                     False                      10         0.00019         7
7       32          -0.000013     -0.000013       0.00007      0.00016          0.439                     False                       4         0.00003         8
5minute {"n_is": 826, "n_clusters": 39, "ll_mda_check_max_abs_diff": 1.9070120260483367e-09, "ll_mda_check_pass": true, "pooled_oof_auc": 0.4974, "fold_auc_mean": 0.4915, "fold_auc_std": 0.0833, "mean_oof_probability": 0.5222, "winner_share": 0.2772, "winner_share_net_weighted": 0.3766, "wlogloss_constant_at_weighted_share": 0.66239, "wlogloss_model_oof": 0.72748, "model_beats_constant_in_wlogloss": false, "n_clusters_auc_pass": 0, "n_clusters_ll_negative": 19, "n_clusters_ll_zero": 0}
   cluster  ll_mda_recomputed  ll_mda_table  auc_mda_mean  auc_mda_std  auc_mda_ratio  auc_mda_pass_mean_gt_std  auc_mda_folds_positive  auc_mda_pooled  auc_rank
0        1          -0.000146     -0.000146       0.01091      0.04420          0.247                     False                       7         0.01170         1
1        2          -0.001415     -0.001415       0.00221      0.02519          0.088                     False                       8         0.00611         2
2       12           0.000210      0.000210       0.00172      0.00803          0.214                     False                       9         0.00204         3
3        7           0.000501      0.000501       0.00129      0.01781          0.072                     False                       8         0.00308         4
4       17           0.001769      0.001769       0.00122      0.01710          0.071                     False                       8         0.00277         5
5       16           0.000004      0.000004       0.00071      0.02535          0.028                     False                       5         0.00463         6
6       33          -0.000007     -0.000007       0.00014      0.00052          0.266                     False                       1         0.00014         7
7       32           0.000000      0.000000       0.00000      0.00000            NaN                     False                       0        -0.00000         8
