[05:14:15 rss 193.4 MB] === importance 5minute dry=False trees=300 n_jobs=4 ===
[05:14:17 rss 234.3 MB] 5minute: design 236 + ext 61 -> dropped nan>40% 38, const 4, binary 2nd level 6, duplicates 28; + 17 missing indicators = 238 features
[05:14:18 rss 233.1 MB] clustering: 238 features, silhouette best k=39 (0.1502), clusters formed 39, 0.6s
[05:15:25 rss 240.8 MB] depth 4 fold 0: n_tr 741 n_te 82 tau 0.05 ll 0.7231 diff nan kept 1.0 (66.8s)
[05:16:34 rss 242.0 MB] depth 4 fold 1: n_tr 741 n_te 83 tau 0.37 ll 0.7069 diff 1366.5 kept 0.9157 (69.0s)
[05:17:37 rss 242.8 MB] depth 4 fold 2: n_tr 784 n_te 42 tau 0.05 ll 0.6853 diff nan kept 1.0 (62.9s)
[05:18:57 rss 242.8 MB] depth 4 fold 3: n_tr 742 n_te 76 tau 0.05 ll 0.7470 diff nan kept 1.0 (80.2s)
[05:20:16 rss 243.6 MB] depth 4 fold 4: n_tr 754 n_te 72 tau 0.05 ll 0.7210 diff nan kept 1.0 (79.5s)
[05:21:30 rss 243.6 MB] depth 4 fold 5: n_tr 747 n_te 73 tau 0.05 ll 0.7604 diff nan kept 1.0 (73.2s)
[05:22:36 rss 243.6 MB] depth 4 fold 6: n_tr 745 n_te 77 tau 0.05 ll 0.7114 diff nan kept 1.0 (66.4s)
[05:23:54 rss 243.9 MB] depth 4 fold 7: n_tr 775 n_te 51 tau 0.05 ll 0.6948 diff nan kept 1.0 (78.2s)
[05:25:34 rss 243.9 MB] depth 4 fold 8: n_tr 747 n_te 76 tau 0.05 ll 0.7482 diff nan kept 1.0 (100.3s)
[05:27:20 rss 243.9 MB] depth 4 fold 9: n_tr 746 n_te 80 tau 0.05 ll 0.7573 diff nan kept 1.0 (105.7s)
[05:28:37 rss 244.0 MB] depth 4 fold 10: n_tr 794 n_te 31 tau 0.36 ll 0.7876 diff nan kept 1.0 (77.2s)
[05:30:12 rss 244.0 MB] depth 4 fold 11: n_tr 743 n_te 83 tau 0.05 ll 0.6974 diff nan kept 1.0 (94.9s)
[05:30:20 rss 244.2 MB] full model depth 4: OOF wlogloss 0.72748 auc 0.4974; gate diff 817.94 kept 0.9915 ctrl 88.4 id 1a12e823ea7cf4c7
[05:30:20 rss 244.6 MB] stability periods [(np.str_('H1_2021-10..2023-09'), 412, 124), (np.str_('H2_2023-10..2025-12'), 414, 105)]; rank corr {'H1_2021-10..2023-09|H2_2023-10..2025-12': 0.1422}
[05:30:40 rss 244.6 MB] depth 3 fold 0: n_tr 741 n_te 82 tau 0.05 ll 0.7310 diff nan kept 1.0 (19.8s)
[05:31:00 rss 244.6 MB] depth 3 fold 1: n_tr 741 n_te 83 tau 0.41 ll 0.7111 diff 1366.5 kept 0.9157 (20.4s)
[05:31:15 rss 244.7 MB] depth 3 fold 2: n_tr 784 n_te 42 tau 0.05 ll 0.6885 diff nan kept 1.0 (14.6s)
[05:31:26 rss 244.7 MB] depth 3 fold 3: n_tr 742 n_te 76 tau 0.05 ll 0.7632 diff nan kept 1.0 (10.6s)
[05:31:36 rss 244.7 MB] depth 3 fold 4: n_tr 754 n_te 72 tau 0.05 ll 0.7378 diff nan kept 1.0 (10.1s)
[05:31:46 rss 244.7 MB] depth 3 fold 5: n_tr 747 n_te 73 tau 0.38 ll 0.7861 diff nan kept 1.0 (10.0s)
[05:31:57 rss 244.7 MB] depth 3 fold 6: n_tr 745 n_te 77 tau 0.05 ll 0.7316 diff nan kept 1.0 (11.5s)
[05:32:08 rss 244.7 MB] depth 3 fold 7: n_tr 775 n_te 51 tau 0.05 ll 0.7115 diff nan kept 1.0 (10.4s)
[05:32:18 rss 244.7 MB] depth 3 fold 8: n_tr 747 n_te 76 tau 0.05 ll 0.7465 diff nan kept 1.0 (10.0s)
[05:32:28 rss 244.7 MB] depth 3 fold 9: n_tr 746 n_te 80 tau 0.05 ll 0.7700 diff nan kept 1.0 (10.2s)
[05:32:39 rss 244.7 MB] depth 3 fold 10: n_tr 794 n_te 31 tau 0.38 ll 0.8071 diff nan kept 1.0 (10.9s)
[05:32:50 rss 244.7 MB] depth 3 fold 11: n_tr 743 n_te 83 tau 0.05 ll 0.6974 diff nan kept 1.0 (11.4s)
[05:32:54 rss 244.7 MB] depth 3: {'oof_wlogloss': 0.7388, 'oof_auc': 0.4939, 'ledger_id': '4f227fe28b9c61a8', 'diff': 817.94, 'kept_share': 0.9915, 'control_pct': 88.6, 'perm_p': 0.6232}
[05:33:09 rss 244.7 MB] depth 5 fold 0: n_tr 741 n_te 82 tau 0.05 ll 0.7194 diff nan kept 1.0 (14.1s)
[05:33:23 rss 244.7 MB] depth 5 fold 1: n_tr 741 n_te 83 tau 0.32 ll 0.6997 diff -189.7 kept 0.9759 (14.7s)
[05:33:39 rss 244.7 MB] depth 5 fold 2: n_tr 784 n_te 42 tau 0.05 ll 0.6770 diff nan kept 1.0 (15.9s)
[05:33:55 rss 244.7 MB] depth 5 fold 3: n_tr 742 n_te 76 tau 0.05 ll 0.7372 diff nan kept 1.0 (15.5s)
[05:34:11 rss 244.8 MB] depth 5 fold 4: n_tr 754 n_te 72 tau 0.05 ll 0.7079 diff nan kept 1.0 (16.3s)
[05:34:27 rss 244.8 MB] depth 5 fold 5: n_tr 747 n_te 73 tau 0.05 ll 0.7431 diff nan kept 1.0 (16.0s)
[05:34:43 rss 244.8 MB] depth 5 fold 6: n_tr 745 n_te 77 tau 0.05 ll 0.6961 diff nan kept 1.0 (16.3s)
[05:35:01 rss 244.8 MB] depth 5 fold 7: n_tr 775 n_te 51 tau 0.05 ll 0.6866 diff nan kept 1.0 (17.1s)
[05:35:16 rss 245.6 MB] depth 5 fold 8: n_tr 747 n_te 76 tau 0.05 ll 0.7490 diff nan kept 1.0 (15.4s)
[05:35:33 rss 245.6 MB] depth 5 fold 9: n_tr 746 n_te 80 tau 0.05 ll 0.7442 diff nan kept 1.0 (16.7s)
[05:35:49 rss 245.6 MB] depth 5 fold 10: n_tr 794 n_te 31 tau 0.05 ll 0.7699 diff nan kept 1.0 (16.7s)
[05:36:05 rss 245.6 MB] depth 5 fold 11: n_tr 743 n_te 83 tau 0.05 ll 0.6977 diff nan kept 1.0 (15.9s)
[05:36:11 rss 245.6 MB] depth 5: {'oof_wlogloss': 0.71863, 'oof_auc': 0.5004, 'ledger_id': '246d743c0ec34f2f', 'diff': -626.91, 'kept_share': 0.9976, 'control_pct': 49.5, 'perm_p': 0.8501}
[05:37:48 rss 245.6 MB] SFI cluster 0 (43 f): ll 0.7452 auc 0.498 diff None kept 1.0 ctrl None (97.1s)
[05:38:55 rss 248.0 MB] SFI cluster 1 (26 f): ll 0.7448 auc 0.529 diff -397.38 kept 0.9564 ctrl 64.0 (67.0s)
[05:39:49 rss 248.0 MB] SFI cluster 2 (18 f): ll 0.7652 auc 0.515 diff -775.64 kept 0.9746 ctrl 2.6 (54.8s)
