== session_stop REPAIR 2026-09-29T05:21:46 preregistration_repair sha256 56c45828cd02e985 ledger sha before d475f67c4ce346ec dev=False
[minute/L1] units 4452 active sessions 578 pools {'<09:25': 189, '09': 369, '10': 592, '11': 677, '12': 740, '13': 764, '14': 808, '15': 258, '>=15:20': 55} gap median 4.0
[minute/L1] mechanism (real): {"units": 4452, "sessions": 578, "win_rate": 0.1559, "mean_net": -1009.6075, "bars_held_win_mean": 110.621, "bars_held_win_median": 75.5, "bars_held_loss_mean": 18.7408, "bars_held_loss_median": 12.0, "bars_held_stop_mean": 8.2214, "p_follow_given_win": 0.5706, "p_follow_given_loss": 0.9255, "cell_multi_units": 3222, "cell_multi_last_win_rate": 0.2311, "cell_multi_nonlast_win_rate": 0.015, "cell_multi_first_win_rate": 0.018, "cell_multi_last_mean_net": -594.6968, "cell_multi_nonlast_mean_net": -1828.344, "sess_multi_last_win_rate": 0.4763, "sess_multi_nonlast_win_rate": 0.1022}
[minute/L1] 2000 memoryless streams in 334s: units mean 4733 (real 4452); mechanism (memoryless mean): {"units": 4733.397, "sessions": 578.0, "win_rate": 0.1551, "mean_net": -1008.913, "bars_held_win_mean": 109.0075, "bars_held_win_median": 73.5282, "bars_held_loss_mean": 18.408, "bars_held_loss_median": 11.9507, "bars_held_stop_mean": 8.2109, "p_follow_given_win": 0.6806, "p_follow_given_loss": 0.9141, "cell_multi_units": 3488.279, "cell_multi_last_win_rate": 0.2373, "cell_multi_nonlast_win_rate": 0.0267, "cell_multi_first_win_rate": 0.0333, "cell_multi_last_mean_net": -511.8299, "cell_multi_nonlast_mean_net": -1777.7423, "sess_multi_last_win_rate": 0.3668, "sess_multi_nonlast_win_rate": 0.1203}
                     metric         real  memoryless_mean  memoryless_indep_duration_mean
                      units  4452.000000      4733.397000                     4736.255000
                   sessions   578.000000       578.000000                      578.000000
                   win_rate     0.155885         0.155135                        0.155111
                   mean_net -1009.607545     -1008.912962                    -1007.309105
         bars_held_win_mean   110.621037       109.007504                       36.010655
       bars_held_win_median    75.500000        73.528250                       15.570000
        bars_held_loss_mean    18.740820        18.408027                       31.781247
      bars_held_loss_median    12.000000        11.950750                       14.232500
        bars_held_stop_mean     8.221423         8.210918                       32.983165
         p_follow_given_win     0.570605         0.680581                        0.888201
        p_follow_given_loss     0.925492         0.914053                        0.876016
           cell_multi_units  3222.000000      3488.279000                     3492.130000
   cell_multi_last_win_rate     0.231148         0.237335                        0.153242
cell_multi_nonlast_win_rate     0.014985         0.026660                        0.151784
  cell_multi_first_win_rate     0.018033         0.033297                        0.153605
   cell_multi_last_mean_net  -594.696836      -511.829867                    -1014.930369
cell_multi_nonlast_mean_net -1828.344011     -1777.742252                    -1016.962869
   sess_multi_last_win_rate     0.476285         0.366813                        0.135588
sess_multi_nonlast_win_rate     0.102220         0.120280                        0.156933
[minute/L1] N3 / N4 in 25s
              test  n_condition  observed  N3_sim_mean  N3_sim_sd  N3_pct   N3_p  N3_p_holm  N4_stat  N4_ci90_lo  N4_ci90_hi   N4_p  N4_p_holm  N4_sim_mean  N4fine_stat  N4fine_p_holm
spearman_today_net         4452   -0.0398      -0.0419     0.0147   54.90 0.9025        1.0   0.0084     -0.0166      0.0314 0.6057        1.0      -0.0010       0.0072            1.0
          stops>=1         2968 -111.2731     -75.2769    88.8710   34.25 0.6857        1.0 -39.6398   -195.6310    114.3965 0.7136        1.0      -0.1988     -20.5402            1.0
          stops>=2         1791 -120.3091     -60.1877    73.5021   20.45 0.4098        1.0 -71.4015   -168.5153     28.2512 0.2319        1.0       1.3032     -65.5161            1.0
          stops>=3         1009  -23.6872     -50.5515    75.2808   64.55 0.7096        1.0  33.8554    -86.1382    158.8430 0.6277        1.0      -0.0359      34.1233            1.0
        net<=-2000         3370 -116.3049     -83.7532   101.4747   38.30 0.7666        1.0 -33.1835   -221.3535    161.3696 0.8016        1.0      -0.1773       0.7496            1.0
        net<=-4000         2777  -82.2728     -80.1819    83.3275   49.25 0.9855        1.0   5.0038   -133.7572    140.9827 0.9135        1.0       0.5489      31.4879            1.0
        net<=-6000         2198  -83.3514     -73.4492    74.9012   44.25 0.8856        1.0  -8.4976   -132.0166    126.6059 0.9265        1.0       0.5488       6.3986            1.0
[minute] repaired decision: NOT REJECTED under N3 or N4 -> no session memory shown beyond the hour effect, no key ({"min_p_holm_N3": 1.0, "min_p_holm_N4": 1.0, "rejected_N3": false, "rejected_N4": false, "min_p_holm_N4fine": 1.0, "signs_agree": true})
[minute/L0] N4 robustness: min Holm p 1.0000
    tf label               test  n_condition   N4_stat  N4_ci90_lo  N4_ci90_hi   N4_p  N4_p_holm
minute    L0 spearman_today_net         4502   -0.0025     -0.0269      0.0202 0.7896        1.0
minute    L0           stops>=1         3015  123.8541    -99.0795    359.7851 0.3498        1.0
minute    L0           stops>=2         1828    6.9189   -202.9884    215.8117 0.9255        1.0
minute    L0           stops>=3         1031   24.0790   -327.7352    387.0541 0.8906        1.0
minute    L0         net<=-2000         3416   94.6171   -267.9106    461.0323 0.6097        1.0
minute    L0         net<=-4000         2823 -136.9134   -537.9287    281.5699 0.6217        1.0
minute    L0         net<=-6000         2243  -87.4384   -470.1493    316.8313 0.7336        1.0
[minute] N1 demonstration on memoryless streams in 3876s: {"independent of outcome": {"streams": 100, "n1_rejected_share": 0.06, "min_p_holm_median": 0.6752, "excess_threshold_tests_mean": {"stops>=1": 2.11, "stops>=2": 1.6, "stops>=3": 3.66, "net<=-2000": 3.38, "net<=-4000": 4.69, "net<=-6000": 2.56}, "excess_spearman_mean": -0.0004, "excess_threshold_all_positive_share": 0.06, "k2_control_pct_median": 0.2, "k2_control_pct_le5_share": 0.85, "k2_pooled_diff_mean": 57.35, "k2_strat_diff_mean": -7.97, "cell_multi_last_win_rate_mean": 0.154, "cell_multi_nonlast_win_rate_mean": 0.1512}, "tied to outcome": {"streams": 100, "n1_rejected_share": 1.0, "min_p_holm_median": 0.007, "excess_threshold_tests_mean": {"stops>=1": 118.55, "stops>=2": 90.39, "stops>=3": 83.56, "net<=-2000": 112.56, "net<=-4000": 92.61, "net<=-6000": 84.41}, "excess_spearman_mean": -0.0236, "excess_threshold_all_positive_share": 1.0, "k2_control_pct_median": 0.0, "k2_control_pct_le5_share": 1.0, "k2_pooled_diff_mean": 46.6, "k2_strat_diff_mean": -6.36, "cell_multi_last_win_rate_mean": 0.238, "cell_multi_nonlast_win_rate_mean": 0.026}}
[minute] branch B repair: 16 hour-conditioned cells (active_from_hour_bin=13), nested / CPCV over the 48-cell family, hindsight-free judgement
  cell {'max_stops_today': 1, 'max_loss_today_inr': -2000.0, 'rearm_after_win': False}: id cc4b259c612b120a kept 926 share 0.208 diff 98.98 top1off -108.84 ctrl 0.0 [ledger (as run)]
  cell {'max_stops_today': 1, 'max_loss_today_inr': -4000.0, 'rearm_after_win': False}: id dd285d6a666a0bf1 kept 1207 share 0.2711 diff 69.67 top1off -106.82 ctrl 0.0 [ledger (as run)]
  cell {'max_stops_today': 1, 'max_loss_today_inr': -6000.0, 'rearm_after_win': False}: id 2bd2d278085e9bd2 kept 1368 share 0.3073 diff 88.22 top1off -60.36 ctrl 0.0 [ledger (as run)]
  cell {'max_stops_today': 1, 'max_loss_today_inr': None, 'rearm_after_win': False}: id e85ec90e8eb5dd58 kept 1484 share 0.3333 diff 111.27 top1off -67.02 ctrl 0.0 [ledger (as run)]
  cell {'max_stops_today': 2, 'max_loss_today_inr': -2000.0, 'rearm_after_win': False}: id cfe5878236efb840 kept 1015 share 0.228 diff 82.6 top1off -91.45 ctrl 0.0 [ledger (as run)]
  cell {'max_stops_today': 2, 'max_loss_today_inr': -4000.0, 'rearm_after_win': False}: id 04a0ef768dbdd8ae kept 1595 share 0.3583 diff 65.59 top1off -97.02 ctrl 0.0 [ledger (as run)]
  cell {'max_stops_today': 2, 'max_loss_today_inr': -6000.0, 'rearm_after_win': False}: id 3df1bc68319449f4 kept 2047 share 0.4598 diff 66.11 top1off -35.55 ctrl 0.0 [ledger (as run)]
  cell {'max_stops_today': 2, 'max_loss_today_inr': None, 'rearm_after_win': False}: id 21b86a7904b72830 kept 2661 share 0.5977 diff 120.31 top1off -14.68 ctrl 0.0 [ledger (as run)]
  cell {'max_stops_today': 3, 'max_loss_today_inr': -2000.0, 'rearm_after_win': False}: id e98522d8366f5259 kept 1018 share 0.2287 diff 99.33 top1off -96.09 ctrl 0.0 [ledger (as run)]
  cell {'max_stops_today': 3, 'max_loss_today_inr': -4000.0, 'rearm_after_win': False}: id d2f79bbbd2d43afe kept 1620 share 0.3639 diff 73.26 top1off -100.99 ctrl 0.0 [ledger (as run)]
  cell {'max_stops_today': 3, 'max_loss_today_inr': -6000.0, 'rearm_after_win': False}: id c3fb6aca79549819 kept 2198 share 0.4937 diff 76.92 top1off -15.56 ctrl 0.0 [ledger (as run)]
  cell {'max_stops_today': 3, 'max_loss_today_inr': None, 'rearm_after_win': False}: id c97b7c0b3e9d4901 kept 3443 share 0.7734 diff 23.69 top1off -26.61 ctrl 0.0 [ledger (as run)]
  cell {'max_stops_today': 4, 'max_loss_today_inr': -2000.0, 'rearm_after_win': False}: id 1ee7377df57d0aa5 kept 1018 share 0.2287 diff 99.33 top1off -96.09 ctrl 0.0 [ledger (as run)]
  cell {'max_stops_today': 4, 'max_loss_today_inr': -4000.0, 'rearm_after_win': False}: id 10bf866214904d06 kept 1620 share 0.3639 diff 73.26 top1off -100.99 ctrl 0.0 [ledger (as run)]
  cell {'max_stops_today': 4, 'max_loss_today_inr': -6000.0, 'rearm_after_win': False}: id 6a99f951e4d852e1 kept 2207 share 0.4957 diff 82.72 top1off -18.76 ctrl 0.0 [ledger (as run)]
  cell {'max_stops_today': 4, 'max_loss_today_inr': None, 'rearm_after_win': False}: id f8f5c173280a372c kept 3960 share 0.8895 diff 78.96 top1off 49.82 ctrl 0.0 [ledger (as run)]
  cell {'max_stops_today': 1, 'max_loss_today_inr': -2000.0, 'rearm_after_win': True}: id f9546437fcca9d14 kept 1334 share 0.2996 diff 17.64 top1off -107.39 ctrl 0.0 [ledger (as run)]
  cell {'max_stops_today': 1, 'max_loss_today_inr': -4000.0, 'rearm_after_win': True}: id 6c5ea11e4bdfb1a9 kept 1642 share 0.3688 diff -4.42 top1off -129.95 ctrl 0.0 [ledger (as run)]
  cell {'max_stops_today': 1, 'max_loss_today_inr': -6000.0, 'rearm_after_win': True}: id b6e25f276f850c4b kept 1801 share 0.4045 diff 16.35 top1off -91.9 ctrl 0.0 [ledger (as run)]
  cell {'max_stops_today': 1, 'max_loss_today_inr': None, 'rearm_after_win': True}: id 974d8762e0f6e52b kept 1921 share 0.4315 diff 25.35 top1off -99.23 ctrl 0.0 [ledger (as run)]
  cell {'max_stops_today': 2, 'max_loss_today_inr': -2000.0, 'rearm_after_win': True}: id 09941691928e460f kept 1440 share 0.3235 diff 1.31 top1off -111.26 ctrl 0.0 [ledger (as run)]
  cell {'max_stops_today': 2, 'max_loss_today_inr': -4000.0, 'rearm_after_win': True}: id 81ba7271003a7201 kept 2065 share 0.4638 diff 6.73 top1off -140.07 ctrl 0.0 [ledger (as run)]
  cell {'max_stops_today': 2, 'max_loss_today_inr': -6000.0, 'rearm_after_win': True}: id 946b039591d4e134 kept 2473 share 0.5555 diff 30.85 top1off -62.43 ctrl 0.0 [ledger (as run)]
  cell {'max_stops_today': 2, 'max_loss_today_inr': None, 'rearm_after_win': True}: id 03af62c826e23917 kept 2950 share 0.6626 diff 97.99 top1off -63.17 ctrl 0.0 [ledger (as run)]
  cell {'max_stops_today': 3, 'max_loss_today_inr': -2000.0, 'rearm_after_win': True}: id 78760b1569f7d76f kept 1443 share 0.3241 diff 14.92 top1off -115.01 ctrl 0.0 [ledger (as run)]
  cell {'max_stops_today': 3, 'max_loss_today_inr': -4000.0, 'rearm_after_win': True}: id f81b922a55589354 kept 2096 share 0.4708 diff 13.44 top1off -143.94 ctrl 0.0 [ledger (as run)]
  cell {'max_stops_today': 3, 'max_loss_today_inr': -6000.0, 'rearm_after_win': True}: id 43f5fdb5b9d23af6 kept 2615 share 0.5874 diff 24.46 top1off -52.61 ctrl 0.0 [ledger (as run)]
  cell {'max_stops_today': 3, 'max_loss_today_inr': None, 'rearm_after_win': True}: id 70f6282750471750 kept 3562 share 0.8001 diff 56.06 top1off -26.73 ctrl 0.0 [ledger (as run)]
  cell {'max_stops_today': 4, 'max_loss_today_inr': -2000.0, 'rearm_after_win': True}: id 3becc1d5e0aedc24 kept 1443 share 0.3241 diff 14.92 top1off -115.01 ctrl 0.0 [ledger (as run)]
  cell {'max_stops_today': 4, 'max_loss_today_inr': -4000.0, 'rearm_after_win': True}: id 6aa78c3f69216e23 kept 2096 share 0.4708 diff 13.44 top1off -143.94 ctrl 0.0 [ledger (as run)]
  cell {'max_stops_today': 4, 'max_loss_today_inr': -6000.0, 'rearm_after_win': True}: id 0f94fb05d634b644 kept 2624 share 0.5894 diff 30.49 top1off -55.99 ctrl 0.0 [ledger (as run)]
  cell {'max_stops_today': 4, 'max_loss_today_inr': None, 'rearm_after_win': True}: id e4ffee14e1db91d8 kept 4016 share 0.9021 diff 73.98 top1off 24.98 ctrl 0.0 [ledger (as run)]
  cell {'max_stops_today': 1, 'max_loss_today_inr': -2000.0, 'rearm_after_win': False, 'active_from_hour_bin': '13'}: id 4d3988b02b2f3aa2 kept 2723 share 0.6116 diff 32.0 top1off -92.03 ctrl 0.0 [repair]
  cell {'max_stops_today': 1, 'max_loss_today_inr': -4000.0, 'rearm_after_win': False, 'active_from_hour_bin': '13'}: id 65a142df31e7ac73 kept 2792 share 0.6271 diff 40.77 top1off -73.31 ctrl 0.0 [repair]
  cell {'max_stops_today': 1, 'max_loss_today_inr': -6000.0, 'rearm_after_win': False, 'active_from_hour_bin': '13'}: id 8076798690344b72 kept 2838 share 0.6375 diff 60.77 top1off -46.5 ctrl 0.0 [repair]
  cell {'max_stops_today': 1, 'max_loss_today_inr': None, 'rearm_after_win': False, 'active_from_hour_bin': '13'}: id d2eb97735fc6b3ec kept 2882 share 0.6473 diff 70.54 top1off -45.01 ctrl 0.0 [repair]
  cell {'max_stops_today': 2, 'max_loss_today_inr': -2000.0, 'rearm_after_win': False, 'active_from_hour_bin': '13'}: id b8259d402be5e804 kept 2751 share 0.6179 diff 37.17 top1off -82.82 ctrl 0.0 [repair]
  cell {'max_stops_today': 2, 'max_loss_today_inr': -4000.0, 'rearm_after_win': False, 'active_from_hour_bin': '13'}: id dfc6fb56503c5698 kept 2898 share 0.6509 diff 38.83 top1off -75.41 ctrl 0.0 [repair]
  cell {'max_stops_today': 2, 'max_loss_today_inr': -6000.0, 'rearm_after_win': False, 'active_from_hour_bin': '13'}: id 768a3df839cb3b91 kept 3036 share 0.6819 diff 45.96 top1off -48.15 ctrl 0.0 [repair]
  cell {'max_stops_today': 2, 'max_loss_today_inr': None, 'rearm_after_win': False, 'active_from_hour_bin': '13'}: id 5e800db4babf05f9 kept 3304 share 0.7421 diff 41.07 top1off -43.14 ctrl 0.0 [repair]
  cell {'max_stops_today': 3, 'max_loss_today_inr': -2000.0, 'rearm_after_win': False, 'active_from_hour_bin': '13'}: id fbc0a0b242f8f447 kept 2754 share 0.6186 diff 49.83 top1off -86.4 ctrl 0.0 [repair]
  cell {'max_stops_today': 3, 'max_loss_today_inr': -4000.0, 'rearm_after_win': False, 'active_from_hour_bin': '13'}: id f8e27c5b221d1208 kept 2912 share 0.6541 diff 49.88 top1off -79.76 ctrl 0.0 [repair]
  cell {'max_stops_today': 3, 'max_loss_today_inr': -6000.0, 'rearm_after_win': False, 'active_from_hour_bin': '13'}: id 7eb749422c9f006f kept 3092 share 0.6945 diff 55.79 top1off -48.41 ctrl 0.0 [repair]
  cell {'max_stops_today': 3, 'max_loss_today_inr': None, 'rearm_after_win': False, 'active_from_hour_bin': '13'}: id 027bc05704830fe6 kept 3733 share 0.8385 diff -65.51 top1off -114.04 ctrl 0.0 [repair]
  cell {'max_stops_today': 4, 'max_loss_today_inr': -2000.0, 'rearm_after_win': False, 'active_from_hour_bin': '13'}: id d4b5bec14972766e kept 2754 share 0.6186 diff 49.83 top1off -86.4 ctrl 0.0 [repair]
  cell {'max_stops_today': 4, 'max_loss_today_inr': -4000.0, 'rearm_after_win': False, 'active_from_hour_bin': '13'}: id 373a9b81dc90497c kept 2912 share 0.6541 diff 49.88 top1off -79.76 ctrl 0.0 [repair]
  cell {'max_stops_today': 4, 'max_loss_today_inr': -6000.0, 'rearm_after_win': False, 'active_from_hour_bin': '13'}: id 0e2e9f3910e72715 kept 3097 share 0.6956 diff 54.09 top1off -49.39 ctrl 0.0 [repair]
  cell {'max_stops_today': 4, 'max_loss_today_inr': None, 'rearm_after_win': False, 'active_from_hour_bin': '13'}: id 3a74428000c3dd5c kept 4058 share 0.9115 diff -14.08 top1off -1.91 ctrl 0.0 [repair]
  nested OOF (48 cells): id 642553fa41dfcc97 kept 2006 share 0.4506 diff -52.05 top1off -61.27 perm_p 0.5182 ctrl 0.0 sign_blocks 6
  CPCV (48 cells): {'paths': 11, 'diff_median': -30.93, 'diff_p5': -80.12, 'diff_min': -101.95, 'diff_share_positive': 0.455, 'kept_share_median': 0.4847, 'diff_top1_removed_median': -55.59, 'control_pct_median': 0.0, 'control_pct_p5': 0.0}
  chosen on all IS: {'max_loss_today_inr': None, 'max_stops_today': 2, 'rearm_after_win': False} -> go=False; without the control check: False (failing: ['diff_top1_removed>0', 'kept_mean_slip8>0', 'cpcv_p5_diff>0', 'pbo<=0.2', 'dsr_p<0.1', 'spa_p<=0.10'])
  combined (chosen AND fz_traded): {'id': '892e71be4bc3871e', 'kept_n': 448, 'kept_share': 0.1006, 'diff': 68.15, 'diff_top1_removed': -45.54, 'perm_p': 0.6007, 'control_pct': 10.9, 'sign_blocks': 7, 'source': 'ledger (as run)'}
 max_stops_today  max_loss_today_inr  rearm_after_win active_from_hour_bin  kept_share  pooled_diff  sim_pooled_mean  sim_pooled_sd  pooled_sim_pct  strat_diff  strat_ci90_lo  strat_ci90_hi  strat_boot_p  sim_strat_mean  control_pct
               1             -2000.0            False                  NaN      0.2080        98.98           103.19         114.90           48.25       -5.63        -222.22         197.27        0.9515            1.21          0.0
               1             -4000.0            False                  NaN      0.2711        69.67            91.22          98.81           41.80      -34.18        -193.47         120.16        0.7186           -0.31          0.0
               1             -6000.0            False                  NaN      0.3073        88.22            84.98          93.80           51.70       -0.69        -159.26         153.69        0.9825            0.24          0.0
               1                 NaN            False                  NaN      0.3333       111.27            75.28          88.87           65.75       39.64        -119.65         197.19        0.6867            0.20          0.0
               2             -2000.0            False                  NaN      0.2280        82.60            97.03         108.03           45.60      -21.31        -230.23         164.99        0.8326            1.28          0.0
               2             -4000.0            False                  NaN      0.3583        65.59            89.32          86.86           39.25      -34.51        -183.50         107.07        0.6947            0.82          0.0
               2             -6000.0            False                  NaN      0.4598        66.11            80.17          79.04           43.50      -20.14        -157.53         106.12        0.7936            0.07          0.0
               2                 NaN            False                  NaN      0.5977       120.31            60.19          73.50           79.55       71.40         -24.69         170.59        0.2569           -1.30          0.0
               3             -2000.0            False                  NaN      0.2287        99.33            95.96         107.23           50.85        1.89        -214.51         198.92        0.9985            0.97          0.0
               3             -4000.0            False                  NaN      0.3639        73.26            86.16          85.49           43.55      -22.82        -177.07         117.42        0.7916           -0.18          0.0
               3             -6000.0            False                  NaN      0.4937        76.92            76.69          75.72           50.60       -1.57        -142.11         124.86        0.9675           -1.16          0.0
               3                 NaN            False                  NaN      0.7734        23.69            50.55          75.28           35.45      -33.86        -149.26          80.60        0.6137            0.04          0.0
               4             -2000.0            False                  NaN      0.2287        99.33            95.84         107.21           50.75        1.89        -214.51         198.92        0.9985            0.93          0.0
               4             -4000.0            False                  NaN      0.3639        73.26            85.82          85.44           43.60      -22.82        -177.07         117.42        0.7916           -0.31          0.0
               4             -6000.0            False                  NaN      0.4957        82.72            75.90          75.45           53.90        6.67        -136.20         134.24        0.9695           -1.21          0.0
               4                 NaN            False                  NaN      0.8895        78.96            39.57          91.94           66.60       40.97        -103.52         181.88        0.6407           -3.16          0.0
               1             -2000.0             True                  NaN      0.2996        17.64            55.55          87.17           33.75      -52.61        -213.71         100.27        0.5827            0.64          0.0
               1             -4000.0             True                  NaN      0.3688        -4.42            53.75          80.68           24.40      -77.92        -200.67          49.79        0.2979           -0.13          0.0
               1             -6000.0             True                  NaN      0.4045        16.35            52.59          80.06           33.45      -52.82        -176.99          68.54        0.4598            0.04          0.0
               1                 NaN             True                  NaN      0.4315        25.35            47.97          77.73           39.10      -36.02        -172.41         102.25        0.6397           -0.04          0.0
               2             -2000.0             True                  NaN      0.3235         1.31            52.49          84.13           27.50      -68.79        -228.33          73.07        0.4308            0.31          0.0
               2             -4000.0             True                  NaN      0.4638         6.73            60.68          75.95           23.35      -69.40        -202.58          62.57        0.3508            0.69          0.0
               2             -6000.0             True                  NaN      0.5555        30.85            61.15          75.58           33.70      -42.76        -166.75          70.41        0.5137           -0.33          0.0
               2                 NaN             True                  NaN      0.6626        97.99            50.66          75.07           74.10       44.81         -50.65         143.96        0.4628           -1.70          0.0
               3             -2000.0             True                  NaN      0.3241        14.92            51.79          83.78           32.85      -52.85        -221.90         100.56        0.5817            0.02          0.0
               3             -4000.0             True                  NaN      0.4708        13.44            58.71          75.76           27.80      -60.89        -197.31          72.22        0.4198           -0.01          0.0
               3             -6000.0             True                  NaN      0.5874        24.46            60.87          74.92           31.25      -48.78        -180.65          73.43        0.4848           -1.33          0.0
               3                 NaN             True                  NaN      0.8001        56.06            47.81          81.06           53.95        4.89        -125.96         128.18        0.9535           -0.61          0.0
               4             -2000.0             True                  NaN      0.3241        14.92            51.74          83.76           32.85      -52.85        -221.90         100.56        0.5817            0.00          0.0
               4             -4000.0             True                  NaN      0.4708        13.44            58.47          75.77           28.00      -60.89        -197.31          72.22        0.4198           -0.12          0.0
               4             -6000.0             True                  NaN      0.5894        30.49            60.44          74.68           34.30      -41.32        -175.29          82.87        0.5467           -1.29          0.0
               4                 NaN             True                  NaN      0.9021        73.98            39.14         100.92           61.45       34.40        -113.31         172.16        0.6777           -3.05          0.0
               1             -2000.0            False                   13      0.6116        32.00            13.02          73.88           61.10      210.14         -92.80         497.55        0.2489            1.90          0.0
               1             -4000.0            False                   13      0.6271        40.77            12.67          73.80           65.25      195.34         -54.59         442.15        0.1899            0.66          0.0
               1             -6000.0            False                   13      0.6375        60.77            12.55          73.03           73.85      254.22          20.74         483.58        0.0710            0.45          0.0
               1                 NaN            False                   13      0.6473        70.54            12.28          73.66           78.05      258.69          41.98         465.48        0.0430           -0.14          0.0
               2             -2000.0            False                   13      0.6179        37.17            13.22          73.26           64.25      211.65         -76.69         472.96        0.2219            4.45          0.0
               2             -4000.0            False                   13      0.6509        38.83            12.10          73.19           65.30      129.37         -79.56         324.52        0.3048            0.34          0.0
               2             -6000.0            False                   13      0.6819        45.96            11.86          72.45           67.95      113.98         -79.63         295.48        0.3328            0.13          0.0
               2                 NaN            False                   13      0.7421        41.07            11.62          75.82           65.80       66.56         -83.91         210.12        0.4758           -0.36          0.0
               3             -2000.0            False                   13      0.6186        49.83            13.00          73.05           69.70      287.39           2.10         555.29        0.0990            3.54          0.0
               3             -4000.0            False                   13      0.6541        49.88            11.29          72.95           70.90      163.95         -41.97         362.80        0.1809           -1.81          0.0
               3             -6000.0            False                   13      0.6945        55.79            10.75          72.30           73.95      127.91         -48.32         295.43        0.2439           -1.85          0.0
               3                 NaN            False                   13      0.8385       -65.51            12.06          85.05           18.50     -103.23        -272.00          53.47        0.2879            0.05          0.0
               4             -2000.0            False                   13      0.6186        49.83            12.99          73.09           69.90      287.39           2.10         555.29        0.0990            3.49          0.0
               4             -4000.0            False                   13      0.6541        49.88            11.22          72.97           71.00      163.95         -41.97         362.80        0.1809           -1.93          0.0
               4             -6000.0            False                   13      0.6956        54.09            10.81          72.41           73.45      122.54         -50.83         287.39        0.2529           -1.48          0.0
               4                 NaN            False                   13      0.9115       -14.08             9.77         100.86           39.15      -29.34        -211.15         144.68        0.8036           -3.81          0.0
[5minute/L1] units 826 active sessions 408 pools {'<09:25': 50, '09': 96, '10': 123, '11': 100, '12': 126, '13': 149, '14': 132, '15': 45, '>=15:20': 5} gap median 5.0
[5minute/L1] mechanism (real): {"units": 826, "sessions": 408, "win_rate": 0.2772, "mean_net": -757.0523, "bars_held_win_mean": 38.131, "bars_held_win_median": 34.0, "bars_held_loss_mean": 12.0586, "bars_held_loss_median": 8.0, "bars_held_stop_mean": 8.5116, "p_follow_given_win": 0.0655, "p_follow_given_loss": 0.675, "cell_multi_units": 79, "cell_multi_last_win_rate": 0.3077, "cell_multi_nonlast_win_rate": 0.0, "cell_multi_first_win_rate": 0.0, "cell_multi_last_mean_net": -620.8077, "cell_multi_nonlast_mean_net": -3059.6262, "sess_multi_last_win_rate": 0.4703, "sess_multi_nonlast_win_rate": 0.0359}
[5minute/L1] 2000 memoryless streams in 73s: units mean 962 (real 826); mechanism (memoryless mean): {"units": 961.9405, "sessions": 408.0, "win_rate": 0.2698, "mean_net": -770.7606, "bars_held_win_mean": 36.9592, "bars_held_win_median": 33.3975, "bars_held_loss_mean": 11.5015, "bars_held_loss_median": 7.5038, "bars_held_stop_mean": 8.4339, "p_follow_given_win": 0.1752, "p_follow_given_loss": 0.7235, "cell_multi_units": 145.187, "cell_multi_last_win_rate": 0.2892, "cell_multi_nonlast_win_rate": 0.024, "cell_multi_first_win_rate": 0.0244, "cell_multi_last_mean_net": -681.8491, "cell_multi_nonlast_mean_net": -2755.1124, "sess_multi_last_win_rate": 0.4286, "sess_multi_nonlast_win_rate": 0.0821}
                     metric         real  memoryless_mean  memoryless_indep_duration_mean
                      units   826.000000       961.940500                      962.090000
                   sessions   408.000000       408.000000                      408.000000
                   win_rate     0.277240         0.269766                        0.272030
                   mean_net  -757.052252      -770.760603                     -759.440041
         bars_held_win_mean    38.131004        36.959200                       19.213355
       bars_held_win_median    34.000000        33.397500                       10.947500
        bars_held_loss_mean    12.058626        11.501458                       18.019230
      bars_held_loss_median     8.000000         7.503750                       10.050000
        bars_held_stop_mean     8.511561         8.433872                       19.672698
         p_follow_given_win     0.065502         0.175193                        0.586451
        p_follow_given_loss     0.675042         0.723513                        0.571654
           cell_multi_units    79.000000       145.187000                      146.470000
   cell_multi_last_win_rate     0.307692         0.289183                        0.282686
cell_multi_nonlast_win_rate     0.000000         0.023975                        0.278692
  cell_multi_first_win_rate     0.000000         0.024423                        0.279599
   cell_multi_last_mean_net  -620.807692      -681.849147                     -737.851420
cell_multi_nonlast_mean_net -3059.626250     -2755.112420                     -784.386857
   sess_multi_last_win_rate     0.470339         0.428588                        0.252735
sess_multi_nonlast_win_rate     0.035885         0.082130                        0.277124
[5minute/L1] N3 / N4 in 7s
              test  n_condition  observed  N3_sim_mean  N3_sim_sd  N3_pct   N3_p  N3_p_holm   N4_stat  N4_ci90_lo  N4_ci90_hi   N4_p  N4_p_holm  N4_sim_mean  N4fine_stat  N4fine_p_holm
spearman_today_net          826   -0.1075      -0.0714     0.0309   11.85 0.2379     0.9515   -0.0271     -0.0707      0.0135 0.2689     0.5877      -0.0010      -0.0224         1.0000
          stops>=1          301  322.5199      22.2439   274.0528   85.50 0.2909     0.9515  346.3103    -61.3365    787.0247 0.1569     0.5877       7.7316     273.4671         1.0000
          stops>=2           88  988.1546     103.9156   335.4631   99.35 0.0140     0.0840  979.2703     60.6274   1894.3330 0.0850     0.5097      10.7575    1001.5158         0.4128
          stops>=3           18 2257.3375     168.4845   525.6112  100.00 0.0010     0.0070 2309.8182     16.5768   4961.3798 0.1000     0.5097      38.7174    2258.6143         0.5697
        net<=-2000          368  294.1860      31.6466   274.9605   83.10 0.3388     0.9515  327.7676    -47.5189    735.8342 0.1469     0.5877      10.3415     285.8879         1.0000
        net<=-4000          217  293.0126      54.0142   276.9999   81.25 0.3758     0.9515  260.8162   -194.3427    721.9015 0.3558     0.5877       4.7627     251.3482         1.0000
        net<=-6000          123  791.6313      80.7893   317.0969   98.75 0.0260     0.1299  806.8143    133.1531   1448.3411 0.0600     0.4198       0.8076     801.0303         0.4128
[5minute] repaired decision: INCONCLUSIVE: exactly one hindsight-free null rejects (or signs disagree) -> not shown, no key ({"min_p_holm_N3": 0.0069965017491254375, "min_p_holm_N4": 0.4197901049475262, "rejected_N3": true, "rejected_N4": false, "min_p_holm_N4fine": 0.41279360319840075, "signs_agree": true})
[5minute/L0] N4 robustness: min Holm p 1.0000
     tf label               test  n_condition   N4_stat  N4_ci90_lo  N4_ci90_hi   N4_p  N4_p_holm
5minute    L0 spearman_today_net          832   -0.0199     -0.0819      0.0357 0.5407        1.0
5minute    L0           stops>=1          306  585.5273   -504.3235   1727.1041 0.4148        1.0
5minute    L0           stops>=2           89  345.4414  -1743.4459   2656.8975 0.7386        1.0
5minute    L0           stops>=3           18 1206.7838  -2223.1805   5062.6435 0.5797        1.0
5minute    L0         net<=-2000          372  155.5586  -1083.6968   1332.8214 0.8256        1.0
5minute    L0         net<=-4000          220 -114.6199  -1427.2007   1156.1383 0.8196        1.0
5minute    L0         net<=-6000          125 1561.7786   -430.1288   3519.9887 0.2349        1.0
