[13:22:19 +    0.0s rss  203.3 MB] start tf=5minute sub=h5_full stages=['oof12', 'cpcv', 'frozen', 'robust', 'diag'] jobs=2 OMP=2
[13:22:20 +    1.0s rss  246.9 MB] 5minute h5_full: 236 features after dropping time proxies ['sl', 'n_events_asof']; clusters 39; pairs [('touch_prot_bars_ago', 'ffd_close_dstar'), ('room_ahead_dist_atr', 'n_rooms_alive'), ('room_ahead_dist_atr', 'fz_take_why=nan'), ('ffd_close_dstar', 'sl'), ('room_ahead_dist_atr', 'ffd_close_dstar')]
[13:22:20 +    1.0s rss  246.9 MB] features (1002, 236), IS rows 826, models ['dt3', 'h5rules', 'hgbc', 'scorecard']
[13:22:20 +    1.0s rss  246.9 MB] L1 average uniqueness on IS 1.0000
[13:22:20 +    1.0s rss  246.9 MB] === dt3: H5 DecisionTreeClassifier depth <= 3, min leaf 40, nested tau (done: [])
[13:22:20 +    1.2s rss  248.5 MB]   dt3 fold 0: tau=0.1 kept_te=0.988 0.2s
[13:22:20 +    1.4s rss  248.5 MB]   dt3 fold 1: tau=0.15 kept_te=1.000 0.2s
[13:22:21 +    1.5s rss  248.7 MB]   dt3 fold 2: tau=0.1 kept_te=0.976 0.2s
[13:22:21 +    1.7s rss  248.6 MB]   dt3 fold 3: tau=0.1 kept_te=0.974 0.2s
[13:22:21 +    1.9s rss  248.6 MB]   dt3 fold 4: tau=0.2 kept_te=1.000 0.2s
[13:22:21 +    2.0s rss  248.6 MB]   dt3 fold 5: tau=0.1 kept_te=1.000 0.2s
[13:22:21 +    2.2s rss  248.6 MB]   dt3 fold 6: tau=0.1 kept_te=1.000 0.1s
[13:22:21 +    2.4s rss  248.7 MB]   dt3 fold 7: tau=0.1 kept_te=0.980 0.2s
[13:22:22 +    2.5s rss  248.6 MB]   dt3 fold 8: tau=0.1 kept_te=0.750 0.2s
[13:22:22 +    2.7s rss  248.6 MB]   dt3 fold 9: tau=0.1 kept_te=0.975 0.2s
[13:22:22 +    2.9s rss  246.0 MB]   dt3 fold 10: tau=0.15 kept_te=0.968 0.2s
[13:22:22 +    3.1s rss  248.6 MB]   dt3 fold 11: tau=0.1 kept_te=0.928 0.2s
[13:22:24 +    5.0s rss  249.3 MB]   dt3 OOF: id 6087330066520d4b kept 0.96 diff 63.63 ctrl 94.8 perm 0.9365 wrec 0.9479 signs 4
[13:22:24 +    5.2s rss  249.9 MB]   dt3_decay fold 0: tau=0.1 kept_te=0.988 0.2s
[13:22:24 +    5.4s rss  249.9 MB]   dt3_decay fold 1: tau=0.1 kept_te=1.000 0.2s
[13:22:25 +    5.5s rss  250.1 MB]   dt3_decay fold 2: tau=0.1 kept_te=0.976 0.2s
[13:22:25 +    5.7s rss  249.9 MB]   dt3_decay fold 3: tau=0.1 kept_te=1.000 0.2s
[13:22:25 +    5.9s rss  249.9 MB]   dt3_decay fold 4: tau=0.1 kept_te=1.000 0.2s
[13:22:25 +    6.0s rss  249.9 MB]   dt3_decay fold 5: tau=0.1 kept_te=1.000 0.1s
[13:22:25 +    6.2s rss  249.9 MB]   dt3_decay fold 6: tau=0.1 kept_te=1.000 0.2s
[13:22:25 +    6.4s rss  250.0 MB]   dt3_decay fold 7: tau=0.1 kept_te=1.000 0.2s
[13:22:26 +    6.6s rss  249.9 MB]   dt3_decay fold 8: tau=0.1 kept_te=1.000 0.2s
[13:22:26 +    6.7s rss  249.9 MB]   dt3_decay fold 9: tau=0.1 kept_te=0.975 0.2s
[13:22:26 +    6.9s rss  247.4 MB]   dt3_decay fold 10: tau=0.1 kept_te=0.839 0.2s
[13:22:26 +    7.0s rss  249.9 MB]   dt3_decay fold 11: tau=0.1 kept_te=1.000 0.2s
[13:22:26 +    7.0s rss  249.9 MB]   dt3 oof12 done in 6.0s
[13:22:28 +    8.7s rss  249.6 MB]   dt3 cpcv split 11/66 (2s)
[13:22:29 +   10.5s rss  249.7 MB]   dt3 cpcv split 22/66 (3s)
[13:22:31 +   12.2s rss  249.6 MB]   dt3 cpcv split 33/66 (5s)
[13:22:33 +   13.9s rss  249.8 MB]   dt3 cpcv split 44/66 (7s)
[13:22:35 +   15.6s rss  249.8 MB]   dt3 cpcv split 55/66 (9s)
[13:22:36 +   17.2s rss  249.8 MB]   dt3 cpcv split 66/66 (10s)
[13:22:57 +   38.2s rss  249.9 MB]   dt3 CPCV: median -18.31 p5 -2965.69 share>0 0.455 ctrl med 50.0
[13:22:58 +   38.6s rss  267.5 MB]   dt3 frozen rules (0): id 7c15b3fa2d1a1460 kept 1.0 diff None ctrl None fidelity 0.96
[13:23:00 +   40.8s rss  267.5 MB]   dt3 frozen tree (1 rules, tau 0.15): id ac3d6f426fe58f1b kept 0.9504 diff 2247.69
[13:23:00 +   41.3s rss  276.9 MB]   dt3@L0 fold 0: tau=0.1 kept_te=0.928 0.2s
[13:23:01 +   41.5s rss  276.9 MB]   dt3@L0 fold 1: tau=0.1 kept_te=0.917 0.2s
[13:23:01 +   41.7s rss  276.9 MB]   dt3@L0 fold 2: tau=0.1 kept_te=0.929 0.2s
[13:23:01 +   41.9s rss  276.9 MB]   dt3@L0 fold 3: tau=0.1 kept_te=1.000 0.2s
[13:23:01 +   42.1s rss  276.9 MB]   dt3@L0 fold 4: tau=0.1 kept_te=1.000 0.2s
[13:23:01 +   42.3s rss  276.9 MB]   dt3@L0 fold 5: tau=0.1 kept_te=0.836 0.2s
[13:23:01 +   42.5s rss  276.9 MB]   dt3@L0 fold 6: tau=0.1 kept_te=1.000 0.2s
[13:23:02 +   42.7s rss  276.9 MB]   dt3@L0 fold 7: tau=0.1 kept_te=1.000 0.2s
[13:23:02 +   42.8s rss  276.9 MB]   dt3@L0 fold 8: tau=0.1 kept_te=0.987 0.2s
[13:23:02 +   43.0s rss  276.9 MB]   dt3@L0 fold 9: tau=0.1 kept_te=0.939 0.2s
[13:23:02 +   43.2s rss  276.9 MB]   dt3@L0 fold 10: tau=0.1 kept_te=1.000 0.2s
[13:23:02 +   43.4s rss  276.9 MB]   dt3@L0 fold 11: tau=0.1 kept_te=0.831 0.2s
[13:23:02 +   43.4s rss  276.9 MB]   dt3 robust L0: on-label diff -626.77 kept 0.9423
[13:23:03 +   43.5s rss  276.9 MB]   dt3@L2x1 fold 0: tau=0.2 kept_te=0.927 0.2s
[13:23:03 +   43.7s rss  276.9 MB]   dt3@L2x1 fold 1: tau=0.1 kept_te=0.916 0.2s
[13:23:03 +   43.9s rss  276.9 MB]   dt3@L2x1 fold 2: tau=0.2 kept_te=0.929 0.2s
[13:23:03 +   44.1s rss  276.9 MB]   dt3@L2x1 fold 3: tau=0.2 kept_te=0.974 0.2s
[13:23:03 +   44.3s rss  276.9 MB]   dt3@L2x1 fold 4: tau=0.1 kept_te=1.000 0.2s
[13:23:03 +   44.5s rss  276.9 MB]   dt3@L2x1 fold 5: tau=0.2 kept_te=1.000 0.2s
[13:23:04 +   44.6s rss  276.9 MB]   dt3@L2x1 fold 6: tau=0.1 kept_te=1.000 0.1s
[13:23:04 +   44.8s rss  276.9 MB]   dt3@L2x1 fold 7: tau=0.2 kept_te=1.000 0.2s
[13:23:04 +   45.0s rss  276.9 MB]   dt3@L2x1 fold 8: tau=0.2 kept_te=0.868 0.2s
[13:23:04 +   45.2s rss  276.9 MB]   dt3@L2x1 fold 9: tau=0.15 kept_te=0.963 0.2s
[13:23:04 +   45.4s rss  276.9 MB]   dt3@L2x1 fold 10: tau=0.2 kept_te=0.710 0.2s
[13:23:05 +   45.5s rss  276.9 MB]   dt3@L2x1 fold 11: tau=0.2 kept_te=0.458 0.2s
[13:23:05 +   45.6s rss  276.9 MB]   dt3 robust L2x1: on-label diff -297.11 kept 0.8971; on L1 diff -317.49
[13:23:05 +   45.7s rss  276.9 MB]   dt3@L2x2 fold 0: tau=0.15 kept_te=0.927 0.2s
[13:23:05 +   45.9s rss  276.9 MB]   dt3@L2x2 fold 1: tau=0.2 kept_te=0.807 0.2s
[13:23:05 +   46.2s rss  276.9 MB]   dt3@L2x2 fold 2: tau=0.2 kept_te=0.952 0.2s
[13:23:05 +   46.4s rss  276.9 MB]   dt3@L2x2 fold 3: tau=0.2 kept_te=0.816 0.2s
[13:23:06 +   46.6s rss  276.9 MB]   dt3@L2x2 fold 4: tau=0.2 kept_te=1.000 0.2s
[13:23:06 +   46.8s rss  276.9 MB]   dt3@L2x2 fold 5: tau=0.1 kept_te=1.000 0.2s
[13:23:06 +   47.0s rss  276.9 MB]   dt3@L2x2 fold 6: tau=0.1 kept_te=0.922 0.2s
[13:23:06 +   47.2s rss  276.9 MB]   dt3@L2x2 fold 7: tau=0.2 kept_te=0.863 0.2s
[13:23:06 +   47.4s rss  276.9 MB]   dt3@L2x2 fold 8: tau=0.1 kept_te=0.947 0.2s
[13:23:07 +   47.6s rss  276.9 MB]   dt3@L2x2 fold 9: tau=0.15 kept_te=1.000 0.2s
[13:23:07 +   47.8s rss  276.9 MB]   dt3@L2x2 fold 10: tau=0.15 kept_te=1.000 0.2s
[13:23:07 +   48.0s rss  276.9 MB]   dt3@L2x2 fold 11: tau=0.15 kept_te=0.880 0.2s
[13:23:07 +   48.0s rss  276.9 MB]   dt3 robust L2x2: on-label diff -120.05 kept 0.9213; on L1 diff -359.16
[13:23:07 +   48.2s rss  276.9 MB]   dt3@L3 fold 0: tau=0.25 kept_te=0.829 0.2s
[13:23:07 +   48.4s rss  276.9 MB]   dt3@L3 fold 1: tau=0.25 kept_te=0.843 0.2s
[13:23:08 +   48.6s rss  276.9 MB]   dt3@L3 fold 2: tau=0.25 kept_te=0.905 0.2s
[13:23:08 +   48.7s rss  276.9 MB]   dt3@L3 fold 3: tau=0.3 kept_te=1.000 0.1s
[13:23:08 +   48.9s rss  276.9 MB]   dt3@L3 fold 4: tau=0.25 kept_te=0.958 0.2s
[13:23:08 +   49.1s rss  276.9 MB]   dt3@L3 fold 5: tau=0.25 kept_te=0.918 0.2s
[13:23:08 +   49.3s rss  276.9 MB]   dt3@L3 fold 6: tau=0.25 kept_te=0.909 0.2s
[13:23:09 +   49.5s rss  276.9 MB]   dt3@L3 fold 7: tau=0.2 kept_te=1.000 0.2s
[13:23:09 +   49.7s rss  276.9 MB]   dt3@L3 fold 8: tau=0.1 kept_te=1.000 0.2s
[13:23:09 +   49.8s rss  276.9 MB]   dt3@L3 fold 9: tau=0.2 kept_te=1.000 0.2s
[13:23:09 +   50.0s rss  276.9 MB]   dt3@L3 fold 10: tau=0.25 kept_te=0.968 0.2s
[13:23:09 +   50.2s rss  276.9 MB]   dt3@L3 fold 11: tau=0.15 kept_te=1.000 0.2s
[13:23:09 +   50.2s rss  276.9 MB]   dt3 robust L3: on-label diff 2.32 kept 0.9419; on L1 diff -1108.62
[13:23:09 +   50.2s rss  276.9 MB] === h5rules: H5 greedy rule list by training kept expectancy (stop < 200 INR/trade) (done: [])
[13:23:10 +   50.7s rss  280.7 MB]   h5rules fold 0: tau=None kept_te=0.305 rules=2 0.5s
[13:23:10 +   51.2s rss  264.2 MB]   h5rules fold 1: tau=None kept_te=0.265 rules=2 0.5s
[13:23:11 +   51.6s rss  269.8 MB]   h5rules fold 2: tau=None kept_te=0.310 rules=2 0.4s
[13:23:11 +   51.9s rss  280.8 MB]   h5rules fold 3: tau=None kept_te=0.118 rules=2 0.4s
[13:23:11 +   52.3s rss  269.8 MB]   h5rules fold 4: tau=None kept_te=0.153 rules=2 0.4s
[13:23:12 +   52.7s rss  264.3 MB]   h5rules fold 5: tau=None kept_te=0.247 rules=2 0.4s
[13:23:12 +   53.1s rss  264.5 MB]   h5rules fold 6: tau=None kept_te=0.195 rules=2 0.4s
[13:23:12 +   53.5s rss  269.9 MB]   h5rules fold 7: tau=None kept_te=0.216 rules=2 0.4s
[13:23:13 +   53.8s rss  264.6 MB]   h5rules fold 8: tau=None kept_te=0.263 rules=2 0.3s
[13:23:13 +   54.2s rss  264.6 MB]   h5rules fold 9: tau=None kept_te=0.300 rules=1 0.4s
[13:23:14 +   54.5s rss  264.6 MB]   h5rules fold 10: tau=None kept_te=0.161 rules=2 0.4s
[13:23:14 +   54.9s rss  264.6 MB]   h5rules fold 11: tau=None kept_te=0.120 rules=2 0.3s
[13:23:15 +   55.8s rss  264.6 MB]   h5rules OOF: id d0fc4ce5f0aa3614 kept 0.2215 diff 208.14 ctrl 47.4 perm 0.5942 wrec 0.2829 signs 8
[13:23:15 +   55.8s rss  265.6 MB]   h5rules oof12 done in 5.6s
[13:23:19 +   59.9s rss  263.9 MB]   h5rules cpcv split 11/66 (4s)
[13:23:23 +   64.0s rss  263.9 MB]   h5rules cpcv split 22/66 (8s)
[13:23:27 +   68.0s rss  279.6 MB]   h5rules cpcv split 33/66 (12s)
[13:23:31 +   72.0s rss  264.0 MB]   h5rules cpcv split 44/66 (16s)
[13:23:35 +   76.3s rss  264.0 MB]   h5rules cpcv split 55/66 (20s)
[13:23:39 +   80.3s rss  264.2 MB]   h5rules cpcv split 66/66 (24s)
[13:23:51 +   91.6s rss  264.2 MB]   h5rules CPCV: median 37.83 p5 -589.23 share>0 0.545 ctrl med 75.6
[13:23:52 +   93.2s rss  280.3 MB]   h5rules frozen policy (2 rules): id 280c2eca02529d69 kept 0.2203 diff 2114.72 ctrl 93.9
[13:23:53 +   94.0s rss  278.9 MB]   h5rules@L0 fold 0: tau=None kept_te=0.253 rules=1 0.4s
[13:23:53 +   94.4s rss  278.9 MB]   h5rules@L0 fold 1: tau=None kept_te=0.250 rules=2 0.4s
[13:23:54 +   94.9s rss  278.9 MB]   h5rules@L0 fold 2: tau=None kept_te=0.357 rules=2 0.6s
[13:23:54 +   95.4s rss  279.0 MB]   h5rules@L0 fold 3: tau=None kept_te=0.130 rules=2 0.4s
[13:23:55 +   95.7s rss  273.3 MB]   h5rules@L0 fold 4: tau=None kept_te=0.431 rules=2 0.3s
[13:23:55 +   96.4s rss  273.3 MB]   h5rules@L0 fold 5: tau=None kept_te=0.247 rules=1 0.6s
[13:23:56 +   96.9s rss  273.3 MB]   h5rules@L0 fold 6: tau=None kept_te=0.449 rules=2 0.5s
[13:23:56 +   97.5s rss  273.3 MB]   h5rules@L0 fold 7: tau=None kept_te=0.294 rules=1 0.5s
[13:23:57 +   98.0s rss  273.3 MB]   h5rules@L0 fold 8: tau=None kept_te=0.316 rules=2 0.6s
[13:23:58 +   98.7s rss  273.3 MB]   h5rules@L0 fold 9: tau=None kept_te=0.220 rules=2 0.7s
[13:23:58 +   99.2s rss  273.3 MB]   h5rules@L0 fold 10: tau=None kept_te=0.097 rules=2 0.5s
[13:23:59 +   99.7s rss  273.4 MB]   h5rules@L0 fold 11: tau=None kept_te=0.108 rules=2 0.5s
[13:23:59 +   99.7s rss  273.4 MB]   h5rules robust L0: on-label diff -266.2 kept 0.2644
[13:23:59 +  100.2s rss  273.4 MB]   h5rules@L2x1 fold 0: tau=None kept_te=0.366 rules=2 0.4s
[13:24:00 +  100.6s rss  273.4 MB]   h5rules@L2x1 fold 1: tau=None kept_te=0.361 rules=1 0.4s
[13:24:00 +  101.2s rss  273.4 MB]   h5rules@L2x1 fold 2: tau=None kept_te=0.190 rules=2 0.6s
[13:24:01 +  101.6s rss  273.4 MB]   h5rules@L2x1 fold 3: tau=None kept_te=0.158 rules=1 0.4s
[13:24:01 +  102.0s rss  273.4 MB]   h5rules@L2x1 fold 4: tau=None kept_te=0.194 rules=2 0.5s
[13:24:01 +  102.5s rss  273.4 MB]   h5rules@L2x1 fold 5: tau=None kept_te=0.260 rules=2 0.4s
[13:24:02 +  102.9s rss  273.4 MB]   h5rules@L2x1 fold 6: tau=None kept_te=0.221 rules=2 0.4s
[13:24:02 +  103.4s rss  273.4 MB]   h5rules@L2x1 fold 7: tau=None kept_te=0.392 rules=2 0.5s
[13:24:03 +  104.1s rss  273.4 MB]   h5rules@L2x1 fold 8: tau=None kept_te=0.184 rules=2 0.7s
[13:24:04 +  104.5s rss  273.4 MB]   h5rules@L2x1 fold 9: tau=None kept_te=0.237 rules=1 0.4s
[13:24:04 +  104.9s rss  273.4 MB]   h5rules@L2x1 fold 10: tau=None kept_te=0.097 rules=2 0.5s
[13:24:04 +  105.4s rss  273.4 MB]   h5rules@L2x1 fold 11: tau=None kept_te=0.169 rules=2 0.5s
[13:24:04 +  105.4s rss  273.4 MB]   h5rules robust L2x1: on-label diff -453.07 kept 0.2421; on L1 diff -440.61
[13:24:05 +  105.9s rss  273.4 MB]   h5rules@L2x2 fold 0: tau=None kept_te=0.329 rules=2 0.5s
[13:24:05 +  106.4s rss  273.4 MB]   h5rules@L2x2 fold 1: tau=None kept_te=0.157 rules=2 0.5s
[13:24:06 +  106.9s rss  273.4 MB]   h5rules@L2x2 fold 2: tau=None kept_te=0.190 rules=2 0.5s
[13:24:06 +  107.4s rss  273.4 MB]   h5rules@L2x2 fold 3: tau=None kept_te=0.171 rules=2 0.5s
[13:24:07 +  107.9s rss  273.4 MB]   h5rules@L2x2 fold 4: tau=None kept_te=0.139 rules=2 0.5s
[13:24:07 +  108.4s rss  273.4 MB]   h5rules@L2x2 fold 5: tau=None kept_te=0.192 rules=2 0.5s
[13:24:08 +  108.8s rss  273.5 MB]   h5rules@L2x2 fold 6: tau=None kept_te=0.221 rules=2 0.5s
[13:24:08 +  109.3s rss  273.5 MB]   h5rules@L2x2 fold 7: tau=None kept_te=0.314 rules=2 0.5s
[13:24:09 +  109.7s rss  273.5 MB]   h5rules@L2x2 fold 8: tau=None kept_te=0.250 rules=2 0.4s
[13:24:09 +  110.1s rss  273.5 MB]   h5rules@L2x2 fold 9: tau=None kept_te=0.300 rules=1 0.3s
[13:24:09 +  110.5s rss  273.5 MB]   h5rules@L2x2 fold 10: tau=None kept_te=0.097 rules=2 0.4s
[13:24:10 +  110.9s rss  273.5 MB]   h5rules@L2x2 fold 11: tau=None kept_te=0.169 rules=2 0.4s
[13:24:10 +  110.9s rss  273.5 MB]   h5rules robust L2x2: on-label diff -601.14 kept 0.2155; on L1 diff -569.66
[13:24:10 +  111.4s rss  273.5 MB]   h5rules@L3 fold 0: tau=None kept_te=1.000 rules=0 0.5s
[13:24:11 +  111.8s rss  273.5 MB]   h5rules@L3 fold 1: tau=None kept_te=1.000 rules=0 0.4s
[13:24:11 +  112.2s rss  273.5 MB]   h5rules@L3 fold 2: tau=None kept_te=1.000 rules=0 0.4s
[13:24:12 +  112.6s rss  273.5 MB]   h5rules@L3 fold 3: tau=None kept_te=1.000 rules=0 0.4s
[13:24:12 +  113.0s rss  273.5 MB]   h5rules@L3 fold 4: tau=None kept_te=1.000 rules=0 0.4s
[13:24:12 +  113.3s rss  273.5 MB]   h5rules@L3 fold 5: tau=None kept_te=1.000 rules=0 0.3s
[13:24:13 +  113.8s rss  273.5 MB]   h5rules@L3 fold 6: tau=None kept_te=1.000 rules=0 0.4s
[13:24:13 +  114.1s rss  273.5 MB]   h5rules@L3 fold 7: tau=None kept_te=1.000 rules=0 0.3s
[13:24:14 +  114.5s rss  273.5 MB]   h5rules@L3 fold 8: tau=None kept_te=1.000 rules=0 0.4s
[13:24:14 +  114.9s rss  273.5 MB]   h5rules@L3 fold 9: tau=None kept_te=1.000 rules=0 0.4s
[13:24:14 +  115.3s rss  273.5 MB]   h5rules@L3 fold 10: tau=None kept_te=1.000 rules=0 0.4s
[13:24:15 +  115.6s rss  273.5 MB]   h5rules@L3 fold 11: tau=None kept_te=1.000 rules=0 0.4s
[13:24:15 +  115.7s rss  273.5 MB]   h5rules robust L3: on-label diff None kept 1.0; on L1 diff None
[13:24:15 +  115.7s rss  273.5 MB] === hgbc: (b) HGB classifier, interaction_cst = clusters + pairs, monotone H2 columns (done: [])
[13:24:18 +  119.1s rss  275.3 MB]   hgbc fold 0: tau=0.15 kept_te=0.951 3.5s
[13:24:22 +  122.6s rss  275.8 MB]   hgbc fold 1: tau=0.1 kept_te=0.964 3.4s
[13:24:25 +  125.9s rss  276.2 MB]   hgbc fold 2: tau=0.1 kept_te=0.952 3.3s
[13:24:29 +  129.7s rss  276.6 MB]   hgbc fold 3: tau=0.15 kept_te=0.908 3.8s
[13:24:32 +  133.0s rss  277.0 MB]   hgbc fold 4: tau=0.15 kept_te=0.917 3.3s
[13:24:35 +  136.5s rss  277.3 MB]   hgbc fold 5: tau=0.15 kept_te=0.918 3.4s
[13:24:39 +  139.6s rss  277.7 MB]   hgbc fold 6: tau=0.1 kept_te=0.948 3.1s
[13:24:42 +  142.5s rss  278.0 MB]   hgbc fold 7: tau=0.1 kept_te=1.000 2.9s
[13:24:45 +  145.7s rss  278.5 MB]   hgbc fold 8: tau=0.1 kept_te=1.000 3.2s
[13:24:48 +  149.0s rss  279.0 MB]   hgbc fold 9: tau=0.1 kept_te=0.988 3.3s
[13:24:51 +  152.3s rss  279.3 MB]   hgbc fold 10: tau=0.1 kept_te=0.968 3.3s
[13:24:55 +  155.7s rss  279.6 MB]   hgbc fold 11: tau=0.1 kept_te=0.976 3.5s
[13:24:57 +  158.2s rss  279.6 MB]   hgbc OOF: id af1365485c4b5c84 kept 0.9564 diff 386.75 ctrl 44.9 perm 0.6057 wrec 0.9812 signs 7
[13:24:57 +  158.2s rss  282.0 MB]   hgbc distilled rules: id 4a2a1dcbb411cf89 kept 1.0 diff None fidelity 0.9564
[13:24:57 +  158.2s rss  282.0 MB]   hgbc distilled tree: id 60ce5055a1b965e4 kept 1.0 diff None fidelity 0.9564
[13:24:59 +  159.6s rss  372.2 MB]   SHAP top5: [('bocpd_ret_h240_map', 0.2013), ('room_ahead_dist_atr', 0.133), ('dist_prot_dir_atr', 0.0983), ('bocpd_rng_h60_p10', 0.0934), ('ffd_close_dstar', 0.0851)]
[13:25:01 +  162.4s rss  381.6 MB]   hgbc_decay fold 0: tau=0.15 kept_te=0.915 2.8s
[13:25:04 +  165.0s rss  383.5 MB]   hgbc_decay fold 1: tau=0.15 kept_te=0.916 2.6s
[13:25:07 +  168.2s rss  384.0 MB]   hgbc_decay fold 2: tau=0.15 kept_te=0.952 3.2s
[13:25:10 +  170.9s rss  384.4 MB]   hgbc_decay fold 3: tau=0.15 kept_te=0.921 2.7s
[13:25:13 +  173.6s rss  384.7 MB]   hgbc_decay fold 4: tau=0.15 kept_te=0.903 2.7s
[13:25:15 +  176.4s rss  385.2 MB]   hgbc_decay fold 5: tau=0.1 kept_te=1.000 2.8s
[13:25:18 +  179.3s rss  385.7 MB]   hgbc_decay fold 6: tau=0.1 kept_te=0.961 2.8s
[13:25:21 +  182.3s rss  386.0 MB]   hgbc_decay fold 7: tau=0.1 kept_te=1.000 3.0s
[13:25:24 +  185.2s rss  386.3 MB]   hgbc_decay fold 8: tau=0.1 kept_te=0.987 3.0s
[13:25:27 +  188.3s rss  386.7 MB]   hgbc_decay fold 9: tau=0.1 kept_te=1.000 3.1s
[13:25:30 +  191.0s rss  387.1 MB]   hgbc_decay fold 10: tau=0.1 kept_te=1.000 2.7s
[13:25:33 +  193.6s rss  387.5 MB]   hgbc_decay fold 11: tau=0.1 kept_te=0.988 2.6s
[13:25:36 +  196.6s rss  387.8 MB]   hgbc_nomono fold 0: tau=0.15 kept_te=0.951 2.9s
[13:25:39 +  199.7s rss  390.4 MB]   hgbc_nomono fold 1: tau=0.1 kept_te=0.964 3.2s
[13:25:42 +  202.7s rss  390.8 MB]   hgbc_nomono fold 2: tau=0.1 kept_te=0.952 3.0s
[13:25:45 +  205.6s rss  391.1 MB]   hgbc_nomono fold 3: tau=0.15 kept_te=0.908 2.9s
[13:25:47 +  208.3s rss  391.5 MB]   hgbc_nomono fold 4: tau=0.15 kept_te=0.917 2.7s
[13:25:50 +  211.1s rss  391.9 MB]   hgbc_nomono fold 5: tau=0.15 kept_te=0.890 2.8s
[13:25:53 +  213.9s rss  392.4 MB]   hgbc_nomono fold 6: tau=0.1 kept_te=0.961 2.8s
[13:25:56 +  216.8s rss  392.8 MB]   hgbc_nomono fold 7: tau=0.1 kept_te=1.000 2.9s
[13:25:59 +  219.6s rss  394.6 MB]   hgbc_nomono fold 8: tau=0.15 kept_te=0.921 2.8s
[13:26:02 +  222.6s rss  395.0 MB]   hgbc_nomono fold 9: tau=0.15 kept_te=0.912 3.1s
[13:26:04 +  225.4s rss  395.4 MB]   hgbc_nomono fold 10: tau=0.1 kept_te=0.968 2.8s
[13:26:07 +  228.3s rss  395.8 MB]   hgbc_nomono fold 11: tau=0.1 kept_te=0.976 2.9s
[13:26:07 +  228.3s rss  395.8 MB]   hgbc oof12 done in 112.7s
[13:26:41 +  261.6s rss  393.4 MB]   hgbc cpcv split 11/66 (33s)
[13:27:17 +  297.9s rss  393.7 MB]   hgbc cpcv split 22/66 (70s)
[13:27:53 +  334.0s rss  393.9 MB]   hgbc cpcv split 33/66 (106s)
[13:28:30 +  370.8s rss  410.1 MB]   hgbc cpcv split 44/66 (142s)
[13:29:05 +  406.2s rss  394.1 MB]   hgbc cpcv split 55/66 (178s)
[13:29:40 +  440.6s rss  394.2 MB]   hgbc cpcv split 66/66 (212s)
[13:30:01 +  462.1s rss  394.2 MB]   hgbc CPCV: median -116.54 p5 -855.27 share>0 0.364 ctrl med 44.5
[13:30:01 +  462.2s rss  394.3 MB]   hgbc distilled rules CPCV: median nan p5 nan share>0 0.0
[13:30:08 +  469.2s rss  394.4 MB]   hgbc distilled tree CPCV: median -1163.91 p5 -1177.48 share>0 0.091
[13:30:09 +  469.5s rss  411.7 MB]   hgbc frozen rules (0): id a8337faa323f839c kept 1.0 diff None ctrl None fidelity 0.9564
[13:30:12 +  472.7s rss  414.0 MB]   hgbc@L0 fold 0: tau=0.1 kept_te=0.892 2.8s
[13:30:15 +  475.6s rss  414.0 MB]   hgbc@L0 fold 1: tau=0.1 kept_te=0.869 2.9s
[13:30:18 +  478.5s rss  414.1 MB]   hgbc@L0 fold 2: tau=0.1 kept_te=0.857 3.0s
[13:30:21 +  481.6s rss  414.2 MB]   hgbc@L0 fold 3: tau=0.1 kept_te=0.909 3.1s
[13:30:23 +  484.4s rss  414.3 MB]   hgbc@L0 fold 4: tau=0.1 kept_te=0.903 2.8s
[13:30:26 +  487.1s rss  414.6 MB]   hgbc@L0 fold 5: tau=0.1 kept_te=0.904 2.7s
[13:30:29 +  489.9s rss  414.9 MB]   hgbc@L0 fold 6: tau=0.1 kept_te=0.949 2.8s
[13:30:32 +  492.7s rss  415.3 MB]   hgbc@L0 fold 7: tau=0.1 kept_te=0.882 2.8s
[13:30:34 +  495.4s rss  415.6 MB]   hgbc@L0 fold 8: tau=0.1 kept_te=0.882 2.7s
[13:30:37 +  498.1s rss  416.0 MB]   hgbc@L0 fold 9: tau=0.1 kept_te=0.927 2.7s
[13:30:40 +  501.1s rss  416.5 MB]   hgbc@L0 fold 10: tau=0.1 kept_te=0.903 3.0s
[13:30:43 +  503.7s rss  416.7 MB]   hgbc@L0 fold 11: tau=0.1 kept_te=0.819 2.6s
[13:30:43 +  503.7s rss  416.7 MB]   hgbc robust L0: on-label diff 1603.83 kept 0.8918
[13:30:45 +  506.4s rss  416.7 MB]   hgbc@L2x1 fold 0: tau=0.25 kept_te=0.854 2.6s
[13:30:48 +  509.3s rss  416.7 MB]   hgbc@L2x1 fold 1: tau=0.2 kept_te=0.976 2.9s
[13:30:51 +  512.4s rss  416.7 MB]   hgbc@L2x1 fold 2: tau=0.15 kept_te=0.952 3.1s
[13:30:54 +  515.1s rss  416.7 MB]   hgbc@L2x1 fold 3: tau=0.2 kept_te=0.882 2.8s
[13:30:57 +  518.1s rss  416.7 MB]   hgbc@L2x1 fold 4: tau=0.15 kept_te=0.819 3.0s
[13:31:00 +  521.2s rss  416.7 MB]   hgbc@L2x1 fold 5: tau=0.25 kept_te=0.575 3.1s
[13:31:03 +  524.4s rss  416.7 MB]   hgbc@L2x1 fold 6: tau=0.15 kept_te=0.948 3.2s
[13:31:07 +  527.6s rss  416.8 MB]   hgbc@L2x1 fold 7: tau=0.2 kept_te=0.980 3.2s
[13:31:09 +  530.5s rss  416.8 MB]   hgbc@L2x1 fold 8: tau=0.2 kept_te=0.921 2.9s
[13:31:12 +  533.1s rss  416.9 MB]   hgbc@L2x1 fold 9: tau=0.2 kept_te=0.912 2.6s
[13:31:15 +  536.0s rss  417.0 MB]   hgbc@L2x1 fold 10: tau=0.2 kept_te=0.710 2.9s
[13:31:18 +  538.9s rss  417.5 MB]   hgbc@L2x1 fold 11: tau=0.2 kept_te=0.855 2.9s
[13:31:18 +  538.9s rss  417.5 MB]   hgbc robust L2x1: on-label diff 406.54 kept 0.8692; on L1 diff 633.05
[13:31:21 +  541.9s rss  417.5 MB]   hgbc@L2x2 fold 0: tau=0.2 kept_te=0.951 3.0s
[13:31:24 +  544.7s rss  417.5 MB]   hgbc@L2x2 fold 1: tau=0.2 kept_te=0.916 2.8s
[13:31:27 +  547.6s rss  417.5 MB]   hgbc@L2x2 fold 2: tau=0.2 kept_te=0.929 3.0s
[13:31:29 +  550.2s rss  417.5 MB]   hgbc@L2x2 fold 3: tau=0.1 kept_te=1.000 2.6s
[13:31:32 +  553.0s rss  417.5 MB]   hgbc@L2x2 fold 4: tau=0.2 kept_te=0.986 2.8s
[13:31:35 +  555.7s rss  417.5 MB]   hgbc@L2x2 fold 5: tau=0.1 kept_te=1.000 2.7s
[13:31:38 +  558.8s rss  417.5 MB]   hgbc@L2x2 fold 6: tau=0.15 kept_te=1.000 3.1s
[13:31:41 +  561.7s rss  417.5 MB]   hgbc@L2x2 fold 7: tau=0.1 kept_te=1.000 2.9s
[13:31:43 +  564.4s rss  417.6 MB]   hgbc@L2x2 fold 8: tau=0.15 kept_te=0.974 2.7s
[13:31:46 +  566.8s rss  417.6 MB]   hgbc@L2x2 fold 9: tau=0.15 kept_te=0.988 2.5s
[13:31:48 +  569.5s rss  417.6 MB]   hgbc@L2x2 fold 10: tau=0.1 kept_te=1.000 2.6s
[13:31:51 +  572.1s rss  417.7 MB]   hgbc@L2x2 fold 11: tau=0.15 kept_te=0.964 2.7s
[13:31:51 +  572.2s rss  417.7 MB]   hgbc robust L2x2: on-label diff -312.01 kept 0.9746; on L1 diff -1205.19
[13:31:54 +  575.1s rss  417.7 MB]   hgbc@L3 fold 0: tau=0.15 kept_te=1.000 2.9s
[13:31:57 +  577.9s rss  417.7 MB]   hgbc@L3 fold 1: tau=0.25 kept_te=0.988 2.8s
[13:32:00 +  581.0s rss  417.7 MB]   hgbc@L3 fold 2: tau=0.25 kept_te=0.976 3.1s
[13:32:03 +  583.6s rss  417.7 MB]   hgbc@L3 fold 3: tau=0.25 kept_te=0.961 2.6s
[13:32:05 +  586.3s rss  417.7 MB]   hgbc@L3 fold 4: tau=0.25 kept_te=1.000 2.7s
[13:32:08 +  589.4s rss  417.7 MB]   hgbc@L3 fold 5: tau=0.25 kept_te=0.904 3.1s
[13:32:11 +  592.1s rss  417.7 MB]   hgbc@L3 fold 6: tau=0.25 kept_te=0.987 2.7s
[13:32:14 +  595.1s rss  417.7 MB]   hgbc@L3 fold 7: tau=0.2 kept_te=1.000 2.9s
[13:32:17 +  597.8s rss  417.7 MB]   hgbc@L3 fold 8: tau=0.2 kept_te=1.000 2.7s
[13:32:20 +  600.5s rss  417.8 MB]   hgbc@L3 fold 9: tau=0.2 kept_te=1.000 2.8s
[13:32:22 +  603.2s rss  417.8 MB]   hgbc@L3 fold 10: tau=0.2 kept_te=1.000 2.7s
[13:32:25 +  605.8s rss  417.8 MB]   hgbc@L3 fold 11: tau=0.25 kept_te=0.976 2.6s
[13:32:25 +  605.8s rss  417.8 MB]   hgbc robust L3: on-label diff 4.41 kept 0.9818; on L1 diff 556.12
[13:32:25 +  605.8s rss  417.8 MB] === scorecard: (e) scorecard, <= 6 source features by the L1 path (done: [])
[13:32:30 +  610.5s rss  423.1 MB]   scorecard fold 0: tau=0.1 kept_te=1.000 4.7s
[13:32:34 +  614.9s rss  423.1 MB]   scorecard fold 1: tau=0.4 kept_te=1.000 4.4s
[13:32:40 +  620.8s rss  423.4 MB]   scorecard fold 2: tau=0.1 kept_te=1.000 5.8s
[13:32:44 +  625.4s rss  423.4 MB]   scorecard fold 3: tau=0.4 kept_te=1.000 4.7s
[13:32:49 +  630.1s rss  419.8 MB]   scorecard fold 4: tau=0.4 kept_te=1.000 4.6s
[13:32:53 +  634.2s rss  419.8 MB]   scorecard fold 5: tau=0.4 kept_te=1.000 4.2s
[13:32:58 +  638.6s rss  419.8 MB]   scorecard fold 6: tau=0.1 kept_te=1.000 4.4s
[13:33:03 +  643.6s rss  419.8 MB]   scorecard fold 7: tau=0.4 kept_te=1.000 5.0s
[13:33:07 +  648.0s rss  419.8 MB]   scorecard fold 8: tau=0.1 kept_te=1.000 4.3s
[13:33:12 +  652.7s rss  419.8 MB]   scorecard fold 9: tau=0.4 kept_te=1.000 4.8s
[13:33:18 +  658.7s rss  419.9 MB]   scorecard fold 10: tau=0.4 kept_te=1.000 6.0s
[13:33:23 +  663.5s rss  419.9 MB]   scorecard fold 11: tau=0.1 kept_te=1.000 4.8s
[13:33:23 +  663.5s rss  419.9 MB]   scorecard OOF: id fcd1323d61d635df kept 1.0 diff None ctrl None perm None wrec None signs None
[13:33:23 +  663.6s rss  420.4 MB]   scorecard distilled rules: id ef9aa00a9b77c2e4 kept 1.0 diff None fidelity 1.0
[13:33:23 +  663.6s rss  420.4 MB]   scorecard distilled tree: id 5e4c095fbd18996e kept 1.0 diff None fidelity 1.0
[13:33:27 +  668.2s rss  420.4 MB]   scorecard_decay fold 0: tau=0.1 kept_te=1.000 4.6s
[13:33:31 +  671.9s rss  420.4 MB]   scorecard_decay fold 1: tau=0.1 kept_te=1.000 3.7s
[13:33:37 +  677.6s rss  420.4 MB]   scorecard_decay fold 2: tau=0.1 kept_te=1.000 5.7s
[13:33:41 +  682.2s rss  420.4 MB]   scorecard_decay fold 3: tau=0.35 kept_te=1.000 4.6s
[13:33:45 +  686.2s rss  420.4 MB]   scorecard_decay fold 4: tau=0.1 kept_te=1.000 4.0s
[13:33:49 +  689.6s rss  420.4 MB]   scorecard_decay fold 5: tau=0.4 kept_te=1.000 3.4s
[13:33:53 +  693.6s rss  420.4 MB]   scorecard_decay fold 6: tau=0.1 kept_te=1.000 4.0s
[13:33:57 +  698.1s rss  420.4 MB]   scorecard_decay fold 7: tau=0.4 kept_te=1.000 4.5s
[13:34:01 +  701.8s rss  420.4 MB]   scorecard_decay fold 8: tau=0.1 kept_te=1.000 3.7s
[13:34:05 +  706.4s rss  420.4 MB]   scorecard_decay fold 9: tau=0.1 kept_te=1.000 4.6s
[13:34:11 +  712.1s rss  420.4 MB]   scorecard_decay fold 10: tau=0.4 kept_te=1.000 5.6s
[13:34:15 +  715.9s rss  420.4 MB]   scorecard_decay fold 11: tau=0.1 kept_te=1.000 3.9s
[13:34:15 +  715.9s rss  420.4 MB]   scorecard oof12 done in 110.1s
[13:34:53 +  753.7s rss  420.0 MB]   scorecard cpcv split 11/66 (38s)
[13:35:31 +  791.9s rss  421.9 MB]   scorecard cpcv split 22/66 (76s)
[13:36:14 +  834.6s rss  429.6 MB]   scorecard cpcv split 33/66 (119s)
[13:36:54 +  875.4s rss  429.6 MB]   scorecard cpcv split 44/66 (159s)
[13:37:35 +  916.4s rss  429.6 MB]   scorecard cpcv split 55/66 (200s)
[13:38:19 +  960.0s rss  429.6 MB]   scorecard cpcv split 66/66 (244s)
[13:38:35 +  976.5s rss  429.6 MB]   scorecard CPCV: median 1055.94 p5 -2533.43 share>0 0.545 ctrl med 88.5
[13:38:46 +  987.1s rss  429.6 MB]   scorecard distilled rules CPCV: median 786.89 p5 -130.87 share>0 0.364
[13:38:58 +  999.1s rss  429.6 MB]   scorecard distilled tree CPCV: median 1345.64 p5 -641.8 share>0 0.455
[13:38:59 +  999.7s rss  429.8 MB]   scorecard frozen rules (0): id c1f2ea8de14c0c64 kept 1.0 diff None ctrl None fidelity 1.0
[13:39:02 + 1002.7s rss  429.8 MB]   scorecard frozen scorecard (2 features): id 73790fb19b225b36 kept 1.0 diff None ctrl None
[13:39:05 + 1006.2s rss  433.8 MB]   scorecard@L0 fold 0: tau=0.1 kept_te=1.000 3.0s
[13:39:08 + 1009.3s rss  433.8 MB]   scorecard@L0 fold 1: tau=0.35 kept_te=1.000 3.1s
[13:39:11 + 1012.1s rss  433.8 MB]   scorecard@L0 fold 2: tau=0.35 kept_te=1.000 2.7s
[13:39:14 + 1015.0s rss  433.8 MB]   scorecard@L0 fold 3: tau=0.1 kept_te=1.000 2.9s
[13:39:17 + 1017.6s rss  433.8 MB]   scorecard@L0 fold 4: tau=0.1 kept_te=1.000 2.6s
[13:39:19 + 1020.1s rss  433.8 MB]   scorecard@L0 fold 5: tau=0.1 kept_te=1.000 2.5s
[13:39:22 + 1022.7s rss  433.8 MB]   scorecard@L0 fold 6: tau=0.1 kept_te=1.000 2.6s
[13:39:24 + 1025.4s rss  433.8 MB]   scorecard@L0 fold 7: tau=0.1 kept_te=1.000 2.7s
[13:39:27 + 1027.8s rss  433.8 MB]   scorecard@L0 fold 8: tau=0.1 kept_te=1.000 2.4s
[13:39:30 + 1030.9s rss  433.8 MB]   scorecard@L0 fold 9: tau=0.4 kept_te=0.963 3.1s
[13:39:33 + 1034.3s rss  433.8 MB]   scorecard@L0 fold 10: tau=0.4 kept_te=1.000 3.4s
[13:39:36 + 1036.8s rss  433.8 MB]   scorecard@L0 fold 11: tau=0.4 kept_te=1.000 2.5s
[13:39:36 + 1036.9s rss  433.8 MB]   scorecard robust L0: on-label diff 542.92 kept 0.9964
[13:39:40 + 1040.7s rss  433.8 MB]   scorecard@L2x1 fold 0: tau=0.1 kept_te=1.000 3.8s
[13:39:43 + 1044.1s rss  433.8 MB]   scorecard@L2x1 fold 1: tau=0.1 kept_te=1.000 3.4s
[13:39:47 + 1048.1s rss  433.8 MB]   scorecard@L2x1 fold 2: tau=0.1 kept_te=1.000 4.1s
[13:39:51 + 1051.9s rss  433.8 MB]   scorecard@L2x1 fold 3: tau=0.1 kept_te=1.000 3.8s
[13:39:55 + 1055.5s rss  433.8 MB]   scorecard@L2x1 fold 4: tau=0.1 kept_te=1.000 3.6s
[13:39:57 + 1058.4s rss  433.8 MB]   scorecard@L2x1 fold 5: tau=0.35 kept_te=0.493 2.9s
[13:40:01 + 1061.7s rss  433.8 MB]   scorecard@L2x1 fold 6: tau=0.35 kept_te=0.740 3.4s
[13:40:04 + 1065.1s rss  433.8 MB]   scorecard@L2x1 fold 7: tau=0.35 kept_te=0.804 3.4s
[13:40:08 + 1068.8s rss  433.8 MB]   scorecard@L2x1 fold 8: tau=0.1 kept_te=1.000 3.7s
[13:40:12 + 1073.2s rss  433.8 MB]   scorecard@L2x1 fold 9: tau=0.35 kept_te=0.863 4.4s
[13:40:16 + 1077.4s rss  433.8 MB]   scorecard@L2x1 fold 10: tau=0.1 kept_te=1.000 4.1s
[13:40:20 + 1080.9s rss  433.8 MB]   scorecard@L2x1 fold 11: tau=0.1 kept_te=1.000 3.6s
[13:40:20 + 1081.0s rss  433.8 MB]   scorecard robust L2x1: on-label diff 312.79 kept 0.9056; on L1 diff 381.51
[13:40:25 + 1085.7s rss  433.8 MB]   scorecard@L2x2 fold 0: tau=0.1 kept_te=1.000 4.7s
[13:40:29 + 1090.0s rss  433.8 MB]   scorecard@L2x2 fold 1: tau=0.1 kept_te=1.000 4.3s
[13:40:34 + 1094.6s rss  433.8 MB]   scorecard@L2x2 fold 2: tau=0.4 kept_te=1.000 4.6s
[13:40:39 + 1099.7s rss  433.8 MB]   scorecard@L2x2 fold 3: tau=0.4 kept_te=1.000 5.2s
[13:40:44 + 1104.7s rss  433.8 MB]   scorecard@L2x2 fold 4: tau=0.4 kept_te=0.958 4.9s
[13:40:48 + 1109.2s rss  433.8 MB]   scorecard@L2x2 fold 5: tau=0.4 kept_te=1.000 4.5s
[13:40:54 + 1115.0s rss  433.8 MB]   scorecard@L2x2 fold 6: tau=0.4 kept_te=0.961 5.8s
[13:40:59 + 1120.0s rss  433.8 MB]   scorecard@L2x2 fold 7: tau=0.1 kept_te=1.000 5.0s
[13:41:03 + 1124.0s rss  433.8 MB]   scorecard@L2x2 fold 8: tau=0.4 kept_te=0.961 4.1s
[13:41:08 + 1128.6s rss  433.8 MB]   scorecard@L2x2 fold 9: tau=0.1 kept_te=1.000 4.6s
[13:41:12 + 1132.9s rss  433.8 MB]   scorecard@L2x2 fold 10: tau=0.1 kept_te=1.000 4.3s
[13:41:16 + 1137.2s rss  433.8 MB]   scorecard@L2x2 fold 11: tau=0.4 kept_te=1.000 4.3s
[13:41:16 + 1137.3s rss  433.8 MB]   scorecard robust L2x2: on-label diff 587.79 kept 0.9891; on L1 diff 613.6
[13:41:20 + 1141.3s rss  433.8 MB]   scorecard@L3 fold 0: tau=0.1 kept_te=1.000 4.0s
[13:41:24 + 1145.3s rss  433.8 MB]   scorecard@L3 fold 1: tau=0.1 kept_te=1.000 4.0s
[13:41:28 + 1149.2s rss  433.8 MB]   scorecard@L3 fold 2: tau=0.1 kept_te=1.000 3.9s
[13:41:34 + 1154.6s rss  433.8 MB]   scorecard@L3 fold 3: tau=0.4 kept_te=1.000 5.4s
[13:41:39 + 1159.5s rss  433.8 MB]   scorecard@L3 fold 4: tau=0.1 kept_te=1.000 4.8s
[13:41:43 + 1163.8s rss  433.8 MB]   scorecard@L3 fold 5: tau=0.1 kept_te=1.000 4.3s
[13:41:47 + 1167.7s rss  433.8 MB]   scorecard@L3 fold 6: tau=0.1 kept_te=1.000 3.9s
[13:41:51 + 1172.0s rss  433.8 MB]   scorecard@L3 fold 7: tau=0.1 kept_te=1.000 4.2s
[13:41:55 + 1176.2s rss  433.8 MB]   scorecard@L3 fold 8: tau=0.1 kept_te=1.000 4.2s
[13:42:00 + 1181.0s rss  433.8 MB]   scorecard@L3 fold 9: tau=0.1 kept_te=1.000 4.8s
[13:42:05 + 1185.5s rss  433.8 MB]   scorecard@L3 fold 10: tau=0.1 kept_te=1.000 4.4s
[13:42:09 + 1189.7s rss  433.8 MB]   scorecard@L3 fold 11: tau=0.1 kept_te=1.000 4.2s
[13:42:09 + 1189.8s rss  433.8 MB]   scorecard robust L3: on-label diff None kept 1.0; on L1 diff None
[13:42:09 + 1189.8s rss  429.6 MB] oof parquet: 3304 rows -> oof_5minute_h5_full.parquet
[13:42:09 + 1189.8s rss  429.6 MB] ALL DONE tf=5minute sub=h5_full in 1190s, peak rss 429.6 MB
[13:50:27 +    0.0s rss  203.1 MB] start tf=5minute sub=h5_full stages=['oof12', 'cpcv', 'frozen', 'robust', 'diag'] jobs=1 OMP=1
[13:50:28 +    1.5s rss  241.1 MB] 5minute h5_full: 236 features after dropping time proxies ['sl', 'n_events_asof']; clusters 39; pairs [('touch_prot_bars_ago', 'ffd_close_dstar'), ('room_ahead_dist_atr', 'n_rooms_alive'), ('room_ahead_dist_atr', 'fz_take_why=nan'), ('ffd_close_dstar', 'sl'), ('room_ahead_dist_atr', 'ffd_close_dstar')]
[13:50:28 +    1.5s rss  241.1 MB] features (1002, 236), IS rows 826, models ['scorecard']
[13:50:28 +    1.5s rss  241.2 MB] L1 average uniqueness on IS 1.0000
[13:50:28 +    1.5s rss  241.2 MB] === scorecard: (e) scorecard, <= 6 source features by the L1 path (done: [])
[13:50:30 +    2.9s rss  254.7 MB]   scorecard fold 0: tau=0.1 kept_te=1.000 1.4s
[13:50:30 +    3.9s rss  261.5 MB]   scorecard fold 1: tau=0.1 kept_te=1.000 1.0s
[13:50:32 +    5.1s rss  262.0 MB]   scorecard fold 2: tau=0.1 kept_te=1.000 1.2s
[13:50:33 +    6.6s rss  245.7 MB]   scorecard fold 3: tau=0.4 kept_te=0.974 1.5s
[13:50:34 +    7.8s rss  245.8 MB]   scorecard fold 4: tau=0.1 kept_te=1.000 1.2s
[13:50:36 +    9.4s rss  262.3 MB]   scorecard fold 5: tau=0.1 kept_te=1.000 1.6s
[13:50:37 +   10.8s rss  262.3 MB]   scorecard fold 6: tau=0.1 kept_te=1.000 1.3s
[13:50:39 +   12.1s rss  246.2 MB]   scorecard fold 7: tau=0.1 kept_te=1.000 1.3s
[13:50:40 +   13.2s rss  246.4 MB]   scorecard fold 8: tau=0.1 kept_te=1.000 1.1s
[13:50:41 +   14.5s rss  246.5 MB]   scorecard fold 9: tau=0.4 kept_te=1.000 1.2s
[13:50:43 +   16.0s rss  263.3 MB]   scorecard fold 10: tau=0.1 kept_te=1.000 1.6s
[13:50:44 +   17.7s rss  263.0 MB]   scorecard fold 11: tau=0.1 kept_te=1.000 1.7s
[13:50:47 +   20.3s rss  263.0 MB]   scorecard OOF: id d469afb88301a1e3 kept 0.9976 diff 1922.65 ctrl 62.7 perm 0.4883 wrec 1.0 signs 1
[13:50:47 +   20.4s rss  262.7 MB]   scorecard distilled rules: id d14eb10f08c1c59e kept 1.0 diff None fidelity 0.9976
[13:50:47 +   20.4s rss  262.7 MB]   scorecard distilled tree: id e98d53dffbcf095b kept 1.0 diff None fidelity 0.9976
[13:50:48 +   21.5s rss  262.7 MB]   scorecard_decay fold 0: tau=0.1 kept_te=1.000 1.1s
[13:50:49 +   22.2s rss  262.7 MB]   scorecard_decay fold 1: tau=0.1 kept_te=1.000 0.8s
[13:50:50 +   23.2s rss  262.7 MB]   scorecard_decay fold 2: tau=0.1 kept_te=1.000 1.0s
[13:50:51 +   24.1s rss  262.7 MB]   scorecard_decay fold 3: tau=0.1 kept_te=1.000 0.8s
[13:50:52 +   25.0s rss  262.7 MB]   scorecard_decay fold 4: tau=0.1 kept_te=1.000 0.9s
[13:50:52 +   25.7s rss  262.7 MB]   scorecard_decay fold 5: tau=0.1 kept_te=1.000 0.7s
[13:50:53 +   26.5s rss  262.7 MB]   scorecard_decay fold 6: tau=0.1 kept_te=1.000 0.8s
[13:50:54 +   27.2s rss  262.7 MB]   scorecard_decay fold 7: tau=0.1 kept_te=1.000 0.7s
[13:50:55 +   28.0s rss  262.7 MB]   scorecard_decay fold 8: tau=0.1 kept_te=1.000 0.8s
[13:50:55 +   28.9s rss  262.7 MB]   scorecard_decay fold 9: tau=0.1 kept_te=1.000 0.9s
[13:50:56 +   29.8s rss  262.7 MB]   scorecard_decay fold 10: tau=0.1 kept_te=1.000 0.9s
[13:50:57 +   30.7s rss  262.7 MB]   scorecard_decay fold 11: tau=0.1 kept_te=1.000 1.0s
[13:50:57 +   30.7s rss  246.4 MB]   scorecard oof12 done in 29.2s
[13:51:10 +   43.4s rss  248.0 MB]   scorecard cpcv split 11/66 (13s)
[13:51:23 +   56.3s rss  248.3 MB]   scorecard cpcv split 22/66 (26s)
[13:51:34 +   67.8s rss  247.9 MB]   scorecard cpcv split 33/66 (37s)
[13:51:47 +   80.8s rss  248.2 MB]   scorecard cpcv split 44/66 (50s)
[13:51:58 +   91.6s rss  248.3 MB]   scorecard cpcv split 55/66 (61s)
[13:52:09 +  102.7s rss  248.5 MB]   scorecard cpcv split 66/66 (72s)
[13:52:26 +  119.4s rss  248.5 MB]   scorecard CPCV: median 82.48 p5 -744.59 share>0 0.364 ctrl med 72.3
[13:52:39 +  132.5s rss  248.5 MB]   scorecard distilled rules CPCV: median 826.61 p5 53.58 share>0 0.455
[13:52:51 +  144.4s rss  248.5 MB]   scorecard distilled tree CPCV: median 140.31 p5 -3147.84 share>0 0.273
[13:52:51 +  144.8s rss  265.8 MB]   scorecard frozen rules (0): id 37233722aa7f64b3 kept 1.0 diff None ctrl None fidelity 0.9976
[13:52:52 +  145.6s rss  265.8 MB]   scorecard frozen scorecard (2 features): id 4351f112da779e8e kept 1.0 diff None ctrl None
[13:52:53 +  146.7s rss  273.3 MB]   scorecard@L0 fold 0: tau=0.1 kept_te=1.000 0.6s
[13:52:54 +  147.3s rss  273.3 MB]   scorecard@L0 fold 1: tau=0.1 kept_te=1.000 0.6s
[13:52:55 +  147.9s rss  273.3 MB]   scorecard@L0 fold 2: tau=0.1 kept_te=1.000 0.6s
[13:52:55 +  148.4s rss  273.3 MB]   scorecard@L0 fold 3: tau=0.1 kept_te=1.000 0.5s
[13:52:56 +  149.0s rss  273.3 MB]   scorecard@L0 fold 4: tau=0.1 kept_te=1.000 0.6s
[13:52:56 +  149.6s rss  273.3 MB]   scorecard@L0 fold 5: tau=0.1 kept_te=1.000 0.6s
[13:52:57 +  150.2s rss  273.4 MB]   scorecard@L0 fold 6: tau=0.1 kept_te=1.000 0.6s
[13:52:57 +  150.7s rss  273.4 MB]   scorecard@L0 fold 7: tau=0.1 kept_te=1.000 0.5s
[13:52:58 +  151.2s rss  273.5 MB]   scorecard@L0 fold 8: tau=0.1 kept_te=1.000 0.5s
[13:52:58 +  151.8s rss  273.5 MB]   scorecard@L0 fold 9: tau=0.1 kept_te=1.000 0.6s
[13:52:59 +  152.5s rss  273.6 MB]   scorecard@L0 fold 10: tau=0.1 kept_te=1.000 0.8s
[13:53:00 +  153.2s rss  273.6 MB]   scorecard@L0 fold 11: tau=0.1 kept_te=1.000 0.6s
[13:53:00 +  153.2s rss  273.6 MB]   scorecard robust L0: on-label diff None kept 1.0
[13:53:01 +  153.9s rss  273.6 MB]   scorecard@L2x1 fold 0: tau=0.1 kept_te=1.000 0.7s
[13:53:01 +  154.8s rss  273.6 MB]   scorecard@L2x1 fold 1: tau=0.35 kept_te=0.795 0.8s
[13:53:02 +  155.6s rss  273.6 MB]   scorecard@L2x1 fold 2: tau=0.1 kept_te=1.000 0.9s
[13:53:03 +  156.2s rss  273.6 MB]   scorecard@L2x1 fold 3: tau=0.1 kept_te=1.000 0.5s
[13:53:04 +  156.9s rss  273.6 MB]   scorecard@L2x1 fold 4: tau=0.35 kept_te=0.764 0.7s
[13:53:04 +  157.6s rss  273.6 MB]   scorecard@L2x1 fold 5: tau=0.1 kept_te=1.000 0.7s
[13:53:05 +  158.2s rss  273.6 MB]   scorecard@L2x1 fold 6: tau=0.35 kept_te=0.740 0.5s
[13:53:05 +  158.9s rss  273.6 MB]   scorecard@L2x1 fold 7: tau=0.1 kept_te=1.000 0.8s
[13:53:06 +  159.8s rss  273.6 MB]   scorecard@L2x1 fold 8: tau=0.4 kept_te=0.592 0.9s
[13:53:07 +  160.5s rss  273.6 MB]   scorecard@L2x1 fold 9: tau=0.1 kept_te=1.000 0.7s
[13:53:08 +  161.2s rss  273.7 MB]   scorecard@L2x1 fold 10: tau=0.1 kept_te=1.000 0.6s
[13:53:08 +  161.9s rss  273.7 MB]   scorecard@L2x1 fold 11: tau=0.1 kept_te=1.000 0.7s
[13:53:08 +  161.9s rss  273.7 MB]   scorecard robust L2x1: on-label diff 6.29 kept 0.8971; on L1 diff -522.37
[13:53:09 +  162.7s rss  273.7 MB]   scorecard@L2x2 fold 0: tau=0.4 kept_te=1.000 0.8s
[13:53:10 +  163.5s rss  273.7 MB]   scorecard@L2x2 fold 1: tau=0.4 kept_te=1.000 0.8s
[13:53:11 +  164.2s rss  273.7 MB]   scorecard@L2x2 fold 2: tau=0.4 kept_te=1.000 0.7s
[13:53:12 +  165.0s rss  273.7 MB]   scorecard@L2x2 fold 3: tau=0.4 kept_te=1.000 0.8s
[13:53:12 +  165.8s rss  273.7 MB]   scorecard@L2x2 fold 4: tau=0.4 kept_te=0.944 0.8s
[13:53:13 +  166.5s rss  273.7 MB]   scorecard@L2x2 fold 5: tau=0.1 kept_te=1.000 0.7s
[13:53:14 +  167.3s rss  273.7 MB]   scorecard@L2x2 fold 6: tau=0.4 kept_te=0.961 0.8s
[13:53:15 +  168.0s rss  273.7 MB]   scorecard@L2x2 fold 7: tau=0.4 kept_te=1.000 0.7s
[13:53:15 +  168.6s rss  273.7 MB]   scorecard@L2x2 fold 8: tau=0.1 kept_te=1.000 0.7s
[13:53:16 +  169.4s rss  273.7 MB]   scorecard@L2x2 fold 9: tau=0.1 kept_te=1.000 0.8s
[13:53:17 +  170.4s rss  273.7 MB]   scorecard@L2x2 fold 10: tau=0.4 kept_te=0.903 1.0s
[13:53:18 +  171.0s rss  273.7 MB]   scorecard@L2x2 fold 11: tau=0.4 kept_te=1.000 0.7s
[13:53:18 +  171.0s rss  273.7 MB]   scorecard robust L2x2: on-label diff 606.75 kept 0.9879; on L1 diff 339.27
[13:53:18 +  171.9s rss  273.7 MB]   scorecard@L3 fold 0: tau=0.1 kept_te=1.000 0.8s
[13:53:19 +  172.6s rss  273.7 MB]   scorecard@L3 fold 1: tau=0.1 kept_te=1.000 0.8s
[13:53:20 +  173.3s rss  273.7 MB]   scorecard@L3 fold 2: tau=0.1 kept_te=1.000 0.7s
[13:53:21 +  174.3s rss  273.7 MB]   scorecard@L3 fold 3: tau=0.1 kept_te=1.000 1.0s
[13:53:22 +  175.3s rss  273.7 MB]   scorecard@L3 fold 4: tau=0.1 kept_te=1.000 1.0s
[13:53:23 +  176.0s rss  273.7 MB]   scorecard@L3 fold 5: tau=0.1 kept_te=1.000 0.7s
[13:53:23 +  176.8s rss  273.7 MB]   scorecard@L3 fold 6: tau=0.1 kept_te=1.000 0.8s
[13:53:24 +  177.6s rss  273.7 MB]   scorecard@L3 fold 7: tau=0.1 kept_te=1.000 0.8s
[13:53:25 +  178.4s rss  273.7 MB]   scorecard@L3 fold 8: tau=0.1 kept_te=1.000 0.9s
[13:53:26 +  179.3s rss  273.8 MB]   scorecard@L3 fold 9: tau=0.1 kept_te=1.000 0.9s
[13:53:27 +  180.1s rss  273.8 MB]   scorecard@L3 fold 10: tau=0.1 kept_te=1.000 0.8s
[13:53:27 +  180.9s rss  273.8 MB]   scorecard@L3 fold 11: tau=0.1 kept_te=1.000 0.7s
[13:53:27 +  180.9s rss  273.8 MB]   scorecard robust L3: on-label diff None kept 1.0; on L1 diff None
[13:53:27 +  180.9s rss  273.5 MB] oof parquet: 826 rows -> oof_5minute_h5_full.parquet
[13:53:27 +  180.9s rss  273.5 MB] ALL DONE tf=5minute sub=h5_full in 181s, peak rss 273.5 MB
[13:53:30 +    0.0s rss  203.5 MB] start tf=5minute sub=h5_full stages=['diag'] jobs=1 OMP=1
[13:53:30 +    0.8s rss  243.6 MB] 5minute h5_full: 236 features after dropping time proxies ['sl', 'n_events_asof']; clusters 39; pairs [('touch_prot_bars_ago', 'ffd_close_dstar'), ('room_ahead_dist_atr', 'n_rooms_alive'), ('room_ahead_dist_atr', 'fz_take_why=nan'), ('ffd_close_dstar', 'sl'), ('room_ahead_dist_atr', 'ffd_close_dstar')]
[13:53:30 +    0.9s rss  243.6 MB] features (1002, 236), IS rows 826, models ['dt3', 'h5rules', 'hgbc', 'scorecard']
[13:53:30 +    0.9s rss  243.6 MB] L1 average uniqueness on IS 1.0000
[13:53:30 +    0.9s rss  243.6 MB] === dt3: H5 DecisionTreeClassifier depth <= 3, min leaf 40, nested tau (done: ['oof12', 'cpcv', 'frozen', 'robust'])
[13:53:30 +    0.9s rss  243.9 MB] === h5rules: H5 greedy rule list by training kept expectancy (stop < 200 INR/trade) (done: ['oof12', 'cpcv', 'frozen', 'robust'])
[13:53:31 +    0.9s rss  243.9 MB] === hgbc: (b) HGB classifier, interaction_cst = clusters + pairs, monotone H2 columns (done: ['oof12', 'cpcv', 'frozen', 'robust'])
[13:53:31 +    0.9s rss  244.0 MB] === scorecard: (e) scorecard, <= 6 source features by the L1 path (done: ['oof12', 'cpcv', 'frozen', 'robust'])
[13:53:31 +    0.9s rss  246.8 MB] oof parquet: 3304 rows -> oof_5minute_h5_full.parquet
[13:53:31 +    0.9s rss  246.8 MB] ALL DONE tf=5minute sub=h5_full in 1s, peak rss 246.8 MB
