[13:42:12 +    0.0s rss  203.2 MB] start tf=minute sub=context stages=['oof12', 'cpcv', 'frozen', 'robust', 'diag'] jobs=2 OMP=2
[13:42:12 +    0.7s rss  290.3 MB] features (5266, 10), IS rows 4452, models ['bag4', 'hgbc', 'hgbr', 'pt1', 'pt2', 'pt3', 'scorecard']
[13:42:13 +    0.8s rss  295.1 MB] L1 average uniqueness on IS 1.0000
[13:42:13 +    0.8s rss  295.1 MB] === bag4: (a) BaggingClassifier 300 x depth-4 trees (done: [])
[13:42:20 +    7.8s rss  295.7 MB]   bag4 fold 0: tau=0.35 kept_te=0.922 7.0s
[13:42:22 +   10.2s rss  296.7 MB]   bag4 fold 1: tau=0.35 kept_te=0.925 2.4s
[13:42:24 +   12.6s rss  297.6 MB]   bag4 fold 2: tau=0.35 kept_te=0.927 2.4s
[13:42:27 +   14.9s rss  298.8 MB]   bag4 fold 3: tau=0.35 kept_te=0.914 2.3s
[13:42:29 +   17.3s rss  299.7 MB]   bag4 fold 4: tau=0.35 kept_te=0.769 2.4s
[13:42:32 +   20.2s rss  300.7 MB]   bag4 fold 5: tau=0.35 kept_te=0.862 2.9s
[13:42:34 +   22.6s rss  301.7 MB]   bag4 fold 6: tau=0.35 kept_te=0.920 2.4s
[13:42:37 +   25.6s rss  303.0 MB]   bag4 fold 7: tau=0.35 kept_te=0.951 2.9s
[13:42:39 +   27.7s rss  304.0 MB]   bag4 fold 8: tau=0.35 kept_te=0.924 2.1s
[13:42:41 +   29.7s rss  305.0 MB]   bag4 fold 9: tau=0.3 kept_te=0.828 2.0s
[13:42:43 +   31.6s rss  306.1 MB]   bag4 fold 10: tau=0.35 kept_te=0.925 2.0s
[13:42:45 +   33.7s rss  307.0 MB]   bag4 fold 11: tau=0.3 kept_te=0.928 2.1s
[13:42:53 +   40.9s rss  310.7 MB]   bag4 OOF: id a47fc3656fa5ee4d kept 0.8956 diff 192.23 ctrl 47.2 perm 0.1304 wrec 0.9432 signs 10
[13:43:00 +   47.9s rss  295.2 MB]   bag4 distilled rules: id 78097a5957985c81 kept 0.8956 diff 192.23 fidelity 1.0
[13:43:06 +   54.6s rss  295.8 MB]   bag4 distilled tree: id 0bdf6e7acdcaa71a kept 0.8956 diff 192.23 fidelity 1.0
[13:43:08 +   56.6s rss  290.3 MB]   bag4_decay fold 0: tau=0.35 kept_te=0.922 2.0s
[13:43:10 +   58.5s rss  290.6 MB]   bag4_decay fold 1: tau=0.35 kept_te=0.925 1.9s
[13:43:12 +   60.1s rss  291.0 MB]   bag4_decay fold 2: tau=0.35 kept_te=0.927 1.6s
[13:43:14 +   61.8s rss  291.5 MB]   bag4_decay fold 3: tau=0.35 kept_te=0.914 1.7s
[13:43:15 +   63.5s rss  292.2 MB]   bag4_decay fold 4: tau=0.35 kept_te=0.769 1.6s
[13:43:17 +   65.3s rss  292.6 MB]   bag4_decay fold 5: tau=0.35 kept_te=0.862 1.8s
[13:43:19 +   67.2s rss  292.9 MB]   bag4_decay fold 6: tau=0.35 kept_te=0.915 1.9s
[13:43:21 +   69.1s rss  293.9 MB]   bag4_decay fold 7: tau=0.35 kept_te=0.951 1.9s
[13:43:23 +   70.9s rss  295.1 MB]   bag4_decay fold 8: tau=0.35 kept_te=0.924 1.8s
[13:43:25 +   72.9s rss  296.1 MB]   bag4_decay fold 9: tau=0.3 kept_te=0.828 2.0s
[13:43:27 +   75.3s rss  297.2 MB]   bag4_decay fold 10: tau=0.35 kept_te=0.925 2.4s
[13:43:29 +   77.1s rss  298.2 MB]   bag4_decay fold 11: tau=0.3 kept_te=0.928 1.8s
[13:43:31 +   78.9s rss  299.3 MB]   bag3 fold 0: tau=0.35 kept_te=0.922 1.8s
[13:43:32 +   80.5s rss  300.3 MB]   bag3 fold 1: tau=0.1 kept_te=1.000 1.7s
[13:43:34 +   82.3s rss  301.5 MB]   bag3 fold 2: tau=0.1 kept_te=1.000 1.7s
[13:43:36 +   84.0s rss  302.3 MB]   bag3 fold 3: tau=0.1 kept_te=1.000 1.7s
[13:43:38 +   86.0s rss  303.8 MB]   bag3 fold 4: tau=0.1 kept_te=1.000 2.0s
[13:43:39 +   87.7s rss  304.9 MB]   bag3 fold 5: tau=0.1 kept_te=1.000 1.7s
[13:43:41 +   89.6s rss  305.8 MB]   bag3 fold 6: tau=0.1 kept_te=1.000 1.9s
[13:43:43 +   91.3s rss  307.2 MB]   bag3 fold 7: tau=0.35 kept_te=0.951 1.7s
[13:43:45 +   93.0s rss  308.5 MB]   bag3 fold 8: tau=0.1 kept_te=1.000 1.7s
[13:43:46 +   94.7s rss  309.4 MB]   bag3 fold 9: tau=0.35 kept_te=0.828 1.7s
[13:43:48 +   96.5s rss  310.5 MB]   bag3 fold 10: tau=0.1 kept_te=1.000 1.8s
[13:43:50 +   98.1s rss  311.4 MB]   bag3 fold 11: tau=0.3 kept_te=0.928 1.7s
[13:43:52 +  100.0s rss  313.2 MB]   bag5 fold 0: tau=0.35 kept_te=0.710 1.8s
[13:43:54 +  101.8s rss  314.3 MB]   bag5 fold 1: tau=0.35 kept_te=0.838 1.9s
[13:43:55 +  103.5s rss  315.7 MB]   bag5 fold 2: tau=0.35 kept_te=0.711 1.7s
[13:43:57 +  105.3s rss  316.7 MB]   bag5 fold 3: tau=0.35 kept_te=0.817 1.8s
[13:43:59 +  107.3s rss  317.9 MB]   bag5 fold 4: tau=0.35 kept_te=0.769 1.9s
[13:44:01 +  109.0s rss  319.3 MB]   bag5 fold 5: tau=0.35 kept_te=0.862 1.8s
[13:44:03 +  111.0s rss  320.4 MB]   bag5 fold 6: tau=0.35 kept_te=0.764 1.9s
[13:44:05 +  112.9s rss  321.8 MB]   bag5 fold 7: tau=0.35 kept_te=0.857 1.9s
[13:44:07 +  115.0s rss  322.9 MB]   bag5 fold 8: tau=0.3 kept_te=1.000 2.1s
[13:44:09 +  117.2s rss  324.0 MB]   bag5 fold 9: tau=0.3 kept_te=0.828 2.2s
[13:44:11 +  119.1s rss  325.4 MB]   bag5 fold 10: tau=0.35 kept_te=0.757 1.9s
[13:44:12 +  120.8s rss  326.5 MB]   bag5 fold 11: tau=0.35 kept_te=0.861 1.7s
[13:44:13 +  120.8s rss  326.5 MB]   bag4 oof12 done in 120.0s
[13:44:32 +  140.1s rss  332.9 MB]   bag4 cpcv split 11/66 (19s)
[13:44:50 +  158.2s rss  333.7 MB]   bag4 cpcv split 22/66 (37s)
[13:45:08 +  176.1s rss  333.9 MB]   bag4 cpcv split 33/66 (55s)
[13:45:25 +  193.7s rss  325.9 MB]   bag4 cpcv split 44/66 (73s)
[13:45:44 +  212.1s rss  325.6 MB]   bag4 cpcv split 55/66 (91s)
[13:46:01 +  229.7s rss  326.2 MB]   bag4 cpcv split 66/66 (109s)
[13:47:14 +  302.4s rss  326.8 MB]   bag4 CPCV: median 203.11 p5 135.86 share>0 1.0 ctrl med 44.5
[13:48:26 +  374.0s rss  327.0 MB]   bag4 distilled rules CPCV: median 206.26 p5 152.97 share>0 1.0
[13:49:42 +  450.6s rss  327.2 MB]   bag4 distilled tree CPCV: median 206.26 p5 152.97 share>0 1.0
[13:49:49 +  457.3s rss  327.8 MB]   bag4 frozen rules (1): id f4cda9399a97d95b kept 0.9263 diff 326.05 ctrl 86.2 fidelity 0.9692
[13:49:51 +  459.1s rss  371.4 MB]   bag4@L0 fold 0: tau=0.35 kept_te=0.660 1.5s
[13:49:52 +  460.8s rss  371.7 MB]   bag4@L0 fold 1: tau=0.35 kept_te=0.599 1.7s
[13:49:54 +  462.3s rss  371.7 MB]   bag4@L0 fold 2: tau=0.35 kept_te=0.764 1.5s
[13:49:56 +  464.1s rss  371.8 MB]   bag4@L0 fold 3: tau=0.35 kept_te=0.713 1.8s
[13:49:58 +  465.8s rss  372.1 MB]   bag4@L0 fold 4: tau=0.35 kept_te=0.772 1.7s
[13:50:00 +  467.9s rss  372.1 MB]   bag4@L0 fold 5: tau=0.35 kept_te=0.638 2.0s
[13:50:01 +  469.8s rss  372.2 MB]   bag4@L0 fold 6: tau=0.4 kept_te=0.598 1.9s
[13:50:03 +  471.4s rss  372.5 MB]   bag4@L0 fold 7: tau=0.1 kept_te=1.000 1.7s
[13:50:05 +  473.1s rss  373.0 MB]   bag4@L0 fold 8: tau=0.35 kept_te=0.669 1.7s
[13:50:07 +  475.0s rss  373.3 MB]   bag4@L0 fold 9: tau=0.35 kept_te=0.577 1.9s
[13:50:10 +  477.8s rss  373.9 MB]   bag4@L0 fold 10: tau=0.4 kept_te=0.575 2.8s
[13:50:12 +  480.3s rss  375.1 MB]   bag4@L0 fold 11: tau=0.4 kept_te=0.620 2.5s
[13:50:12 +  480.4s rss  379.7 MB]   bag4 robust L0: on-label diff 285.32 kept 0.6753
[13:50:14 +  482.7s rss  381.2 MB]   bag4@L2x1 fold 0: tau=0.1 kept_te=1.000 2.3s
[13:50:17 +  485.0s rss  381.3 MB]   bag4@L2x1 fold 1: tau=0.1 kept_te=1.000 2.3s
[13:50:19 +  487.2s rss  381.4 MB]   bag4@L2x1 fold 2: tau=0.1 kept_te=1.000 2.1s
[13:50:22 +  489.9s rss  381.4 MB]   bag4@L2x1 fold 3: tau=0.1 kept_te=1.000 2.7s
[13:50:24 +  492.8s rss  381.6 MB]   bag4@L2x1 fold 4: tau=0.1 kept_te=1.000 2.9s
[13:50:28 +  496.5s rss  381.8 MB]   bag4@L2x1 fold 5: tau=0.1 kept_te=1.000 3.8s
[13:50:32 +  499.8s rss  381.8 MB]   bag4@L2x1 fold 6: tau=0.1 kept_te=1.000 3.3s
[13:50:35 +  502.9s rss  382.3 MB]   bag4@L2x1 fold 7: tau=0.1 kept_te=1.000 3.1s
[13:50:38 +  506.2s rss  382.7 MB]   bag4@L2x1 fold 8: tau=0.1 kept_te=1.000 3.3s
[13:50:41 +  509.1s rss  383.0 MB]   bag4@L2x1 fold 9: tau=0.1 kept_te=1.000 3.0s
[13:50:44 +  512.2s rss  383.5 MB]   bag4@L2x1 fold 10: tau=0.1 kept_te=1.000 3.0s
[13:50:47 +  514.9s rss  384.6 MB]   bag4@L2x1 fold 11: tau=0.1 kept_te=1.000 2.7s
[13:50:47 +  515.0s rss  384.6 MB]   bag4 robust L2x1: on-label diff None kept 1.0; on L1 diff None
[13:50:50 +  518.2s rss  384.7 MB]   bag4@L2x2 fold 0: tau=0.1 kept_te=1.000 3.1s
[13:50:53 +  520.9s rss  384.7 MB]   bag4@L2x2 fold 1: tau=0.1 kept_te=1.000 2.8s
[13:50:56 +  524.4s rss  384.7 MB]   bag4@L2x2 fold 2: tau=0.1 kept_te=1.000 3.5s
[13:51:00 +  527.9s rss  384.7 MB]   bag4@L2x2 fold 3: tau=0.1 kept_te=1.000 3.5s
[13:51:03 +  531.1s rss  384.7 MB]   bag4@L2x2 fold 4: tau=0.1 kept_te=1.000 3.2s
[13:51:06 +  534.4s rss  384.7 MB]   bag4@L2x2 fold 5: tau=0.1 kept_te=1.000 3.3s
[13:51:09 +  537.7s rss  384.7 MB]   bag4@L2x2 fold 6: tau=0.1 kept_te=1.000 3.3s
[13:51:13 +  540.8s rss  384.8 MB]   bag4@L2x2 fold 7: tau=0.1 kept_te=1.000 3.1s
[13:51:16 +  544.6s rss  384.8 MB]   bag4@L2x2 fold 8: tau=0.1 kept_te=1.000 3.8s
[13:51:19 +  547.6s rss  384.8 MB]   bag4@L2x2 fold 9: tau=0.1 kept_te=1.000 3.0s
[13:51:23 +  550.9s rss  384.8 MB]   bag4@L2x2 fold 10: tau=0.1 kept_te=1.000 3.3s
[13:51:26 +  553.9s rss  384.8 MB]   bag4@L2x2 fold 11: tau=0.1 kept_te=1.000 3.0s
[13:51:26 +  554.0s rss  384.8 MB]   bag4 robust L2x2: on-label diff None kept 1.0; on L1 diff None
[13:51:28 +  556.3s rss  385.0 MB]   bag4@L3 fold 0: tau=0.1 kept_te=1.000 2.3s
[13:51:31 +  558.8s rss  385.0 MB]   bag4@L3 fold 1: tau=0.1 kept_te=1.000 2.6s
[13:51:33 +  561.3s rss  385.0 MB]   bag4@L3 fold 2: tau=0.1 kept_te=1.000 2.5s
[13:51:36 +  564.0s rss  385.0 MB]   bag4@L3 fold 3: tau=0.1 kept_te=1.000 2.7s
[13:51:39 +  566.8s rss  385.0 MB]   bag4@L3 fold 4: tau=0.1 kept_te=1.000 2.8s
[13:51:41 +  569.2s rss  385.0 MB]   bag4@L3 fold 5: tau=0.1 kept_te=1.000 2.4s
[13:51:43 +  571.7s rss  385.0 MB]   bag4@L3 fold 6: tau=0.1 kept_te=1.000 2.5s
[13:51:46 +  574.1s rss  385.0 MB]   bag4@L3 fold 7: tau=0.1 kept_te=1.000 2.3s
[13:51:49 +  576.8s rss  385.0 MB]   bag4@L3 fold 8: tau=0.1 kept_te=1.000 2.8s
[13:51:51 +  579.1s rss  385.0 MB]   bag4@L3 fold 9: tau=0.1 kept_te=1.000 2.2s
[13:51:53 +  581.2s rss  385.1 MB]   bag4@L3 fold 10: tau=0.1 kept_te=1.000 2.1s
[13:51:55 +  583.7s rss  385.1 MB]   bag4@L3 fold 11: tau=0.1 kept_te=1.000 2.5s
[13:51:55 +  583.7s rss  385.1 MB]   bag4 robust L3: on-label diff None kept 1.0; on L1 diff None
[13:51:55 +  583.8s rss  385.1 MB] === hgbc: (b) HGB classifier, one interaction group (hour x dir), no monotone constraint (done: [])
[13:52:05 +  593.6s rss  386.2 MB]   hgbc fold 0: tau=0.35 kept_te=0.735 9.8s
[13:52:45 +  633.2s rss  386.4 MB]   hgbc fold 1: tau=0.3 kept_te=0.897 39.7s
[13:53:34 +  682.4s rss  386.4 MB]   hgbc fold 2: tau=0.3 kept_te=0.885 49.2s
[13:53:37 +  685.5s rss  386.4 MB]   hgbc fold 3: tau=0.3 kept_te=0.874 3.0s
[13:53:41 +  689.0s rss  386.4 MB]   hgbc fold 4: tau=0.3 kept_te=0.867 3.5s
[13:53:44 +  692.4s rss  367.7 MB]   hgbc fold 5: tau=0.3 kept_te=0.874 3.4s
[13:53:48 +  696.1s rss  367.7 MB]   hgbc fold 6: tau=0.3 kept_te=0.880 3.7s
[13:53:51 +  699.6s rss  367.7 MB]   hgbc fold 7: tau=0.35 kept_te=0.917 3.5s
[13:53:55 +  703.4s rss  367.7 MB]   hgbc fold 8: tau=0.35 kept_te=0.806 3.9s
[13:53:59 +  706.9s rss  367.7 MB]   hgbc fold 9: tau=0.35 kept_te=0.774 3.5s
[13:54:02 +  710.0s rss  367.7 MB]   hgbc fold 10: tau=0.35 kept_te=0.809 3.1s
[13:54:05 +  713.0s rss  367.7 MB]   hgbc fold 11: tau=0.35 kept_te=0.863 3.0s
[13:54:11 +  719.7s rss  367.7 MB]   hgbc OOF: id 3290c2619d4cae8f kept 0.8495 diff 185.17 ctrl 11.9 perm 0.084 wrec 0.932 signs 11
[13:54:19 +  726.9s rss  370.8 MB]   hgbc distilled rules: id 928767d51d8c5cbd kept 0.8973 diff 199.59 fidelity 0.9522
[13:54:26 +  734.1s rss  370.8 MB]   hgbc distilled tree: id d753e432605450f5 kept 0.8875 diff 189.88 fidelity 0.962
[13:54:27 +  735.7s rss  449.2 MB]   SHAP top5: [('hour_bin=11', 0.127), ('hour_bin=12', 0.1097), ('hour_bin=>=15:20', 0.1058), ('hour_bin=15', 0.0998), ('dir=down', 0.0794)]
[13:54:31 +  739.4s rss  454.6 MB]   hgbc_decay fold 0: tau=0.3 kept_te=0.874 3.7s
[13:54:34 +  742.8s rss  456.7 MB]   hgbc_decay fold 1: tau=0.3 kept_te=0.871 3.4s
[13:54:38 +  745.9s rss  457.2 MB]   hgbc_decay fold 2: tau=0.35 kept_te=0.768 3.2s
[13:54:42 +  750.0s rss  457.6 MB]   hgbc_decay fold 3: tau=0.3 kept_te=0.874 4.0s
[13:54:45 +  753.1s rss  457.8 MB]   hgbc_decay fold 4: tau=0.3 kept_te=0.867 3.2s
[13:54:49 +  757.1s rss  458.0 MB]   hgbc_decay fold 5: tau=0.3 kept_te=0.874 3.9s
[13:54:52 +  760.7s rss  458.9 MB]   hgbc_decay fold 6: tau=0.3 kept_te=0.880 3.6s
[13:54:57 +  764.8s rss  459.3 MB]   hgbc_decay fold 7: tau=0.35 kept_te=0.887 4.1s
[13:55:00 +  768.6s rss  459.5 MB]   hgbc_decay fold 8: tau=0.3 kept_te=0.894 3.8s
[13:55:04 +  772.1s rss  460.0 MB]   hgbc_decay fold 9: tau=0.3 kept_te=0.774 3.4s
[13:55:07 +  775.5s rss  460.4 MB]   hgbc_decay fold 10: tau=0.3 kept_te=0.873 3.4s
[13:55:11 +  779.3s rss  460.6 MB]   hgbc_decay fold 11: tau=0.35 kept_te=0.863 3.9s
[13:55:11 +  779.3s rss  460.6 MB]   hgbc oof12 done in 195.6s
[13:55:48 +  816.0s rss  458.1 MB]   hgbc cpcv split 11/66 (37s)
[13:56:27 +  855.2s rss  458.6 MB]   hgbc cpcv split 22/66 (76s)
[13:57:06 +  894.7s rss  457.9 MB]   hgbc cpcv split 33/66 (115s)
[13:57:44 +  932.1s rss  464.8 MB]   hgbc cpcv split 44/66 (153s)
[13:58:22 +  970.6s rss  472.0 MB]   hgbc cpcv split 55/66 (191s)
[13:59:03 + 1011.6s rss  472.0 MB]   hgbc cpcv split 66/66 (232s)
[14:00:18 + 1086.2s rss  472.4 MB]   hgbc CPCV: median 167.98 p5 130.89 share>0 1.0 ctrl med 4.8
[14:01:32 + 1160.7s rss  472.4 MB]   hgbc distilled rules CPCV: median 184.81 p5 131.65 share>0 1.0
[14:02:52 + 1240.6s rss  472.4 MB]   hgbc distilled tree CPCV: median 199.36 p5 159.75 share>0 1.0
[14:02:59 + 1247.5s rss  472.4 MB]   hgbc frozen rules (2): id f773bc09dbf984b2 kept 0.8969 diff 288.86 ctrl 56.4 fidelity 0.9526
[14:03:01 + 1249.1s rss  503.3 MB]   hgbc@L0 fold 0: tau=0.3 kept_te=0.815 1.1s
[14:03:02 + 1250.2s rss  503.6 MB]   hgbc@L0 fold 1: tau=0.3 kept_te=0.926 1.1s
[14:03:03 + 1251.4s rss  503.6 MB]   hgbc@L0 fold 2: tau=0.3 kept_te=0.927 1.2s
[14:03:04 + 1252.4s rss  503.6 MB]   hgbc@L0 fold 3: tau=0.3 kept_te=0.914 1.0s
[14:03:05 + 1253.6s rss  503.6 MB]   hgbc@L0 fold 4: tau=0.3 kept_te=0.856 1.1s
[15:35:15 +    0.0s rss  202.9 MB] start tf=minute sub=context stages=['oof12', 'cpcv', 'frozen', 'robust', 'diag'] jobs=4 OMP=4
[15:35:16 +    1.3s rss  310.1 MB] features (5266, 10), IS rows 4452, models ['bag4', 'hgbc', 'hgbr', 'pt1', 'pt2', 'pt3', 'scorecard']
[15:35:16 +    1.4s rss  315.0 MB] L1 average uniqueness on IS 1.0000
[15:35:16 +    1.4s rss  315.0 MB] === bag4: (a) BaggingClassifier 300 x depth-4 trees (done: ['oof12', 'cpcv', 'frozen', 'robust'])
[15:35:16 +    1.5s rss  316.8 MB] === hgbc: (b) HGB classifier, one interaction group (hour x dir), no monotone constraint (done: ['oof12', 'cpcv', 'frozen'])
[15:35:20 +    5.2s rss  334.9 MB]   hgbc@L0 fold 0: tau=0.3 kept_te=0.815 2.7s
[15:35:22 +    6.6s rss  335.9 MB]   hgbc@L0 fold 1: tau=0.3 kept_te=0.926 1.4s
[15:35:23 +    8.2s rss  336.0 MB]   hgbc@L0 fold 2: tau=0.3 kept_te=0.927 1.6s
[15:35:24 +    9.5s rss  336.4 MB]   hgbc@L0 fold 3: tau=0.3 kept_te=0.914 1.3s
[15:35:26 +   10.7s rss  339.0 MB]   hgbc@L0 fold 4: tau=0.3 kept_te=0.856 1.3s
[15:35:27 +   11.9s rss  334.2 MB]   hgbc@L0 fold 5: tau=0.3 kept_te=0.933 1.2s
[15:35:28 +   13.4s rss  338.7 MB]   hgbc@L0 fold 6: tau=0.3 kept_te=0.837 1.5s
[15:35:29 +   14.5s rss  340.6 MB]   hgbc@L0 fold 7: tau=0.3 kept_te=0.952 1.1s
[15:35:31 +   16.1s rss  340.9 MB]   hgbc@L0 fold 8: tau=0.3 kept_te=0.924 1.7s
[15:35:32 +   17.2s rss  341.0 MB]   hgbc@L0 fold 9: tau=0.3 kept_te=0.830 1.1s
[15:35:33 +   18.4s rss  341.6 MB]   hgbc@L0 fold 10: tau=0.35 kept_te=0.667 1.1s
[15:35:34 +   19.5s rss  341.8 MB]   hgbc@L0 fold 11: tau=0.3 kept_te=0.929 1.1s
[15:35:34 +   19.5s rss  342.2 MB]   hgbc robust L0: on-label diff 271.52 kept 0.8818
[15:35:35 +   20.5s rss  342.4 MB]   hgbc@L2x1 fold 0: tau=0.3 kept_te=0.952 1.0s
[15:35:36 +   21.5s rss  342.9 MB]   hgbc@L2x1 fold 1: tau=0.25 kept_te=0.972 1.0s
[15:35:37 +   22.4s rss  343.3 MB]   hgbc@L2x1 fold 2: tau=0.3 kept_te=0.958 0.9s
[15:35:38 +   23.3s rss  343.5 MB]   hgbc@L2x1 fold 3: tau=0.3 kept_te=0.961 0.9s
[15:35:39 +   24.3s rss  343.7 MB]   hgbc@L2x1 fold 4: tau=0.25 kept_te=0.962 1.0s
[15:35:40 +   25.6s rss  344.3 MB]   hgbc@L2x1 fold 5: tau=0.3 kept_te=0.941 1.2s
[15:35:41 +   26.5s rss  345.0 MB]   hgbc@L2x1 fold 6: tau=0.3 kept_te=0.960 1.0s
[15:35:42 +   27.4s rss  345.3 MB]   hgbc@L2x1 fold 7: tau=0.25 kept_te=0.966 0.9s
[15:35:43 +   28.5s rss  345.4 MB]   hgbc@L2x1 fold 8: tau=0.3 kept_te=0.971 1.0s
[15:35:44 +   29.4s rss  346.2 MB]   hgbc@L2x1 fold 9: tau=0.3 kept_te=0.946 0.9s
[15:35:45 +   30.4s rss  346.4 MB]   hgbc@L2x1 fold 10: tau=0.25 kept_te=0.948 1.0s
[15:35:46 +   31.4s rss  346.6 MB]   hgbc@L2x1 fold 11: tau=0.25 kept_te=0.965 1.0s
[15:35:46 +   31.4s rss  347.1 MB]   hgbc robust L2x1: on-label diff 66.47 kept 0.9582; on L1 diff 130.93
[15:35:47 +   32.6s rss  347.1 MB]   hgbc@L2x2 fold 0: tau=0.35 kept_te=0.922 1.1s
[15:35:48 +   33.4s rss  347.2 MB]   hgbc@L2x2 fold 1: tau=0.35 kept_te=0.946 0.9s
[15:35:49 +   34.4s rss  347.2 MB]   hgbc@L2x2 fold 2: tau=0.3 kept_te=0.922 0.9s
[15:35:50 +   35.5s rss  347.2 MB]   hgbc@L2x2 fold 3: tau=0.15 kept_te=0.961 1.1s
[15:35:51 +   36.3s rss  347.3 MB]   hgbc@L2x2 fold 4: tau=0.3 kept_te=0.933 0.8s
[15:35:52 +   37.2s rss  347.4 MB]   hgbc@L2x2 fold 5: tau=0.35 kept_te=0.909 0.9s
[15:35:53 +   38.1s rss  347.4 MB]   hgbc@L2x2 fold 6: tau=0.2 kept_te=0.960 0.9s
[15:35:54 +   39.1s rss  347.4 MB]   hgbc@L2x2 fold 7: tau=0.2 kept_te=0.966 1.1s
[15:35:55 +   40.0s rss  347.4 MB]   hgbc@L2x2 fold 8: tau=0.2 kept_te=0.971 0.9s
[15:35:56 +   41.0s rss  348.5 MB]   hgbc@L2x2 fold 9: tau=0.35 kept_te=0.914 1.0s
[15:35:57 +   41.9s rss  348.5 MB]   hgbc@L2x2 fold 10: tau=0.3 kept_te=0.942 0.9s
[15:35:58 +   42.7s rss  348.5 MB]   hgbc@L2x2 fold 11: tau=0.3 kept_te=0.936 0.8s
[15:35:58 +   42.8s rss  348.5 MB]   hgbc robust L2x2: on-label diff 85.44 kept 0.938; on L1 diff 30.96
[15:35:59 +   43.8s rss  348.5 MB]   hgbc@L3 fold 0: tau=0.1 kept_te=1.000 1.0s
[15:36:00 +   45.0s rss  348.5 MB]   hgbc@L3 fold 1: tau=0.1 kept_te=1.000 1.2s
[15:36:01 +   46.0s rss  348.5 MB]   hgbc@L3 fold 2: tau=0.1 kept_te=1.000 1.1s
[15:36:02 +   47.1s rss  348.5 MB]   hgbc@L3 fold 3: tau=0.1 kept_te=1.000 1.0s
[15:36:03 +   48.1s rss  348.5 MB]   hgbc@L3 fold 4: tau=0.1 kept_te=1.000 1.0s
[15:36:04 +   49.1s rss  348.5 MB]   hgbc@L3 fold 5: tau=0.1 kept_te=1.000 1.0s
[15:36:05 +   50.1s rss  348.5 MB]   hgbc@L3 fold 6: tau=0.1 kept_te=1.000 1.1s
[15:36:06 +   51.1s rss  348.9 MB]   hgbc@L3 fold 7: tau=0.1 kept_te=1.000 1.0s
[15:36:07 +   52.2s rss  348.9 MB]   hgbc@L3 fold 8: tau=0.1 kept_te=1.000 1.0s
[15:36:08 +   53.1s rss  348.9 MB]   hgbc@L3 fold 9: tau=0.1 kept_te=1.000 1.0s
[15:36:09 +   54.2s rss  348.9 MB]   hgbc@L3 fold 10: tau=0.1 kept_te=1.000 1.1s
[15:36:10 +   55.2s rss  348.9 MB]   hgbc@L3 fold 11: tau=0.1 kept_te=1.000 1.0s
[15:36:10 +   55.3s rss  348.9 MB]   hgbc robust L3: on-label diff None kept 1.0; on L1 diff None
[15:36:10 +   55.3s rss  349.3 MB] === hgbr: (c) HGB regressor E[net|x] > tau_r (done: [])
[15:36:11 +   56.4s rss  349.7 MB]   hgbr fold 0: tau=-1250.0 kept_te=0.922 1.1s
[15:36:12 +   57.5s rss  349.7 MB]   hgbr fold 1: tau=-1500.0 kept_te=1.000 1.1s
[15:36:13 +   58.5s rss  349.8 MB]   hgbr fold 2: tau=-1500.0 kept_te=1.000 1.0s
[15:36:14 +   59.6s rss  349.7 MB]   hgbr fold 3: tau=-1500.0 kept_te=1.000 1.0s
[15:36:15 +   60.5s rss  349.8 MB]   hgbr fold 4: tau=-1250.0 kept_te=0.933 1.0s
[15:36:17 +   61.6s rss  350.3 MB]   hgbr fold 5: tau=-1250.0 kept_te=0.933 1.1s
[15:36:17 +   62.6s rss  350.3 MB]   hgbr fold 6: tau=-1500.0 kept_te=1.000 0.9s
[15:36:19 +   63.8s rss  350.3 MB]   hgbr fold 7: tau=-1250.0 kept_te=0.951 1.2s
[15:36:20 +   64.9s rss  350.3 MB]   hgbr fold 8: tau=-1250.0 kept_te=0.924 1.1s
[15:36:21 +   65.9s rss  350.3 MB]   hgbr fold 9: tau=-1250.0 kept_te=0.828 1.0s
[15:36:22 +   67.0s rss  350.3 MB]   hgbr fold 10: tau=-1500.0 kept_te=1.000 1.1s
[15:36:23 +   68.0s rss  350.3 MB]   hgbr fold 11: tau=-1250.0 kept_te=0.928 1.0s
[15:36:29 +   74.6s rss  353.8 MB]   hgbr OOF: id cd52214f7daee5ac kept 0.9486 diff 244.71 ctrl 56.4 perm 0.1679 wrec 0.9662 signs 7
[15:36:36 +   81.4s rss  338.6 MB]   hgbr distilled rules: id 0cf6289283799682 kept 0.9917 diff 125.67 fidelity 0.9569
[15:36:43 +   88.3s rss  340.7 MB]   hgbr distilled tree: id 3907f3c02154d00e kept 0.9358 diff 178.54 fidelity 0.9872
[15:36:43 +   88.3s rss  340.7 MB]   hgbr oof12 done in 33.0s
[15:36:55 +   99.6s rss  338.5 MB]   hgbr cpcv split 11/66 (11s)
[15:37:07 +  112.1s rss  338.5 MB]   hgbr cpcv split 22/66 (24s)
[15:37:20 +  125.0s rss  338.5 MB]   hgbr cpcv split 33/66 (37s)
[15:37:56 +  161.0s rss  338.5 MB]   hgbr cpcv split 44/66 (73s)
[15:38:08 +  173.0s rss  338.5 MB]   hgbr cpcv split 55/66 (85s)
[15:38:20 +  185.0s rss  338.5 MB]   hgbr cpcv split 66/66 (97s)
[15:39:35 +  260.1s rss  338.5 MB]   hgbr CPCV: median 193.31 p5 22.75 share>0 1.0 ctrl med 56.1
[15:40:47 +  332.0s rss  338.5 MB]   hgbr distilled rules CPCV: median 169.41 p5 14.95 share>0 0.818
[15:42:05 +  410.5s rss  338.5 MB]   hgbr distilled tree CPCV: median 227.57 p5 29.98 share>0 1.0
[15:42:05 +  410.5s rss  338.5 MB]   hgbr frozen rules (0): id dfce9058c32f08d7 kept 1.0 diff None ctrl None fidelity 0.9486
[15:42:33 +  437.8s rss  374.5 MB]   hgbr@L0 fold 0: tau=-1500.0 kept_te=0.978 27.0s
[15:42:34 +  438.8s rss  375.0 MB]   hgbr@L0 fold 1: tau=-1500.0 kept_te=1.000 1.0s
[15:42:35 +  439.8s rss  375.0 MB]   hgbr@L0 fold 2: tau=-1500.0 kept_te=0.987 1.0s
[15:42:36 +  440.8s rss  375.0 MB]   hgbr@L0 fold 3: tau=-1500.0 kept_te=0.979 1.0s
[15:42:37 +  442.0s rss  375.0 MB]   hgbr@L0 fold 4: tau=-1500.0 kept_te=1.000 1.1s
[15:42:38 +  443.0s rss  375.0 MB]   hgbr@L0 fold 5: tau=-1500.0 kept_te=1.000 1.0s
[15:42:39 +  444.0s rss  375.0 MB]   hgbr@L0 fold 6: tau=-1500.0 kept_te=1.000 1.0s
[15:42:40 +  445.2s rss  375.0 MB]   hgbr@L0 fold 7: tau=-1500.0 kept_te=1.000 1.2s
[15:42:41 +  446.4s rss  375.0 MB]   hgbr@L0 fold 8: tau=-1500.0 kept_te=1.000 1.2s
[15:42:43 +  447.6s rss  375.0 MB]   hgbr@L0 fold 9: tau=-1500.0 kept_te=0.982 1.2s
[15:42:44 +  448.9s rss  375.0 MB]   hgbr@L0 fold 10: tau=-1500.0 kept_te=1.000 1.3s
[15:42:45 +  450.1s rss  375.0 MB]   hgbr@L0 fold 11: tau=-1500.0 kept_te=1.000 1.2s
[15:42:45 +  450.2s rss  375.2 MB]   hgbr robust L0: on-label diff -2604.93 kept 0.9924
[15:42:46 +  451.1s rss  375.2 MB]   hgbr@L2x1 fold 0: tau=-1500.0 kept_te=1.000 1.0s
[15:42:47 +  452.2s rss  375.2 MB]   hgbr@L2x1 fold 1: tau=-1250.0 kept_te=1.000 1.0s
[15:42:48 +  453.2s rss  375.2 MB]   hgbr@L2x1 fold 2: tau=-1500.0 kept_te=1.000 1.0s
[15:42:49 +  454.4s rss  375.2 MB]   hgbr@L2x1 fold 3: tau=-1500.0 kept_te=1.000 1.3s
[15:42:50 +  455.5s rss  375.2 MB]   hgbr@L2x1 fold 4: tau=-1500.0 kept_te=1.000 1.1s
[15:42:51 +  456.5s rss  375.2 MB]   hgbr@L2x1 fold 5: tau=-1500.0 kept_te=1.000 1.0s
[15:42:53 +  457.7s rss  375.2 MB]   hgbr@L2x1 fold 6: tau=-1500.0 kept_te=1.000 1.1s
[15:42:54 +  458.7s rss  375.2 MB]   hgbr@L2x1 fold 7: tau=-1500.0 kept_te=1.000 1.0s
[15:42:55 +  459.7s rss  375.2 MB]   hgbr@L2x1 fold 8: tau=-1500.0 kept_te=1.000 1.0s
[15:42:56 +  460.6s rss  375.2 MB]   hgbr@L2x1 fold 9: tau=-1500.0 kept_te=1.000 1.0s
[15:42:57 +  461.8s rss  375.2 MB]   hgbr@L2x1 fold 10: tau=-1500.0 kept_te=1.000 1.1s
[15:42:58 +  462.8s rss  375.2 MB]   hgbr@L2x1 fold 11: tau=-1500.0 kept_te=1.000 1.0s
[15:42:58 +  462.9s rss  375.8 MB]   hgbr robust L2x1: on-label diff None kept 1.0; on L1 diff None
[15:42:59 +  463.8s rss  375.8 MB]   hgbr@L2x2 fold 0: tau=-1500.0 kept_te=1.000 1.0s
[15:43:00 +  464.9s rss  375.8 MB]   hgbr@L2x2 fold 1: tau=-1500.0 kept_te=1.000 1.1s
[15:43:11 +  476.2s rss  375.8 MB]   hgbr@L2x2 fold 2: tau=-1500.0 kept_te=1.000 11.3s
[15:43:12 +  477.4s rss  375.8 MB]   hgbr@L2x2 fold 3: tau=-1500.0 kept_te=1.000 1.2s
[15:43:13 +  478.5s rss  375.8 MB]   hgbr@L2x2 fold 4: tau=-1500.0 kept_te=1.000 1.1s
[15:43:14 +  479.4s rss  375.8 MB]   hgbr@L2x2 fold 5: tau=-1500.0 kept_te=1.000 0.9s
[15:43:16 +  480.7s rss  375.8 MB]   hgbr@L2x2 fold 6: tau=-1500.0 kept_te=1.000 1.3s
[15:43:16 +  481.5s rss  375.8 MB]   hgbr@L2x2 fold 7: tau=-1500.0 kept_te=1.000 0.8s
[15:43:18 +  482.6s rss  375.8 MB]   hgbr@L2x2 fold 8: tau=-1500.0 kept_te=1.000 1.1s
[15:43:42 +  507.6s rss  375.8 MB]   hgbr@L2x2 fold 9: tau=-1500.0 kept_te=1.000 24.9s
[15:44:32 +  557.2s rss  375.8 MB]   hgbr@L2x2 fold 10: tau=-1500.0 kept_te=1.000 49.6s
[15:45:15 +  600.6s rss  375.8 MB]   hgbr@L2x2 fold 11: tau=-1500.0 kept_te=1.000 43.4s
[15:45:16 +  600.6s rss  375.8 MB]   hgbr robust L2x2: on-label diff None kept 1.0; on L1 diff None
[15:45:48 +  633.0s rss  375.8 MB]   hgbr@L3 fold 0: tau=-1500.0 kept_te=1.000 32.3s
[15:47:47 +  751.9s rss  375.8 MB]   hgbr@L3 fold 1: tau=-1500.0 kept_te=1.000 118.9s
[15:50:20 +  904.9s rss  375.8 MB]   hgbr@L3 fold 2: tau=-1500.0 kept_te=1.000 153.0s
[15:52:23 + 1027.9s rss  375.8 MB]   hgbr@L3 fold 3: tau=-1500.0 kept_te=1.000 123.0s
